Component: ARM Compiler 5.06 update 5 (build 528) Tool: armlink [4d35e2]

==============================================================================

Section Cross References

    startup_stm32f103xb.o(RESET) refers to startup_stm32f103xb.o(STACK) for __initial_sp
    startup_stm32f103xb.o(RESET) refers to startup_stm32f103xb.o(.text) for Reset_Handler
    startup_stm32f103xb.o(RESET) refers to stm32f1xx_it.o(i.NMI_Handler) for NMI_Handler
    startup_stm32f103xb.o(RESET) refers to stm32f1xx_it.o(i.HardFault_Handler) for HardFault_Handler
    startup_stm32f103xb.o(RESET) refers to stm32f1xx_it.o(i.MemManage_Handler) for MemManage_Handler
    startup_stm32f103xb.o(RESET) refers to stm32f1xx_it.o(i.BusFault_Handler) for BusFault_Handler
    startup_stm32f103xb.o(RESET) refers to stm32f1xx_it.o(i.UsageFault_Handler) for UsageFault_Handler
    startup_stm32f103xb.o(RESET) refers to stm32f1xx_it.o(i.SVC_Handler) for SVC_Handler
    startup_stm32f103xb.o(RESET) refers to stm32f1xx_it.o(i.DebugMon_Handler) for DebugMon_Handler
    startup_stm32f103xb.o(RESET) refers to stm32f1xx_it.o(i.PendSV_Handler) for PendSV_Handler
    startup_stm32f103xb.o(RESET) refers to stm32f1xx_it.o(i.SysTick_Handler) for SysTick_Handler
    startup_stm32f103xb.o(RESET) refers to stm32f1xx_it.o(i.DMA1_Channel3_IRQHandler) for DMA1_Channel3_IRQHandler
    startup_stm32f103xb.o(RESET) refers to stm32f1xx_it.o(i.DMA1_Channel5_IRQHandler) for DMA1_Channel5_IRQHandler
    startup_stm32f103xb.o(RESET) refers to stm32f1xx_it.o(i.EXTI9_5_IRQHandler) for EXTI9_5_IRQHandler
    startup_stm32f103xb.o(RESET) refers to stm32f1xx_it.o(i.TIM1_UP_IRQHandler) for TIM1_UP_IRQHandler
    startup_stm32f103xb.o(RESET) refers to porttimer.o(i.TIM3_IRQHandler) for TIM3_IRQHandler
    startup_stm32f103xb.o(RESET) refers to stm32f1xx_it.o(i.TIM4_IRQHandler) for TIM4_IRQHandler
    startup_stm32f103xb.o(RESET) refers to stm32f1xx_it.o(i.USART1_IRQHandler) for USART1_IRQHandler
    startup_stm32f103xb.o(RESET) refers to portserial.o(i.USART2_IRQHandler) for USART2_IRQHandler
    startup_stm32f103xb.o(RESET) refers to stm32f1xx_it.o(i.USART3_IRQHandler) for USART3_IRQHandler
    startup_stm32f103xb.o(RESET) refers to stm32f1xx_it.o(i.EXTI15_10_IRQHandler) for EXTI15_10_IRQHandler
    startup_stm32f103xb.o(.text) refers to system_stm32f1xx.o(i.SystemInit) for SystemInit
    startup_stm32f103xb.o(.text) refers to entry.o(.ARM.Collect$$$$00000000) for __main
    aht20.o(i.AHT20_DeInit) refers to stm32f1xx_hal_i2c.o(i.HAL_I2C_Master_Transmit) for HAL_I2C_Master_Transmit
    aht20.o(i.AHT20_DeInit) refers to i2c.o(.bss) for hi2c1
    aht20.o(i.AHT20_Init) refers to stm32f1xx_hal.o(i.HAL_Delay) for HAL_Delay
    aht20.o(i.AHT20_Init) refers to stm32f1xx_hal_i2c.o(i.HAL_I2C_Master_Transmit) for HAL_I2C_Master_Transmit
    aht20.o(i.AHT20_Init) refers to aht20.o(i.AHT20_Read_Status) for AHT20_Read_Status
    aht20.o(i.AHT20_Init) refers to aht20.o(i.AHT20_DeInit) for AHT20_DeInit
    aht20.o(i.AHT20_Init) refers to i2c.o(.bss) for hi2c1
    aht20.o(i.AHT20_Read) refers to aht20.o(i.AHT20_ReadData) for AHT20_ReadData
    aht20.o(i.AHT20_Read) refers to fmul.o(.text) for __aeabi_fmul
    aht20.o(i.AHT20_Read) refers to ffixui.o(.text) for __aeabi_f2uiz
    aht20.o(i.AHT20_Read) refers to aht20.o(.data) for .data
    aht20.o(i.AHT20_Read) refers to port.o(.bss) for REG_HOLD_BUF
    aht20.o(i.AHT20_ReadData) refers to stm32f1xx_hal_i2c.o(i.HAL_I2C_Master_Transmit) for HAL_I2C_Master_Transmit
    aht20.o(i.AHT20_ReadData) refers to stm32f1xx_hal.o(i.HAL_Delay) for HAL_Delay
    aht20.o(i.AHT20_ReadData) refers to aht20.o(i.AHT20_Read_Status) for AHT20_Read_Status
    aht20.o(i.AHT20_ReadData) refers to stm32f1xx_hal_i2c.o(i.HAL_I2C_Master_Receive) for HAL_I2C_Master_Receive
    aht20.o(i.AHT20_ReadData) refers to dfltui.o(.text) for __aeabi_ui2d
    aht20.o(i.AHT20_ReadData) refers to dmul.o(.text) for __aeabi_dmul
    aht20.o(i.AHT20_ReadData) refers to dscalb.o(.text) for __ARM_scalbn
    aht20.o(i.AHT20_ReadData) refers to d2f.o(.text) for __aeabi_d2f
    aht20.o(i.AHT20_ReadData) refers to dadd.o(.text) for __aeabi_dsub
    aht20.o(i.AHT20_ReadData) refers to i2c.o(.bss) for hi2c1
    aht20.o(i.AHT20_ReadData) refers to aht20.o(.data) for .data
    aht20.o(i.AHT20_Read_Status) refers to stm32f1xx_hal_i2c.o(i.HAL_I2C_Master_Receive) for HAL_I2C_Master_Receive
    aht20.o(i.AHT20_Read_Status) refers to i2c.o(.bss) for hi2c1
    aht20.o(i.AHT20_Test) refers to aht20.o(i.AHT20_ReadData) for AHT20_ReadData
    aht20.o(i.AHT20_Test) refers to f2d.o(.text) for __aeabi_f2d
    aht20.o(i.AHT20_Test) refers to printfa.o(i.__0printf) for __2printf
    aht20.o(i.AHT20_Test) refers to printfa.o(i.__0sprintf) for __2sprintf
    aht20.o(i.AHT20_Test) refers to oled.o(i.OLED_ShowStr) for OLED_ShowStr
    aht20.o(i.AHT20_Test) refers to stm32f1xx_hal.o(i.HAL_Delay) for HAL_Delay
    aht20.o(i.AHT20_Test) refers to aht20.o(.data) for .data
[...]
    _printf_charcount                        0x00000000   Number         0  stubs.o ABSOLUTE
    _printf_d                                0x00000000   Number         0  stubs.o ABSOLUTE
    _printf_e                                0x00000000   Number         0  stubs.o ABSOLUTE
    _printf_f                                0x00000000   Number         0  stubs.o ABSOLUTE
    _printf_flags                            0x00000000   Number         0  stubs.o ABSOLUTE
    _printf_fp_dec                           0x00000000   Number         0  stubs.o ABSOLUTE
    _printf_fp_hex                           0x00000000   Number         0  stubs.o ABSOLUTE
    _printf_g                                0x00000000   Number         0  stubs.o ABSOLUTE
    _printf_i                                0x00000000   Number         0  stubs.o ABSOLUTE
    _printf_int_dec                          0x00000000   Number         0  stubs.o ABSOLUTE
    _printf_l                                0x00000000   Number         0  stubs.o ABSOLUTE
    _printf_lc                               0x00000000   Number         0  stubs.o ABSOLUTE
    _printf_ll                               0x00000000   Number         0  stubs.o ABSOLUTE
    _printf_lld                              0x00000000   Number         0  stubs.o ABSOLUTE
    _printf_lli                              0x00000000   Number         0  stubs.o ABSOLUTE
    _printf_llo                              0x00000000   Number         0  stubs.o ABSOLUTE
    _printf_llu                              0x00000000   Number         0  stubs.o ABSOLUTE
    _printf_llx                              0x00000000   Number         0  stubs.o ABSOLUTE
    _printf_longlong_dec                     0x00000000   Number         0  stubs.o ABSOLUTE
    _printf_longlong_hex                     0x00000000   Number         0  stubs.o ABSOLUTE
    _printf_longlong_oct                     0x00000000   Number         0  stubs.o ABSOLUTE
    _printf_ls                               0x00000000   Number         0  stubs.o ABSOLUTE
    _printf_mbtowc                           0x00000000   Number         0  stubs.o ABSOLUTE
    _printf_n                                0x00000000   Number         0  stubs.o ABSOLUTE
    _printf_o                                0x00000000   Number         0  stubs.o ABSOLUTE
    _printf_p                                0x00000000   Number         0  stubs.o ABSOLUTE
    _printf_percent                          0x00000000   Number         0  stubs.o ABSOLUTE
    _printf_pre_padding                      0x00000000   Number         0  stubs.o ABSOLUTE
    _printf_return_value                     0x00000000   Number         0  stubs.o ABSOLUTE
    _printf_s                                0x00000000   Number         0  stubs.o ABSOLUTE
    _printf_sizespec                         0x00000000   Number         0  stubs.o ABSOLUTE
    _printf_str                              0x00000000   Number         0  stubs.o ABSOLUTE
    _printf_truncate_signed                  0x00000000   Number         0  stubs.o ABSOLUTE
    _printf_truncate_unsigned                0x00000000   Number         0  stubs.o ABSOLUTE
    _printf_u                                0x00000000   Number         0  stubs.o ABSOLUTE
    _printf_wc                               0x00000000   Number         0  stubs.o ABSOLUTE
    _printf_wctomb                           0x00000000   Number         0  stubs.o ABSOLUTE
    _printf_widthprec                        0x00000000   Number         0  stubs.o ABSOLUTE
    _printf_x                                0x00000000   Number         0  stubs.o ABSOLUTE
    __cpp_initialize__aeabi_                  - Undefined Weak Reference
    __cxa_finalize                            - Undefined Weak Reference
    _clock_init                               - Undefined Weak Reference
    _microlib_exit                            - Undefined Weak Reference
    _scanf_int                                - Undefined Weak Reference
    _scanf_longlong                           - Undefined Weak Reference
    _scanf_string                             - Undefined Weak Reference
    __Vectors_Size                           0x000000ec   Number         0  startup_stm32f103xb.o ABSOLUTE
    __Vectors                                0x08000000   Data           4  startup_stm32f103xb.o(RESET)
    __Vectors_End                            0x080000ec   Data           0  startup_stm32f103xb.o(RESET)
    __main                                   0x080000ed   Thumb Code     0  entry.o(.ARM.Collect$$$$00000000)
    _main_stk                                0x080000ed   Thumb Code     0  entry2.o(.ARM.Collect$$$$00000001)
    _main_scatterload                        0x080000f1   Thumb Code     0  entry5.o(.ARM.Collect$$$$00000004)
    __main_after_scatterload                 0x080000f5   Thumb Code     0  entry5.o(.ARM.Collect$$$$00000004)
    _main_clock                              0x080000f5   Thumb Code     0  entry7b.o(.ARM.Collect$$$$00000008)
    _main_cpp_init                           0x080000f5   Thumb Code     0  entry8b.o(.ARM.Collect$$$$0000000A)
    _main_init                               0x080000f5   Thumb Code     0  entry9a.o(.ARM.Collect$$$$0000000B)
    __rt_final_cpp                           0x080000fd   Thumb Code     0  entry10a.o(.ARM.Collect$$$$0000000D)
    __rt_final_exit                          0x080000fd   Thumb Code     0  entry11a.o(.ARM.Collect$$$$0000000F)
    Reset_Handler                            0x08000101   Thumb Code     8  startup_stm32f103xb.o(.text)
    ADC1_2_IRQHandler                        0x0800011b   Thumb Code     0  startup_stm32f103xb.o(.text)
    CAN1_RX1_IRQHandler                      0x0800011b   Thumb Code     0  startup_stm32f103xb.o(.text)
    CAN1_SCE_IRQHandler                      0x0800011b   Thumb Code     0  startup_stm32f103xb.o(.text)
    DMA1_Channel1_IRQHandler                 0x0800011b   Thumb Code     0  startup_stm32f103xb.o(.text)
    DMA1_Channel2_IRQHandler                 0x0800011b   Thumb Code     0  startup_stm32f103xb.o(.text)
    DMA1_Channel4_IRQHandler                 0x0800011b   Thumb Code     0  startup_stm32f103xb.o(.text)
    DMA1_Channel6_IRQHandler                 0x0800011b   Thumb Code     0  startup_stm32f103xb.o(.text)
    DMA1_Channel7_IRQHandler                 0x0800011b   Thumb Code     0  startup_stm32f103xb.o(.text)
    EXTI0_IRQHandler                         0x0800011b   Thumb Code     0  startup_stm32f103xb.o(.text)
    EXTI1_IRQHandler                         0x0800011b   Thumb Code     0  startup_stm32f103xb.o(.text)
    EXTI2_IRQHandler                         0x0800011b   Thumb Code     0  startup_stm32f103xb.o(.text)
    EXTI3_IRQHandler                         0x0800011b   Thumb Code     0  startup_stm32f103xb.o(.text)
    EXTI4_IRQHandler                         0x0800011b   Thumb Code     0  startup_stm32f103xb.o(.text)
    FLASH_IRQHandler                         0x0800011b   Thumb Code     0  startup_stm32f103xb.o(.text)
    I2C1_ER_IRQHandler                       0x0800011b   Thumb Code     0  startup_stm32f103xb.o(.text)
    I2C1_EV_IRQHandler                       0x0800011b   Thumb Code     0  startup_stm32f103xb.o(.text)
    I2C2_ER_IRQHandler                       0x0800011b   Thumb Code     0  startup_stm32f103xb.o(.text)
    I2C2_EV_IRQHandler                       0x0800011b   Thumb Code     0  startup_stm32f103xb.o(.text)
    PVD_IRQHandler                           0x0800011b   Thumb Code     0  startup_stm32f103xb.o(.text)
    RCC_IRQHandler                           0x0800011b   Thumb Code     0  startup_stm32f103xb.o(.text)
    RTC_Alarm_IRQHandler                     0x0800011b   Thumb Code     0  startup_stm32f103xb.o(.text)
    RTC_IRQHandler                           0x0800011b   Thumb Code     0  startup_stm32f103xb.o(.text)
    SPI1_IRQHandler                          0x0800011b   Thumb Code     0  startup_stm32f103xb.o(.text)
    SPI2_IRQHandler                          0x0800011b   Thumb Code     0  startup_stm32f103xb.o(.text)
    TAMPER_IRQHandler                        0x0800011b   Thumb Code     0  startup_stm32f103xb.o(.text)
    TIM1_BRK_IRQHandler                      0x0800011b   Thumb Code     0  startup_stm32f103xb.o(.text)
    TIM1_CC_IRQHandler                       0x0800011b   Thumb Code     0  startup_stm32f103xb.o(.text)
    TIM1_TRG_COM_IRQHandler                  0x0800011b   Thumb Code     0  startup_stm32f103xb.o(.text)
    TIM2_IRQHandler                          0x0800011b   Thumb Code     0  startup_stm32f103xb.o(.text)
    USBWakeUp_IRQHandler                     0x0800011b   Thumb Code     0  startup_stm32f103xb.o(.text)
    USB_HP_CAN1_TX_IRQHandler                0x0800011b   Thumb Code     0  startup_stm32f103xb.o(.text)
    USB_LP_CAN1_RX0_IRQHandler               0x0800011b   Thumb Code     0  startup_stm32f103xb.o(.text)
    WWDG_IRQHandler                          0x0800011b   Thumb Code     0  startup_stm32f103xb.o(.text)
    __aeabi_llsr                             0x08000125   Thumb Code    32  llushr.o(.text)
    _ll_ushift_r                             0x08000125   Thumb Code     0  llushr.o(.text)
    tolower                                  0x08000145   Thumb Code    12  tolower.o(.text)
    mktime                                   0x08000151   Thumb Code   150  mktime.o(.text)
    __aeabi_memcpy                           0x080001f9   Thumb Code    36  memcpya.o(.text)
    __aeabi_memcpy4                          0x080001f9   Thumb Code     0  memcpya.o(.text)
    __aeabi_memcpy8                          0x080001f9   Thumb Code     0  memcpya.o(.text)
    __aeabi_memset                           0x0800021d   Thumb Code    14  memseta.o(.text)
    __aeabi_memset4                          0x0800021d   Thumb Code     0  memseta.o(.text)
    __aeabi_memset8                          0x0800021d   Thumb Code     0  memseta.o(.text)
    __aeabi_memclr                           0x0800022b   Thumb Code     4  memseta.o(.text)
    __aeabi_memclr4                          0x0800022b   Thumb Code     0  memseta.o(.text)
    __aeabi_memclr8                          0x0800022b   Thumb Code     0  memseta.o(.text)
    _memset$wrapper                          0x0800022f   Thumb Code    18  memseta.o(.text)
    strstr                                   0x08000241   Thumb Code    36  strstr.o(.text)
    strlen                                   0x08000265   Thumb Code    14  strlen.o(.text)
    strcmp                                   0x08000273   Thumb Code    28  strcmp.o(.text)
    memcmp                                   0x0800028f   Thumb Code    26  memcmp.o(.text)
    strcpy                                   0x080002a9   Thumb Code    18  strcpy.o(.text)
    strncmp                                  0x080002bb   Thumb Code    30  strncmp.o(.text)
    _scanf_real                              0x08000401   Thumb Code     0  scanf_fp.o(.text)
    _scanf_really_real                       0x08000401   Thumb Code   556  scanf_fp.o(.text)
    __aeabi_fmul                             0x08000639   Thumb Code   100  fmul.o(.text)
    __aeabi_fdiv                             0x0800069d   Thumb Code   124  fdiv.o(.text)
    __aeabi_dadd                             0x08000719   Thumb Code   322  dadd.o(.text)
    __aeabi_dsub                             0x0800085b   Thumb Code     6  dadd.o(.text)
    __aeabi_drsub                            0x08000861   Thumb Code     6  dadd.o(.text)
    __aeabi_dmul                             0x08000867   Thumb Code   228  dmul.o(.text)
    __aeabi_ddiv                             0x0800094b   Thumb Code   222  ddiv.o(.text)
    __ARM_scalbn                             0x08000a29   Thumb Code    46  dscalb.o(.text)
    scalbn                                   0x08000a29   Thumb Code     0  dscalb.o(.text)
    __aeabi_ui2f                             0x08000a57   Thumb Code    10  ffltui.o(.text)
    __aeabi_ui2d                             0x08000a61   Thumb Code    26  dfltui.o(.text)
    __aeabi_f2uiz                            0x08000a7b   Thumb Code    40  ffixui.o(.text)
    __aeabi_d2iz                             0x08000aa3   Thumb Code    62  dfixi.o(.text)
    __aeabi_cdcmpeq                          0x08000ae1   Thumb Code     0  cdcmple.o(.text)
    __aeabi_cdcmple                          0x08000ae1   Thumb Code    48  cdcmple.o(.text)
    __aeabi_cdrcmple                         0x08000b11   Thumb Code    48  cdrcmple.o(.text)
    __aeabi_d2f                              0x08000b41   Thumb Code    56  d2f.o(.text)
    __aeabi_uidiv                            0x08000b79   Thumb Code     0  uidiv.o(.text)
    __aeabi_uidivmod                         0x08000b79   Thumb Code    44  uidiv.o(.text)
    __aeabi_uldivmod                         0x08000ba5   Thumb Code    98  uldiv.o(.text)
    __aeabi_llsl                             0x08000c07   Thumb Code    30  llshl.o(.text)
    _ll_shift_l                              0x08000c07   Thumb Code     0  llshl.o(.text)
    __aeabi_lasr                             0x08000c25   Thumb Code    36  llsshr.o(.text)
    _ll_sshift_r                             0x08000c25   Thumb Code     0  llsshr.o(.text)
    _localtime                               0x08000c49   Thumb Code   134  localtime_i.o(.text)
    _sgetc                                   0x08000cd5   Thumb Code    30  _sgetc.o(.text)
    _sbackspace                              0x08000cf3   Thumb Code    34  _sgetc.o(.text)
    __strtod_int                             0x08000d4b   Thumb Code    90  strtod.o(.text)
    __I$use$fp                               0x08000db1   Thumb Code     0  iusefp.o(.text)
    _float_round                             0x08000db1   Thumb Code    18  fepilogue.o(.text)
    _float_epilogue                          0x08000dc3   Thumb Code    92  fepilogue.o(.text)
    _double_round                            0x08000e1f   Thumb Code    30  depilogue.o(.text)
    _double_epilogue                         0x08000e3d   Thumb Code   156  depilogue.o(.text)
    __aeabi_ul2d                             0x08000ed9   Thumb Code    24  dfltul.o(.text)
    __aeabi_d2ulz                            0x08000ef1   Thumb Code    48  dfixul.o(.text)
    __scatterload                            0x08000f21   Thumb Code    28  init.o(.text)
    __scatterload_rt2                        0x08000f21   Thumb Code     0  init.o(.text)
    isspace                                  0x08000f45   Thumb Code    10  isspace_c.o(.text)
    __ctype_lookup                           0x08000f51   Thumb Code    34  ctype_c.o(.text)
    __decompress                             0x08000f79   Thumb Code     0  __dczerorl2.o(.text)
    __decompress1                            0x08000f79   Thumb Code    86  __dczerorl2.o(.text)
    ADC_ConversionStop_Disable               0x08000fd1   Thumb Code    86  stm32f1xx_hal_adc.o(i.ADC_ConversionStop_Disable)
    ADC_Enable                               0x08001029   Thumb Code   114  stm32f1xx_hal_adc.o(i.ADC_Enable)
    ADC_VR_CPU_Read                          0x080010a5   Thumb Code   254  adc.o(i.ADC_VR_CPU_Read)
    AHT20_DeInit                             0x080011cd   Thumb Code    40  aht20.o(i.AHT20_DeInit)
    AHT20_Init                               0x080011f9   Thumb Code    58  aht20.o(i.AHT20_Init)
    AHT20_Read                               0x08001239   Thumb Code    42  aht20.o(i.AHT20_Read)
    AHT20_ReadData                           0x08001271   Thumb Code   232  aht20.o(i.AHT20_ReadData)
    AHT20_Read_Status                        0x0800136d   Thumb Code    26  aht20.o(i.AHT20_Read_Status)
    BEEP_Control                             0x0800138d   Thumb Code    28  gpio.o(i.BEEP_Control)
    BusFault_Handler                         0x080013ad   Thumb Code     2  stm32f1xx_it.o(i.BusFault_Handler)
    DMA1_Channel3_IRQHandler                 0x080013b1   Thumb Code     6  stm32f1xx_it.o(i.DMA1_Channel3_IRQHandler)
    DMA1_Channel5_IRQHandler                 0x080013bd   Thumb Code     6  stm32f1xx_it.o(i.DMA1_Channel5_IRQHandler)
    DebugMon_Handler                         0x080013f3   Thumb Code     2  stm32f1xx_it.o(i.DebugMon_Handler)
    Dequeue                                  0x080013f5   Thumb Code    48  fifo.o(i.Dequeue)
    EXTI15_10_IRQHandler                     0x08001425   Thumb Code    38  stm32f1xx_it.o(i.EXTI15_10_IRQHandler)
    EXTI9_5_IRQHandler                       0x0800144b   Thumb Code    20  stm32f1xx_it.o(i.EXTI9_5_IRQHandler)
    Enqueue                                  0x08001461   Thumb Code    52  fifo.o(i.Enqueue)
    Enqueue_Bytes                            0x080014a5   Thumb Code    48  fifo.o(i.Enqueue_Bytes)
    Error_Handler                            0x080014d5   Thumb Code     4  main.o(i.Error_Handler)
    Get_CPUID                                0x080014d9   Thumb Code    28  mqtt.o(i.Get_CPUID)
    HAL_ADCEx_Calibration_Start              0x0800150d   Thumb Code   210  stm32f1xx_hal_adc_ex.o(i.HAL_ADCEx_Calibration_Start)
    HAL_ADC_ConfigChannel                    0x080015e5   Thumb Code   240  stm32f1xx_hal_adc.o(i.HAL_ADC_ConfigChannel)
    HAL_ADC_GetValue                         0x080016e1   Thumb Code     6  stm32f1xx_hal_adc.o(i.HAL_ADC_GetValue)
    HAL_ADC_Init                             0x080016e9   Thumb Code   272  stm32f1xx_hal_adc.o(i.HAL_ADC_Init)
    HAL_ADC_MspInit                          0x08001805   Thumb Code    76  adc.o(i.HAL_ADC_MspInit)
    HAL_ADC_PollForConversion                0x0800185d   Thumb Code   304  stm32f1xx_hal_adc.o(i.HAL_ADC_PollForConversion)
    HAL_ADC_Start                            0x08001999   Thumb Code   184  stm32f1xx_hal_adc.o(i.HAL_ADC_Start)
    HAL_DMA_Abort                            0x08001a59   Thumb Code    70  stm32f1xx_hal_dma.o(i.HAL_DMA_Abort)
    HAL_DMA_Abort_IT                         0x08001aa1   Thumb Code   148  stm32f1xx_hal_dma.o(i.HAL_DMA_Abort_IT)
    HAL_DMA_IRQHandler                       0x08001b39   Thumb Code   316  stm32f1xx_hal_dma.o(i.HAL_DMA_IRQHandler)
    HAL_DMA_Init                             0x08001c8d   Thumb Code    84  stm32f1xx_hal_dma.o(i.HAL_DMA_Init)
    HAL_DMA_Start_IT                         0x08001ce9   Thumb Code   112  stm32f1xx_hal_dma.o(i.HAL_DMA_Start_IT)
    HAL_Delay                                0x08001d59   Thumb Code    32  stm32f1xx_hal.o(i.HAL_Delay)
    HAL_GPIO_EXTI_Callback                   0x08001d7d   Thumb Code   156  stm32f1xx_it.o(i.HAL_GPIO_EXTI_Callback)
    HAL_GPIO_EXTI_IRQHandler                 0x08001e9d   Thumb Code    18  stm32f1xx_hal_gpio.o(i.HAL_GPIO_EXTI_IRQHandler)
    HAL_GPIO_Init                            0x08001eb5   Thumb Code   446  stm32f1xx_hal_gpio.o(i.HAL_GPIO_Init)
    HAL_GPIO_WritePin                        0x08002095   Thumb Code    10  stm32f1xx_hal_gpio.o(i.HAL_GPIO_WritePin)
    HAL_GetTick                              0x080020a1   Thumb Code     6  stm32f1xx_hal.o(i.HAL_GetTick)
    HAL_I2C_Init                             0x080020ad   Thumb Code   376  stm32f1xx_hal_i2c.o(i.HAL_I2C_Init)
    HAL_I2C_Master_Receive                   0x08002235   Thumb Code   576  stm32f1xx_hal_i2c.o(i.HAL_I2C_Master_Receive)
    HAL_I2C_Master_Transmit                  0x08002485   Thumb Code   290  stm32f1xx_hal_i2c.o(i.HAL_I2C_Master_Transmit)
    HAL_I2C_Mem_Read                         0x080025b1   Thumb Code   586  stm32f1xx_hal_i2c.o(i.HAL_I2C_Mem_Read)
    HAL_I2C_Mem_Write                        0x0800280d   Thumb Code   294  stm32f1xx_hal_i2c.o(i.HAL_I2C_Mem_Write)
    HAL_I2C_MspInit                          0x0800293d   Thumb Code    80  i2c.o(i.HAL_I2C_MspInit)
    HAL_IncTick                              0x08002999   Thumb Code    12  stm32f1xx_hal.o(i.HAL_IncTick)
    HAL_Init                                 0x080029a9   Thumb Code    32  stm32f1xx_hal.o(i.HAL_Init)
    HAL_InitTick                             0x080029cd   Thumb Code    54  stm32f1xx_hal.o(i.HAL_InitTick)
    HAL_MspInit                              0x08002a0d   Thumb Code    52  stm32f1xx_hal_msp.o(i.HAL_MspInit)
    HAL_NVIC_EnableIRQ                       0x08002a49   Thumb Code    26  stm32f1xx_hal_cortex.o(i.HAL_NVIC_EnableIRQ)
    HAL_NVIC_SetPriority                     0x08002a65   Thumb Code    60  stm32f1xx_hal_cortex.o(i.HAL_NVIC_SetPriority)
    HAL_NVIC_SetPriorityGrouping             0x08002aa5   Thumb Code    26  stm32f1xx_hal_cortex.o(i.HAL_NVIC_SetPriorityGrouping)
    HAL_PWR_EnableBkUpAccess                 0x08002ac9   Thumb Code     8  stm32f1xx_hal_pwr.o(i.HAL_PWR_EnableBkUpAccess)
    HAL_RCCEx_GetPeriphCLKFreq               0x08002ad5   Thumb Code   148  stm32f1xx_hal_rcc_ex.o(i.HAL_RCCEx_GetPeriphCLKFreq)
    HAL_RCCEx_PeriphCLKConfig                0x08002b79   Thumb Code   224  stm32f1xx_hal_rcc_ex.o(i.HAL_RCCEx_PeriphCLKConfig)
    HAL_RCC_ClockConfig                      0x08002c65   Thumb Code   280  stm32f1xx_hal_rcc.o(i.HAL_RCC_ClockConfig)
    HAL_RCC_GetPCLK1Freq                     0x08002d91   Thumb Code    20  stm32f1xx_hal_rcc.o(i.HAL_RCC_GetPCLK1Freq)
    HAL_RCC_GetPCLK2Freq                     0x08002db1   Thumb Code    20  stm32f1xx_hal_rcc.o(i.HAL_RCC_GetPCLK2Freq)
    HAL_RCC_GetSysClockFreq                  0x08002dd1   Thumb Code    58  stm32f1xx_hal_rcc.o(i.HAL_RCC_GetSysClockFreq)
    HAL_RCC_OscConfig                        0x08002e1d   Thumb Code   778  stm32f1xx_hal_rcc.o(i.HAL_RCC_OscConfig)
    HAL_RTCEx_BKUPRead                       0x0800313d   Thumb Code    10  stm32f1xx_hal_rtc_ex.o(i.HAL_RTCEx_BKUPRead)
    HAL_RTCEx_BKUPWrite                      0x0800314d   Thumb Code    12  stm32f1xx_hal_rtc_ex.o(i.HAL_RTCEx_BKUPWrite)
    HAL_RTC_Init                             0x0800315d   Thumb Code   144  stm32f1xx_hal_rtc.o(i.HAL_RTC_Init)
    HAL_RTC_MspInit                          0x080031f1   Thumb Code    40  rtc.o(i.HAL_RTC_MspInit)
    HAL_RTC_SetDate                          0x08003225   Thumb Code   192  stm32f1xx_hal_rtc.o(i.HAL_RTC_SetDate)
    HAL_RTC_SetTime                          0x080032e9   Thumb Code   168  stm32f1xx_hal_rtc.o(i.HAL_RTC_SetTime)
    HAL_RTC_WaitForSynchro                   0x08003395   Thumb Code    58  stm32f1xx_hal_rtc.o(i.HAL_RTC_WaitForSynchro)
    HAL_SYSTICK_Config                       0x080033cf   Thumb Code    40  stm32f1xx_hal_cortex.o(i.HAL_SYSTICK_Config)
    HAL_TIMEx_BreakCallback                  0x080033f7   Thumb Code     2  stm32f1xx_hal_tim_ex.o(i.HAL_TIMEx_BreakCallback)
    HAL_TIMEx_CommutCallback                 0x080033f9   Thumb Code     2  stm32f1xx_hal_tim_ex.o(i.HAL_TIMEx_CommutCallback)
    HAL_TIMEx_MasterConfigSynchronization    0x080033fd   Thumb Code    92  stm32f1xx_hal_tim_ex.o(i.HAL_TIMEx_MasterConfigSynchronization)
    HAL_TIM_Base_Init                        0x08003465   Thumb Code    90  stm32f1xx_hal_tim.o(i.HAL_TIM_Base_Init)
    HAL_TIM_Base_MspInit                     0x080034c1   Thumb Code   122  tim.o(i.HAL_TIM_Base_MspInit)
    HAL_TIM_Base_Start_IT                    0x0800354d   Thumb Code    76  stm32f1xx_hal_tim.o(i.HAL_TIM_Base_Start_IT)
    HAL_TIM_Base_Stop                        0x080035a5   Thumb Code    38  stm32f1xx_hal_tim.o(i.HAL_TIM_Base_Stop)
    HAL_TIM_ConfigClockSource                0x080035cb   Thumb Code   220  stm32f1xx_hal_tim.o(i.HAL_TIM_ConfigClockSource)
    HAL_TIM_IC_CaptureCallback               0x080036a7   Thumb Code     2  stm32f1xx_hal_tim.o(i.HAL_TIM_IC_CaptureCallback)
    HAL_TIM_IRQHandler                       0x080036a9   Thumb Code   304  stm32f1xx_hal_tim.o(i.HAL_TIM_IRQHandler)
    HAL_TIM_OC_DelayElapsedCallback          0x080037d9   Thumb Code     2  stm32f1xx_hal_tim.o(i.HAL_TIM_OC_DelayElapsedCallback)
    HAL_TIM_PWM_PulseFinishedCallback        0x080037db   Thumb Code     2  stm32f1xx_hal_tim.o(i.HAL_TIM_PWM_PulseFinishedCallback)
    HAL_TIM_PeriodElapsedCallback            0x080037dd   Thumb Code    62  stm32f1xx_it.o(i.HAL_TIM_PeriodElapsedCallback)
    HAL_TIM_TriggerCallback                  0x0800383d   Thumb Code     2  stm32f1xx_hal_tim.o(i.HAL_TIM_TriggerCallback)
    HAL_UARTEx_RxEventCallback               0x0800383f   Thumb Code     2  stm32f1xx_hal_uart.o(i.HAL_UARTEx_RxEventCallback)
    HAL_UART_DMAStop                         0x08003841   Thumb Code   112  stm32f1xx_hal_uart.o(i.HAL_UART_DMAStop)
    HAL_UART_ErrorCallback                   0x080038b1   Thumb Code     2  stm32f1xx_hal_uart.o(i.HAL_UART_ErrorCallback)
    HAL_UART_IRQHandler                      0x080038b5   Thumb Code   616  stm32f1xx_hal_uart.o(i.HAL_UART_IRQHandler)
    HAL_UART_Init                            0x08003b21   Thumb Code   100  stm32f1xx_hal_uart.o(i.HAL_UART_Init)
    HAL_UART_MspInit                         0x08003b85   Thumb Code   386  usart.o(i.HAL_UART_MspInit)
    HAL_UART_Receive_DMA                     0x08003d29   Thumb Code    28  stm32f1xx_hal_uart.o(i.HAL_UART_Receive_DMA)
    HAL_UART_RxCpltCallback                  0x08003d45   Thumb Code    72  stm32f1xx_it.o(i.HAL_UART_RxCpltCallback)
    HAL_UART_RxHalfCpltCallback              0x08003db9   Thumb Code    90  stm32f1xx_it.o(i.HAL_UART_RxHalfCpltCallback)
    HAL_UART_Transmit                        0x08003e41   Thumb Code   160  stm32f1xx_hal_uart.o(i.HAL_UART_Transmit)
    HAL_UART_TxCpltCallback                  0x08003ee1   Thumb Code     2  stm32f1xx_hal_uart.o(i.HAL_UART_TxCpltCallback)
    HardFault_Handler                        0x08003ee3   Thumb Code     2  stm32f1xx_it.o(i.HardFault_Handler)
    INA226_Init                              0x080044ad   Thumb Code    72  ina226.o(i.INA226_Init)
    INA226_Read                              0x080044f9   Thumb Code   102  ina226.o(i.INA226_Read)
    INA226_Read_Bus_Voltage                  0x08004579   Thumb Code    46  ina226.o(i.INA226_Read_Bus_Voltage)
    INA226_Read_Current                      0x080045b1   Thumb Code    46  ina226.o(i.INA226_Read_Current)
    INA226_Read_Pow                          0x080045e9   Thumb Code    46  ina226.o(i.INA226_Read_Pow)
    LED_Control                              0x08004621   Thumb Code    42  gpio.o(i.LED_Control)
    ML307_Connect_MQTTServer                 0x08004651   Thumb Code   436  mqtt.o(i.ML307_Connect_MQTTServer)
    MQTT_Connect_Server                      0x08004955   Thumb Code    24  mqtt.o(i.MQTT_Connect_Server)
    MQTT_Parse_JsonData                      0x08004991   Thumb Code   162  mqtt.o(i.MQTT_Parse_JsonData)
    MQTT_SendData                            0x08004a69   Thumb Code    90  mqtt.o(i.MQTT_SendData)
    MX_ADC1_Init                             0x08004b11   Thumb Code    74  adc.o(i.MX_ADC1_Init)
    MX_DMA_Init                              0x08004b65   Thumb Code    56  dma.o(i.MX_DMA_Init)
    MX_GPIO_Init                             0x08004ba1   Thumb Code   252  gpio.o(i.MX_GPIO_Init)
    MX_I2C1_Init                             0x08004cb1   Thumb Code    50  i2c.o(i.MX_I2C1_Init)
    MX_RTC_Init                              0x08004cf1   Thumb Code   170  rtc.o(i.MX_RTC_Init)
    MX_TIM1_Init                             0x08004da5   Thumb Code   100  tim.o(i.MX_TIM1_Init)
    MX_TIM3_Init                             0x08004e11   Thumb Code    94  tim.o(i.MX_TIM3_Init)
    MX_TIM4_Init                             0x08004e79   Thumb Code    94  tim.o(i.MX_TIM4_Init)
    MX_USART1_UART_Init                      0x08004ee1   Thumb Code    48  usart.o(i.MX_USART1_UART_Init)
    MX_USART2_UART_Init                      0x08004f19   Thumb Code    48  usart.o(i.MX_USART2_UART_Init)
    MX_USART3_UART_Init                      0x08004f51   Thumb Code    48  usart.o(i.MX_USART3_UART_Init)
    MemManage_Handler                        0x08004f89   Thumb Code     2  stm32f1xx_it.o(i.MemManage_Handler)
    Modbus_Init                              0x08004f8d   Thumb Code    46  modbus.o(i.Modbus_Init)
    Modbus_Parse                             0x08004fd5   Thumb Code   132  modbus.o(i.Modbus_Parse)
    NMI_Handler                              0x08005061   Thumb Code     2  stm32f1xx_it.o(i.NMI_Handler)
    OLED_CLS                                 0x08005063   Thumb Code     6  oled.o(i.OLED_CLS)
    OLED_Fill                                0x08005069   Thumb Code    56  oled.o(i.OLED_Fill)
    OLED_Init                                0x080050a1   Thumb Code   180  oled.o(i.OLED_Init)
    OLED_SetPos                              0x08005155   Thumb Code    38  oled.o(i.OLED_SetPos)
    OLED_ShowStr                             0x0800517d   Thumb Code   208  oled.o(i.OLED_ShowStr)
    PendSV_Handler                           0x08005255   Thumb Code     2  stm32f1xx_it.o(i.PendSV_Handler)
    Queue_IsEmpty                            0x08005257   Thumb Code    16  fifo.o(i.Queue_IsEmpty)
    Queue_IsFull                             0x08005267   Thumb Code    34  fifo.o(i.Queue_IsFull)
    RELAY_Control                            0x08005289   Thumb Code    26  gpio.o(i.RELAY_Control)
    Read_SlaveAddress                        0x0800546d   Thumb Code    42  modbus.o(i.Read_SlaveAddress)
    SVC_Handler                              0x0800549d   Thumb Code     2  stm32f1xx_it.o(i.SVC_Handler)
    SysTick_Handler                          0x0800549f   Thumb Code     4  stm32f1xx_it.o(i.SysTick_Handler)
    SystemClock_Config                       0x080054a3   Thumb Code   134  main.o(i.SystemClock_Config)
    SystemInit                               0x08005529   Thumb Code     2  system_stm32f1xx.o(i.SystemInit)
    TIM1_UP_IRQHandler                       0x0800552d   Thumb Code     6  stm32f1xx_it.o(i.TIM1_UP_IRQHandler)
    TIM3_IRQHandler                          0x08005539   Thumb Code    24  porttimer.o(i.TIM3_IRQHandler)
    TIM4_IRQHandler                          0x08005559   Thumb Code     6  stm32f1xx_it.o(i.TIM4_IRQHandler)
    TIM_Base_SetConfig                       0x08005565   Thumb Code   108  stm32f1xx_hal_tim.o(i.TIM_Base_SetConfig)
    TIM_ETR_SetConfig                        0x080055dd   Thumb Code    20  stm32f1xx_hal_tim.o(i.TIM_ETR_SetConfig)
    Test_WIFI4G_CMD_Status                   0x08005649   Thumb Code    30  wifi4g.o(i.Test_WIFI4G_CMD_Status)
    UART_Start_Receive_DMA                   0x08005951   Thumb Code   130  stm32f1xx_hal_uart.o(i.UART_Start_Receive_DMA)
    USART1_IRQHandler                        0x08005a55   Thumb Code    18  stm32f1xx_it.o(i.USART1_IRQHandler)
    USART2_IRQHandler                        0x08005a6d   Thumb Code    56  portserial.o(i.USART2_IRQHandler)
    USART3_IRQHandler                        0x08005ab1   Thumb Code    18  stm32f1xx_it.o(i.USART3_IRQHandler)
    USER_UART_IRQHandler                     0x08005ac9   Thumb Code   248  stm32f1xx_it.o(i.USER_UART_IRQHandler)
    UsageFault_Handler                       0x08005bf9   Thumb Code     2  stm32f1xx_it.o(i.UsageFault_Handler)
    WIFI4G_Parse_Queue                       0x08005bfd   Thumb Code   122  wifi4g.o(i.WIFI4G_Parse_Queue)
    WriteCmd                                 0x08005c9d   Thumb Code    32  oled.o(i.WriteCmd)
    WriteDat                                 0x08005cc1   Thumb Code    32  oled.o(i.WriteDat)
    Write_SlaveAddress                       0x08005ce5   Thumb Code    34  modbus.o(i.Write_SlaveAddress)
    __0printf                                0x08005d0d   Thumb Code    22  printfa.o(i.__0printf)
    __1printf                                0x08005d0d   Thumb Code     0  printfa.o(i.__0printf)
    __2printf                                0x08005d0d   Thumb Code     0  printfa.o(i.__0printf)
    __c89printf                              0x08005d0d   Thumb Code     0  printfa.o(i.__0printf)
    printf                                   0x08005d0d   Thumb Code     0  printfa.o(i.__0printf)
    __0sprintf                               0x08005d2d   Thumb Code    34  printfa.o(i.__0sprintf)
    __1sprintf                               0x08005d2d   Thumb Code     0  printfa.o(i.__0sprintf)
    __2sprintf                               0x08005d2d   Thumb Code     0  printfa.o(i.__0sprintf)
    __c89sprintf                             0x08005d2d   Thumb Code     0  printfa.o(i.__0sprintf)
    sprintf                                  0x08005d2d   Thumb Code     0  printfa.o(i.__0sprintf)
    free                                     0x08005d75   Thumb Code    88  mallocr.o(i.__free$realloc)
    malloc                                   0x08005dd1   Thumb Code    64  mallocr.o(i.__malloc$realloc)
    __scatterload_copy                       0x08005e21   Thumb Code    14  handlers.o(i.__scatterload_copy)
    __scatterload_null                       0x08005e2f   Thumb Code     2  handlers.o(i.__scatterload_null)
    __scatterload_zeroinit                   0x08005e31   Thumb Code    14  handlers.o(i.__scatterload_zeroinit)
    _is_digit                                0x08005fc5   Thumb Code    14  scanf_fp.o(i._is_digit)
    cJSON_Delete                             0x0800673d   Thumb Code    76  cjson.o(i.cJSON_Delete)
    cJSON_GetObjectItem                      0x0800678d   Thumb Code     6  cjson.o(i.cJSON_GetObjectItem)
    cJSON_Parse                              0x080067a9   Thumb Code     8  cjson.o(i.cJSON_Parse)
    cJSON_ParseWithLengthOpts                0x080067b1   Thumb Code   210  cjson.o(i.cJSON_ParseWithLengthOpts)
    cJSON_ParseWithOpts                      0x0800688d   Thumb Code    34  cjson.o(i.cJSON_ParseWithOpts)
    eMBASCIIInit                             0x080068b1   Thumb Code    44  mbascii.o(i.eMBASCIIInit)
    eMBASCIIReceive                          0x080068e1   Thumb Code    68  mbascii.o(i.eMBASCIIReceive)
    eMBASCIISend                             0x08006929   Thumb Code    68  mbascii.o(i.eMBASCIISend)
    eMBASCIIStart                            0x08006971   Thumb Code    24  mbascii.o(i.eMBASCIIStart)
    eMBASCIIStop                             0x0800698d   Thumb Code    18  mbascii.o(i.eMBASCIIStop)
    eMBClose                                 0x080069a1   Thumb Code    28  mb.o(i.eMBClose)
    eMBDisable                               0x080069c1   Thumb Code    28  mb.o(i.eMBDisable)
    eMBEnable                                0x080069e1   Thumb Code    28  mb.o(i.eMBEnable)
    eMBFuncReadCoils                         0x08006a01   Thumb Code   114  mbfunccoils.o(i.eMBFuncReadCoils)
    eMBFuncReadDiscreteInputs                0x08006a73   Thumb Code   114  mbfuncdisc.o(i.eMBFuncReadDiscreteInputs)
    eMBFuncReadHoldingRegister               0x08006ae5   Thumb Code    94  mbfuncholding.o(i.eMBFuncReadHoldingRegister)
    eMBFuncReadInputRegister                 0x08006b43   Thumb Code    98  mbfuncinput.o(i.eMBFuncReadInputRegister)
    eMBFuncReadWriteMultipleHoldingRegister  0x08006ba5   Thumb Code   156  mbfuncholding.o(i.eMBFuncReadWriteMultipleHoldingRegister)
    eMBFuncReportSlaveID                     0x08006c41   Thumb Code    26  mbfuncother.o(i.eMBFuncReportSlaveID)
    eMBFuncWriteCoil                         0x08006c65   Thumb Code    86  mbfunccoils.o(i.eMBFuncWriteCoil)
    eMBFuncWriteHoldingRegister              0x08006cbb   Thumb Code    50  mbfuncholding.o(i.eMBFuncWriteHoldingRegister)
    eMBFuncWriteMultipleCoils                0x08006ced   Thumb Code   100  mbfunccoils.o(i.eMBFuncWriteMultipleCoils)
    eMBFuncWriteMultipleHoldingRegister      0x08006d51   Thumb Code    78  mbfuncholding.o(i.eMBFuncWriteMultipleHoldingRegister)
    eMBInit                                  0x08006da1   Thumb Code   144  mb.o(i.eMBInit)
    eMBPoll                                  0x08006e6d   Thumb Code   178  mb.o(i.eMBPoll)
    eMBRTUInit                               0x08006f25   Thumb Code    54  mbrtu.o(i.eMBRTUInit)
    eMBRTUReceive                            0x08006f61   Thumb Code    70  mbrtu.o(i.eMBRTUReceive)
    eMBRTUSend                               0x08006fb1   Thumb Code    80  mbrtu.o(i.eMBRTUSend)
    eMBRTUStart                              0x08007009   Thumb Code    24  mbrtu.o(i.eMBRTUStart)
    eMBRTUStop                               0x08007025   Thumb Code    18  mbrtu.o(i.eMBRTUStop)
    eMBRegCoilsCB                            0x08007039   Thumb Code   152  port.o(i.eMBRegCoilsCB)
    eMBRegDiscreteCB                         0x080070d5   Thumb Code   122  port.o(i.eMBRegDiscreteCB)
    eMBRegHoldingCB                          0x08007155   Thumb Code    94  port.o(i.eMBRegHoldingCB)
    eMBRegInputCB                            0x080071bd   Thumb Code    74  port.o(i.eMBRegInputCB)
    fputc                                    0x0800720d   Thumb Code    20  usart.o(i.fputc)
    main                                     0x080072f1   Thumb Code   190  main.o(i.main)
    prveMBError2Exception                    0x0800794d   Thumb Code    24  mbutils.o(i.prveMBError2Exception)
    realloc                                  0x08007999   Thumb Code   102  mallocr.o(i.realloc)
    strtod                                   0x08007a05   Thumb Code    28  strtod.o(i.strtod)
    usMBCRC16                                0x08007a21   Thumb Code    40  mbcrc.o(i.usMBCRC16)
    vMBPortSerialEnable                      0x08007b21   Thumb Code    76  portserial.o(i.vMBPortSerialEnable)
    vMBPortTimersDisable                     0x08007b75   Thumb Code    32  porttimer.o(i.vMBPortTimersDisable)
    vMBPortTimersEnable                      0x08007b99   Thumb Code    20  porttimer.o(i.vMBPortTimersEnable)
    xMBASCIIReceiveFSM                       0x08007bb1   Thumb Code   222  mbascii.o(i.xMBASCIIReceiveFSM)
    xMBASCIITimerT1SExpired                  0x08007c95   Thumb Code    42  mbascii.o(i.xMBASCIITimerT1SExpired)
    xMBASCIITransmitFSM                      0x08007cc5   Thumb Code   168  mbascii.o(i.xMBASCIITransmitFSM)
    xMBPortEventGet                          0x08007d71   Thumb Code    24  portevent.o(i.xMBPortEventGet)
    xMBPortEventInit                         0x08007d8d   Thumb Code    10  portevent.o(i.xMBPortEventInit)
    xMBPortEventPost                         0x08007d9d   Thumb Code    12  portevent.o(i.xMBPortEventPost)
    xMBPortSerialGetByte                     0x08007dad   Thumb Code    10  portserial.o(i.xMBPortSerialGetByte)
    xMBPortSerialInit                        0x08007dbd   Thumb Code    70  portserial.o(i.xMBPortSerialInit)
    xMBPortSerialPutByte                     0x08007e0d   Thumb Code     8  portserial.o(i.xMBPortSerialPutByte)
    xMBPortTimersInit                        0x08007e19   Thumb Code   106  porttimer.o(i.xMBPortTimersInit)
    xMBRTUReceiveFSM                         0x08007e8d   Thumb Code    96  mbrtu.o(i.xMBRTUReceiveFSM)
    xMBRTUTimerT35Expired                    0x08007ef5   Thumb Code    58  mbrtu.o(i.xMBRTUTimerT35Expired)
    xMBRTUTransmitFSM                        0x08007f35   Thumb Code    86  mbrtu.o(i.xMBRTUTransmitFSM)
    F6x8                                     0x08007f90   Data         552  oled.o(.constdata)
    F8X16                                    0x080081b8   Data        1520  oled.o(.constdata)
    AHBPrescTable                            0x080089cc   Data          16  system_stm32f1xx.o(.constdata)
    APBPrescTable                            0x080089dc   Data           8  system_stm32f1xx.o(.constdata)
    __ctype_categories                       0x080089fc   Data          64  ctype_c.o(.constdata)
    Region$$Table$$Base                      0x08008a3c   Number         0  anon$$obj.o(Region$$Table)
    Region$$Table$$Limit                     0x08008a5c   Number         0  anon$$obj.o(Region$$Table)
    RH                                       0x20000000   Data           4  aht20.o(.data)
    Temp                                     0x20000004   Data           4  aht20.o(.data)
    TIM1_Timeout_Flag                        0x2000001c   Data           1  modbus.o(.data)
    SlaveAddress                             0x2000001d   Data           1  modbus.o(.data)
    Modify_SlaveAdress_Flag                  0x2000001e   Data           1  modbus.o(.data)
    MQTT_UpLoad_Flag                         0x2000001f   Data           1  mqtt.o(.data)
    MQTT_Download_Flag                       0x20000020   Data           1  mqtt.o(.data)
    WIFI4G_CMD_Status                        0x20000021   Data           1  wifi4g.o(.data)
    WIFI4G_TouChuan_Flag                     0x20000022   Data           1  wifi4g.o(.data)
    Key_Value                                0x20000023   Data           1  gpio.o(.data)
    RX1_Offset                               0x20000024   Data           1  usart.o(.data)
    RX3_Offset                               0x20000025   Data           1  usart.o(.data)
    pxMBFrameCBByteReceived                  0x20000050   Data           4  mb.o(.data)
    pxMBFrameCBTransmitterEmpty              0x20000054   Data           4  mb.o(.data)
    pxMBPortCBTimerExpired                   0x20000058   Data           4  mb.o(.data)
    REG_COILS_BUF                            0x200000fc   Data          10  port.o(.data)
    REG_DISC_BUF                             0x20000106   Data          10  port.o(.data)
    uwTickFreq                               0x20000114   Data           1  stm32f1xx_hal.o(.data)
    uwTickPrio                               0x20000118   Data           4  stm32f1xx_hal.o(.data)
    uwTick                                   0x2000011c   Data           4  stm32f1xx_hal.o(.data)
    SystemCoreClock                          0x20000120   Data           4  system_stm32f1xx.o(.data)
    __stdout                                 0x20000124   Data           4  stdout.o(.data)
    __microlib_freelist                      0x20000128   Data           4  mvars.o(.data)
    __microlib_freelist_initialised          0x2000012c   Data           4  mvars.o(.data)
    QUART3                                   0x20000130   Data         264  fifo.o(.bss)
    Parse_Substr                             0x200003d8   Data          32  wifi4g.o(.bss)
    RecvBuf                                  0x200003f8   Data         256  wifi4g.o(.bss)
    hadc1                                    0x200004f8   Data          48  adc.o(.bss)
    hi2c1                                    0x20000528   Data          84  i2c.o(.bss)
    hrtc                                     0x2000057c   Data          20  rtc.o(.bss)
    htim1                                    0x20000590   Data          72  tim.o(.bss)
    htim3                                    0x200005d8   Data          72  tim.o(.bss)
    htim4                                    0x20000620   Data          72  tim.o(.bss)
    RX1_Buf                                  0x20000668   Data         256  usart.o(.bss)
    RX3_Buf                                  0x20000768   Data         256  usart.o(.bss)
    huart1                                   0x20000868   Data          72  usart.o(.bss)
    huart2                                   0x200008b0   Data          72  usart.o(.bss)
    huart3                                   0x200008f8   Data          72  usart.o(.bss)
    hdma_usart1_rx                           0x20000940   Data          68  usart.o(.bss)
    hdma_usart3_rx                           0x20000984   Data          68  usart.o(.bss)
    ucRTUBuf                                 0x200009e8   Data         256  mbrtu.o(.bss)
    REG_HOLD_BUF                             0x20000ae8   Data          20  port.o(.bss)
    REG_INPUT_BUF                            0x20000afc   Data          20  port.o(.bss)
    __heap_base                              0x20000b10   Data           0  startup_stm32f103xb.o(HEAP)
    __heap_limit                             0x20000d10   Data           0  startup_stm32f103xb.o(HEAP)
    __initial_sp                             0x20001110   Data           0  startup_stm32f103xb.o(STACK)



==============================================================================

Memory Map of the image

  Image Entry point : 0x080000ed

  Load Region LR_IROM1 (Base: 0x08000000, Size: 0x00008b8c, Max: 0x00010000, ABSOLUTE, COMPRESSED[0x00008ac0])

    Execution Region ER_IROM1 (Exec base: 0x08000000, Load base: 0x08000000, Size: 0x00008a5c, Max: 0x00010000, ABSOLUTE)

    Exec Addr    Load Addr    Size         Type   Attr      Idx    E Section Name        Object

    0x08000000   0x08000000   0x000000ec   Data   RO            3    RESET               startup_stm32f103xb.o
    0x080000ec   0x080000ec   0x00000000   Code   RO         5798  * .ARM.Collect$$$$00000000  mc_w.l(entry.o)
    0x080000ec   0x080000ec   0x00000004   Code   RO         6157    .ARM.Collect$$$$00000001  mc_w.l(entry2.o)
    0x080000f0   0x080000f0   0x00000004   Code   RO         6160    .ARM.Collect$$$$00000004  mc_w.l(entry5.o)
    0x080000f4   0x080000f4   0x00000000   Code   RO         6162    .ARM.Collect$$$$00000008  mc_w.l(entry7b.o)
    0x080000f4   0x080000f4   0x00000000   Code   RO         6164    .ARM.Collect$$$$0000000A  mc_w.l(entry8b.o)
    0x080000f4   0x080000f4   0x00000008   Code   RO         6165    .ARM.Collect$$$$0000000B  mc_w.l(entry9a.o)
    0x080000fc   0x080000fc   0x00000000   Code   RO         6167    .ARM.Collect$$$$0000000D  mc_w.l(entry10a.o)
    0x080000fc   0x080000fc   0x00000000   Code   RO         6169    .ARM.Collect$$$$0000000F  mc_w.l(entry11a.o)
    0x080000fc   0x080000fc   0x00000004   Code   RO         6158    .ARM.Collect$$$$00002712  mc_w.l(entry2.o)
    0x08000100   0x08000100   0x00000024   Code   RO            4    .text               startup_stm32f103xb.o
    0x08000124   0x08000124   0x00000020   Code   RO         5801    .text               mc_w.l(llushr.o)
    0x08000144   0x08000144   0x0000000c   Code   RO         5803    .text               mc_w.l(tolower.o)
    0x08000150   0x08000150   0x000000a8   Code   RO         5811    .text               mc_w.l(mktime.o)
    0x080001f8   0x080001f8   0x00000024   Code   RO         5814    .text               mc_w.l(memcpya.o)
    0x0800021c   0x0800021c   0x00000024   Code   RO         5816    .text               mc_w.l(memseta.o)
    0x08000240   0x08000240   0x00000024   Code   RO         5818    .text               mc_w.l(strstr.o)
    0x08000264   0x08000264   0x0000000e   Code   RO         5820    .text               mc_w.l(strlen.o)
    0x08000272   0x08000272   0x0000001c   Code   RO         5822    .text               mc_w.l(strcmp.o)
    0x0800028e   0x0800028e   0x0000001a   Code   RO         5824    .text               mc_w.l(memcmp.o)
    0x080002a8   0x080002a8   0x00000012   Code   RO         5826    .text               mc_w.l(strcpy.o)
    0x080002ba   0x080002ba   0x0000001e   Code   RO         5828    .text               mc_w.l(strncmp.o)
    0x080002d8   0x080002d8   0x00000360   Code   RO         6123    .text               mc_w.l(scanf_fp.o)
    0x08000638   0x08000638   0x00000064   Code   RO         6127    .text               mf_w.l(fmul.o)
    0x0800069c   0x0800069c   0x0000007c   Code   RO         6129    .text               mf_w.l(fdiv.o)
    0x08000718   0x08000718   0x0000014e   Code   RO         6131    .text               mf_w.l(dadd.o)
    0x08000866   0x08000866   0x000000e4   Code   RO         6133    .text               mf_w.l(dmul.o)
    0x0800094a   0x0800094a   0x000000de   Code   RO         6135    .text               mf_w.l(ddiv.o)
    0x08000a28   0x08000a28   0x0000002e   Code   RO         6137    .text               mf_w.l(dscalb.o)
    0x08000a56   0x08000a56   0x0000000a   Code   RO         6139    .text               mf_w.l(ffltui.o)
    0x08000a60   0x08000a60   0x0000001a   Code   RO         6143    .text               mf_w.l(dfltui.o)
    0x08000a7a   0x08000a7a   0x00000028   Code   RO         6145    .text               mf_w.l(ffixui.o)
    0x08000aa2   0x08000aa2   0x0000003e   Code   RO         6147    .text               mf_w.l(dfixi.o)
    0x08000ae0   0x08000ae0   0x00000030   Code   RO         6151    .text               mf_w.l(cdcmple.o)
    0x08000b10   0x08000b10   0x00000030   Code   RO         6153    .text               mf_w.l(cdrcmple.o)
    0x08000b40   0x08000b40   0x00000038   Code   RO         6155    .text               mf_w.l(d2f.o)
    0x08000b78   0x08000b78   0x0000002c   Code   RO         6172    .text               mc_w.l(uidiv.o)
    0x08000ba4   0x08000ba4   0x00000062   Code   RO         6174    .text               mc_w.l(uldiv.o)
    0x08000c06   0x08000c06   0x0000001e   Code   RO         6176    .text               mc_w.l(llshl.o)
    0x08000c24   0x08000c24   0x00000024   Code   RO         6178    .text               mc_w.l(llsshr.o)
    0x08000c48   0x08000c48   0x0000008c   Code   RO         6183    .text               mc_w.l(localtime_i.o)
    0x08000cd4   0x08000cd4   0x00000040   Code   RO         6190    .text               mc_w.l(_sgetc.o)
    0x08000d14   0x08000d14   0x0000009c   Code   RO         6192    .text               mc_w.l(strtod.o)
    0x08000db0   0x08000db0   0x00000000   Code   RO         6194    .text               mc_w.l(iusefp.o)
    0x08000db0   0x08000db0   0x0000006e   Code   RO         6195    .text               mf_w.l(fepilogue.o)
    0x08000e1e   0x08000e1e   0x000000ba   Code   RO         6197    .text               mf_w.l(depilogue.o)
    0x08000ed8   0x08000ed8   0x00000018   Code   RO         6199    .text               mf_w.l(dfltul.o)
    0x08000ef0   0x08000ef0   0x00000030   Code   RO         6201    .text               mf_w.l(dfixul.o)
    0x08000f20   0x08000f20   0x00000024   Code   RO         6203    .text               mc_w.l(init.o)
    0x08000f44   0x08000f44   0x0000000a   Code   RO         6205    .text               mc_w.l(isspace_c.o)
    0x08000f4e   0x08000f4e   0x00000002   PAD
    0x08000f50   0x08000f50   0x00000028   Code   RO         6209    .text               mc_w.l(ctype_c.o)
    0x08000f78   0x08000f78   0x00000056   Code   RO         6220    .text               mc_w.l(__dczerorl2.o)
    0x08000fce   0x08000fce   0x00000002   PAD
    0x08000fd0   0x08000fd0   0x00000056   Code   RO         2461    i.ADC_ConversionStop_Disable  stm32f1xx_hal_adc.o
    0x08001026   0x08001026   0x00000002   PAD
    0x08001028   0x08001028   0x0000007c   Code   RO         2465    i.ADC_Enable        stm32f1xx_hal_adc.o
    0x080010a4   0x080010a4   0x00000128   Code   RO         1396    i.ADC_VR_CPU_Read   adc.o
    0x080011cc   0x080011cc   0x0000002c   Code   RO           13    i.AHT20_DeInit      aht20.o
    0x080011f8   0x080011f8   0x00000040   Code   RO           14    i.AHT20_Init        aht20.o
    0x08001238   0x08001238   0x00000038   Code   RO           15    i.AHT20_Read        aht20.o
    0x08001270   0x08001270   0x000000fc   Code   RO           16    i.AHT20_ReadData    aht20.o
    0x0800136c   0x0800136c   0x00000020   Code   RO           17    i.AHT20_Read_Status  aht20.o
    0x0800138c   0x0800138c   0x00000020   Code   RO         1318    i.BEEP_Control      gpio.o
    0x080013ac   0x080013ac   0x00000002   Code   RO         1710    i.BusFault_Handler  stm32f1xx_it.o
    0x080013ae   0x080013ae   0x00000002   PAD
    0x080013b0   0x080013b0   0x0000000c   Code   RO         1711    i.DMA1_Channel3_IRQHandler  stm32f1xx_it.o
    0x080013bc   0x080013bc   0x0000000c   Code   RO         1712    i.DMA1_Channel5_IRQHandler  stm32f1xx_it.o
    0x080013c8   0x080013c8   0x0000002a   Code   RO         3117    i.DMA_SetConfig     stm32f1xx_hal_dma.o
    0x080013f2   0x080013f2   0x00000002   Code   RO         1713    i.DebugMon_Handler  stm32f1xx_it.o
    0x080013f4   0x080013f4   0x00000030   Code   RO          816    i.Dequeue           fifo.o
    0x08001424   0x08001424   0x00000026   Code   RO         1714    i.EXTI15_10_IRQHandler  stm32f1xx_it.o
    0x0800144a   0x0800144a   0x00000014   Code   RO         1715    i.EXTI9_5_IRQHandler  stm32f1xx_it.o
    0x0800145e   0x0800145e   0x00000002   PAD
    0x08001460   0x08001460   0x00000044   Code   RO          817    i.Enqueue           fifo.o
    0x080014a4   0x080014a4   0x00000030   Code   RO          818    i.Enqueue_Bytes     fifo.o
    0x080014d4   0x080014d4   0x00000004   Code   RO         1271    i.Error_Handler     main.o
    0x080014d8   0x080014d8   0x00000034   Code   RO         1019    i.Get_CPUID         mqtt.o
    0x0800150c   0x0800150c   0x000000d8   Code   RO         2641    i.HAL_ADCEx_Calibration_Start  stm32f1xx_hal_adc_ex.o
    0x080015e4   0x080015e4   0x000000fc   Code   RO         2467    i.HAL_ADC_ConfigChannel  stm32f1xx_hal_adc.o
    0x080016e0   0x080016e0   0x00000006   Code   RO         2474    i.HAL_ADC_GetValue  stm32f1xx_hal_adc.o
    0x080016e6   0x080016e6   0x00000002   PAD
    0x080016e8   0x080016e8   0x0000011c   Code   RO         2476    i.HAL_ADC_Init      stm32f1xx_hal_adc.o
    0x08001804   0x08001804   0x00000058   Code   RO         1400    i.HAL_ADC_MspInit   adc.o
    0x0800185c   0x0800185c   0x0000013c   Code   RO         2480    i.HAL_ADC_PollForConversion  stm32f1xx_hal_adc.o
    0x08001998   0x08001998   0x000000c0   Code   RO         2482    i.HAL_ADC_Start     stm32f1xx_hal_adc.o
    0x08001a58   0x08001a58   0x00000046   Code   RO         3118    i.HAL_DMA_Abort     stm32f1xx_hal_dma.o
    0x08001a9e   0x08001a9e   0x00000002   PAD
    0x08001aa0   0x08001aa0   0x00000098   Code   RO         3119    i.HAL_DMA_Abort_IT  stm32f1xx_hal_dma.o
    0x08001b38   0x08001b38   0x00000154   Code   RO         3123    i.HAL_DMA_IRQHandler  stm32f1xx_hal_dma.o
    0x08001c8c   0x08001c8c   0x0000005c   Code   RO         3124    i.HAL_DMA_Init      stm32f1xx_hal_dma.o
    0x08001ce8   0x08001ce8   0x00000070   Code   RO         3128    i.HAL_DMA_Start_IT  stm32f1xx_hal_dma.o
    0x08001d58   0x08001d58   0x00000024   Code   RO         2744    i.HAL_Delay         stm32f1xx_hal.o
    0x08001d7c   0x08001d7c   0x00000120   Code   RO         1716    i.HAL_GPIO_EXTI_Callback  stm32f1xx_it.o
    0x08001e9c   0x08001e9c   0x00000018   Code   RO         3053    i.HAL_GPIO_EXTI_IRQHandler  stm32f1xx_hal_gpio.o
    0x08001eb4   0x08001eb4   0x000001e0   Code   RO         3054    i.HAL_GPIO_Init     stm32f1xx_hal_gpio.o
    0x08002094   0x08002094   0x0000000a   Code   RO         3058    i.HAL_GPIO_WritePin  stm32f1xx_hal_gpio.o
    0x0800209e   0x0800209e   0x00000002   PAD
    0x080020a0   0x080020a0   0x0000000c   Code   RO         2748    i.HAL_GetTick       stm32f1xx_hal.o
    0x080020ac   0x080020ac   0x00000188   Code   RO         3725    i.HAL_I2C_Init      stm32f1xx_hal_i2c.o
    0x08002234   0x08002234   0x00000250   Code   RO         3731    i.HAL_I2C_Master_Receive  stm32f1xx_hal_i2c.o
    0x08002484   0x08002484   0x0000012c   Code   RO         3738    i.HAL_I2C_Master_Transmit  stm32f1xx_hal_i2c.o
    0x080025b0   0x080025b0   0x0000025c   Code   RO         3743    i.HAL_I2C_Mem_Read  stm32f1xx_hal_i2c.o
    0x0800280c   0x0800280c   0x00000130   Code   RO         3746    i.HAL_I2C_Mem_Write  stm32f1xx_hal_i2c.o
    0x0800293c   0x0800293c   0x0000005c   Code   RO         1487    i.HAL_I2C_MspInit   i2c.o
    0x08002998   0x08002998   0x00000010   Code   RO         2754    i.HAL_IncTick       stm32f1xx_hal.o
    0x080029a8   0x080029a8   0x00000024   Code   RO         2755    i.HAL_Init          stm32f1xx_hal.o
    0x080029cc   0x080029cc   0x00000040   Code   RO         2756    i.HAL_InitTick      stm32f1xx_hal.o
    0x08002a0c   0x08002a0c   0x0000003c   Code   RO         1862    i.HAL_MspInit       stm32f1xx_hal_msp.o
    0x08002a48   0x08002a48   0x0000001a   Code   RO         3214    i.HAL_NVIC_EnableIRQ  stm32f1xx_hal_cortex.o
    0x08002a62   0x08002a62   0x00000002   PAD
    0x08002a64   0x08002a64   0x00000040   Code   RO         3220    i.HAL_NVIC_SetPriority  stm32f1xx_hal_cortex.o
    0x08002aa4   0x08002aa4   0x00000024   Code   RO         3221    i.HAL_NVIC_SetPriorityGrouping  stm32f1xx_hal_cortex.o
    0x08002ac8   0x08002ac8   0x0000000c   Code   RO         3336    i.HAL_PWR_EnableBkUpAccess  stm32f1xx_hal_pwr.o
    0x08002ad4   0x08002ad4   0x000000a4   Code   RO         3015    i.HAL_RCCEx_GetPeriphCLKFreq  stm32f1xx_hal_rcc_ex.o
    0x08002b78   0x08002b78   0x000000ec   Code   RO         3016    i.HAL_RCCEx_PeriphCLKConfig  stm32f1xx_hal_rcc_ex.o
    0x08002c64   0x08002c64   0x0000012c   Code   RO         2912    i.HAL_RCC_ClockConfig  stm32f1xx_hal_rcc.o
    0x08002d90   0x08002d90   0x00000020   Code   RO         2919    i.HAL_RCC_GetPCLK1Freq  stm32f1xx_hal_rcc.o
    0x08002db0   0x08002db0   0x00000020   Code   RO         2920    i.HAL_RCC_GetPCLK2Freq  stm32f1xx_hal_rcc.o
    0x08002dd0   0x08002dd0   0x0000004c   Code   RO         2921    i.HAL_RCC_GetSysClockFreq  stm32f1xx_hal_rcc.o
    0x08002e1c   0x08002e1c   0x00000320   Code   RO         2924    i.HAL_RCC_OscConfig  stm32f1xx_hal_rcc.o
    0x0800313c   0x0800313c   0x00000010   Code   RO         4321    i.HAL_RTCEx_BKUPRead  stm32f1xx_hal_rtc_ex.o
    0x0800314c   0x0800314c   0x00000010   Code   RO         4322    i.HAL_RTCEx_BKUPWrite  stm32f1xx_hal_rtc_ex.o
    0x0800315c   0x0800315c   0x00000094   Code   RO         4159    i.HAL_RTC_Init      stm32f1xx_hal_rtc.o
    0x080031f0   0x080031f0   0x00000034   Code   RO         1534    i.HAL_RTC_MspInit   rtc.o
    0x08003224   0x08003224   0x000000c4   Code   RO         4165    i.HAL_RTC_SetDate   stm32f1xx_hal_rtc.o
    0x080032e8   0x080032e8   0x000000ac   Code   RO         4166    i.HAL_RTC_SetTime   stm32f1xx_hal_rtc.o
    0x08003394   0x08003394   0x0000003a   Code   RO         4167    i.HAL_RTC_WaitForSynchro  stm32f1xx_hal_rtc.o
    0x080033ce   0x080033ce   0x00000028   Code   RO         3225    i.HAL_SYSTICK_Config  stm32f1xx_hal_cortex.o
    0x080033f6   0x080033f6   0x00000002   Code   RO         5129    i.HAL_TIMEx_BreakCallback  stm32f1xx_hal_tim_ex.o
    0x080033f8   0x080033f8   0x00000002   Code   RO         5130    i.HAL_TIMEx_CommutCallback  stm32f1xx_hal_tim_ex.o
    0x080033fa   0x080033fa   0x00000002   PAD
    0x080033fc   0x080033fc   0x00000068   Code   RO         5148    i.HAL_TIMEx_MasterConfigSynchronization  stm32f1xx_hal_tim_ex.o
    0x08003464   0x08003464   0x0000005a   Code   RO         4425    i.HAL_TIM_Base_Init  stm32f1xx_hal_tim.o
    0x080034be   0x080034be   0x00000002   PAD
    0x080034c0   0x080034c0   0x0000008c   Code   RO         1590    i.HAL_TIM_Base_MspInit  tim.o
    0x0800354c   0x0800354c   0x00000058   Code   RO         4430    i.HAL_TIM_Base_Start_IT  stm32f1xx_hal_tim.o
    0x080035a4   0x080035a4   0x00000026   Code   RO         4431    i.HAL_TIM_Base_Stop  stm32f1xx_hal_tim.o
    0x080035ca   0x080035ca   0x000000dc   Code   RO         4434    i.HAL_TIM_ConfigClockSource  stm32f1xx_hal_tim.o
    0x080036a6   0x080036a6   0x00000002   Code   RO         4459    i.HAL_TIM_IC_CaptureCallback  stm32f1xx_hal_tim.o
    0x080036a8   0x080036a8   0x00000130   Code   RO         4473    i.HAL_TIM_IRQHandler  stm32f1xx_hal_tim.o
    0x080037d8   0x080037d8   0x00000002   Code   RO         4476    i.HAL_TIM_OC_DelayElapsedCallback  stm32f1xx_hal_tim.o
    0x080037da   0x080037da   0x00000002   Code   RO         4503    i.HAL_TIM_PWM_PulseFinishedCallback  stm32f1xx_hal_tim.o
    0x080037dc   0x080037dc   0x00000060   Code   RO         1717    i.HAL_TIM_PeriodElapsedCallback  stm32f1xx_it.o
    0x0800383c   0x0800383c   0x00000002   Code   RO         4516    i.HAL_TIM_TriggerCallback  stm32f1xx_hal_tim.o
    0x0800383e   0x0800383e   0x00000002   Code   RO         5408    i.HAL_UARTEx_RxEventCallback  stm32f1xx_hal_uart.o
    0x08003840   0x08003840   0x00000070   Code   RO         5420    i.HAL_UART_DMAStop  stm32f1xx_hal_uart.o
    0x080038b0   0x080038b0   0x00000002   Code   RO         5422    i.HAL_UART_ErrorCallback  stm32f1xx_hal_uart.o
    0x080038b2   0x080038b2   0x00000002   PAD
    0x080038b4   0x080038b4   0x0000026c   Code   RO         5425    i.HAL_UART_IRQHandler  stm32f1xx_hal_uart.o
    0x08003b20   0x08003b20   0x00000064   Code   RO         5426    i.HAL_UART_Init     stm32f1xx_hal_uart.o
    0x08003b84   0x08003b84   0x000001a4   Code   RO         1644    i.HAL_UART_MspInit  usart.o
    0x08003d28   0x08003d28   0x0000001c   Code   RO         5430    i.HAL_UART_Receive_DMA  stm32f1xx_hal_uart.o
    0x08003d44   0x08003d44   0x00000074   Code   RO         1718    i.HAL_UART_RxCpltCallback  stm32f1xx_it.o
    0x08003db8   0x08003db8   0x00000088   Code   RO         1719    i.HAL_UART_RxHalfCpltCallback  stm32f1xx_it.o
    0x08003e40   0x08003e40   0x000000a0   Code   RO         5434    i.HAL_UART_Transmit  stm32f1xx_hal_uart.o
    0x08003ee0   0x08003ee0   0x00000002   Code   RO         5437    i.HAL_UART_TxCpltCallback  stm32f1xx_hal_uart.o
    0x08003ee2   0x08003ee2   0x00000002   Code   RO         1720    i.HardFault_Handler  stm32f1xx_it.o
    0x08003ee4   0x08003ee4   0x0000002e   Code   RO         3768    i.I2C_IsAcknowledgeFailed  stm32f1xx_hal_i2c.o
    0x08003f12   0x08003f12   0x00000002   PAD
    0x08003f14   0x08003f14   0x000000ec   Code   RO         3771    i.I2C_MasterRequestRead  stm32f1xx_hal_i2c.o
    0x08004000   0x08004000   0x0000009c   Code   RO         3772    i.I2C_MasterRequestWrite  stm32f1xx_hal_i2c.o
    0x0800409c   0x0800409c   0x000000fc   Code   RO         3778    i.I2C_RequestMemoryRead  stm32f1xx_hal_i2c.o
    0x08004198   0x08004198   0x000000a8   Code   RO         3779    i.I2C_RequestMemoryWrite  stm32f1xx_hal_i2c.o
    0x08004240   0x08004240   0x00000056   Code   RO         3783    i.I2C_WaitOnBTFFlagUntilTimeout  stm32f1xx_hal_i2c.o
    0x08004296   0x08004296   0x00000002   PAD
    0x08004298   0x08004298   0x00000090   Code   RO         3784    i.I2C_WaitOnFlagUntilTimeout  stm32f1xx_hal_i2c.o
    0x08004328   0x08004328   0x000000bc   Code   RO         3785    i.I2C_WaitOnMasterAddressFlagUntilTimeout  stm32f1xx_hal_i2c.o
    0x080043e4   0x080043e4   0x00000070   Code   RO         3786    i.I2C_WaitOnRXNEFlagUntilTimeout  stm32f1xx_hal_i2c.o
    0x08004454   0x08004454   0x00000056   Code   RO         3787    i.I2C_WaitOnTXEFlagUntilTimeout  stm32f1xx_hal_i2c.o
    0x080044aa   0x080044aa   0x00000002   PAD
    0x080044ac   0x080044ac   0x0000004c   Code   RO          878    i.INA226_Init       ina226.o
    0x080044f8   0x080044f8   0x00000080   Code   RO          879    i.INA226_Read       ina226.o
    0x08004578   0x08004578   0x00000038   Code   RO          880    i.INA226_Read_Bus_Voltage  ina226.o
    0x080045b0   0x080045b0   0x00000038   Code   RO          881    i.INA226_Read_Current  ina226.o
    0x080045e8   0x080045e8   0x00000038   Code   RO          882    i.INA226_Read_Pow   ina226.o
    0x08004620   0x08004620   0x00000030   Code   RO         1322    i.LED_Control       gpio.o
    0x08004650   0x08004650   0x00000304   Code   RO         1020    i.ML307_Connect_MQTTServer  mqtt.o
    0x08004954   0x08004954   0x0000003c   Code   RO         1021    i.MQTT_Connect_Server  mqtt.o
    0x08004990   0x08004990   0x000000d8   Code   RO         1022    i.MQTT_Parse_JsonData  mqtt.o
    0x08004a68   0x08004a68   0x000000a8   Code   RO         1023    i.MQTT_SendData     mqtt.o
    0x08004b10   0x08004b10   0x00000054   Code   RO         1401    i.MX_ADC1_Init      adc.o
    0x08004b64   0x08004b64   0x0000003c   Code   RO         1461    i.MX_DMA_Init       dma.o
    0x08004ba0   0x08004ba0   0x00000110   Code   RO         1324    i.MX_GPIO_Init      gpio.o
    0x08004cb0   0x08004cb0   0x00000040   Code   RO         1488    i.MX_I2C1_Init      i2c.o
    0x08004cf0   0x08004cf0   0x000000b4   Code   RO         1535    i.MX_RTC_Init       rtc.o
    0x08004da4   0x08004da4   0x0000006c   Code   RO         1591    i.MX_TIM1_Init      tim.o
    0x08004e10   0x08004e10   0x00000068   Code   RO         1592    i.MX_TIM3_Init      tim.o
    0x08004e78   0x08004e78   0x00000068   Code   RO         1593    i.MX_TIM4_Init      tim.o
    0x08004ee0   0x08004ee0   0x00000038   Code   RO         1645    i.MX_USART1_UART_Init  usart.o
    0x08004f18   0x08004f18   0x00000038   Code   RO         1646    i.MX_USART2_UART_Init  usart.o
    0x08004f50   0x08004f50   0x00000038   Code   RO         1647    i.MX_USART3_UART_Init  usart.o
    0x08004f88   0x08004f88   0x00000002   Code   RO         1721    i.MemManage_Handler  stm32f1xx_it.o
    0x08004f8a   0x08004f8a   0x00000002   PAD
    0x08004f8c   0x08004f8c   0x00000048   Code   RO          942    i.Modbus_Init       modbus.o
    0x08004fd4   0x08004fd4   0x0000008c   Code   RO          943    i.Modbus_Parse      modbus.o
    0x08005060   0x08005060   0x00000002   Code   RO         1722    i.NMI_Handler       stm32f1xx_it.o
    0x08005062   0x08005062   0x00000006   Code   RO         1101    i.OLED_CLS          oled.o
    0x08005068   0x08005068   0x00000038   Code   RO         1103    i.OLED_Fill         oled.o
    0x080050a0   0x080050a0   0x000000b4   Code   RO         1104    i.OLED_Init         oled.o
    0x08005154   0x08005154   0x00000026   Code   RO         1107    i.OLED_SetPos       oled.o
    0x0800517a   0x0800517a   0x00000002   PAD
    0x0800517c   0x0800517c   0x000000d8   Code   RO         1109    i.OLED_ShowStr      oled.o
    0x08005254   0x08005254   0x00000002   Code   RO         1723    i.PendSV_Handler    stm32f1xx_it.o
    0x08005256   0x08005256   0x00000010   Code   RO          820    i.Queue_IsEmpty     fifo.o
    0x08005266   0x08005266   0x00000022   Code   RO          821    i.Queue_IsFull      fifo.o
    0x08005288   0x08005288   0x00000020   Code   RO         1325    i.RELAY_Control     gpio.o
    0x080052a8   0x080052a8   0x00000012   Code   RO         4168    i.RTC_Bcd2ToByte    stm32f1xx_hal_rtc.o
    0x080052ba   0x080052ba   0x00000034   Code   RO         4171    i.RTC_EnterInitMode  stm32f1xx_hal_rtc.o
    0x080052ee   0x080052ee   0x00000002   PAD
    0x080052f0   0x080052f0   0x00000036   Code   RO         4172    i.RTC_ExitInitMode  stm32f1xx_hal_rtc.o
    0x08005326   0x08005326   0x0000000e   Code   RO         4173    i.RTC_ReadAlarmCounter  stm32f1xx_hal_rtc.o
    0x08005334   0x08005334   0x00000020   Code   RO         4174    i.RTC_ReadTimeCounter  stm32f1xx_hal_rtc.o
    0x08005354   0x08005354   0x00000056   Code   RO         4175    i.RTC_WeekDayNum    stm32f1xx_hal_rtc.o
    0x080053aa   0x080053aa   0x00000028   Code   RO         4176    i.RTC_WriteAlarmCounter  stm32f1xx_hal_rtc.o
    0x080053d2   0x080053d2   0x00000002   PAD
    0x080053d4   0x080053d4   0x00000070   Code   RO         1537    i.RTC_WriteTimeCounter  rtc.o
    0x08005444   0x08005444   0x00000028   Code   RO         4177    i.RTC_WriteTimeCounter  stm32f1xx_hal_rtc.o
    0x0800546c   0x0800546c   0x00000030   Code   RO          944    i.Read_SlaveAddress  modbus.o
    0x0800549c   0x0800549c   0x00000002   Code   RO         1724    i.SVC_Handler       stm32f1xx_it.o
    0x0800549e   0x0800549e   0x00000004   Code   RO         1725    i.SysTick_Handler   stm32f1xx_it.o
    0x080054a2   0x080054a2   0x00000086   Code   RO         1272    i.SystemClock_Config  main.o
    0x08005528   0x08005528   0x00000002   Code   RO         5760    i.SystemInit        system_stm32f1xx.o
    0x0800552a   0x0800552a   0x00000002   PAD
    0x0800552c   0x0800552c   0x0000000c   Code   RO         1726    i.TIM1_UP_IRQHandler  stm32f1xx_it.o
    0x08005538   0x08005538   0x00000020   Code   RO         2383    i.TIM3_IRQHandler   porttimer.o
    0x08005558   0x08005558   0x0000000c   Code   RO         1727    i.TIM4_IRQHandler   stm32f1xx_it.o
    0x08005564   0x08005564   0x00000078   Code   RO         4518    i.TIM_Base_SetConfig  stm32f1xx_hal_tim.o
    0x080055dc   0x080055dc   0x00000014   Code   RO         4529    i.TIM_ETR_SetConfig  stm32f1xx_hal_tim.o
    0x080055f0   0x080055f0   0x00000010   Code   RO         4530    i.TIM_ITRx_SetConfig  stm32f1xx_hal_tim.o
    0x08005600   0x08005600   0x00000022   Code   RO         4536    i.TIM_TI1_ConfigInputStage  stm32f1xx_hal_tim.o
    0x08005622   0x08005622   0x00000024   Code   RO         4538    i.TIM_TI2_ConfigInputStage  stm32f1xx_hal_tim.o
    0x08005646   0x08005646   0x00000002   PAD
    0x08005648   0x08005648   0x00000024   Code   RO         1198    i.Test_WIFI4G_CMD_Status  wifi4g.o
    0x0800566c   0x0800566c   0x00000010   Code   RO         5439    i.UART_DMAAbortOnError  stm32f1xx_hal_uart.o
    0x0800567c   0x0800567c   0x0000004a   Code   RO         5440    i.UART_DMAError     stm32f1xx_hal_uart.o
    0x080056c6   0x080056c6   0x00000086   Code   RO         5441    i.UART_DMAReceiveCplt  stm32f1xx_hal_uart.o
    0x0800574c   0x0800574c   0x0000001e   Code   RO         5443    i.UART_DMARxHalfCplt  stm32f1xx_hal_uart.o
    0x0800576a   0x0800576a   0x0000004e   Code   RO         5449    i.UART_EndRxTransfer  stm32f1xx_hal_uart.o
    0x080057b8   0x080057b8   0x0000001c   Code   RO         5450    i.UART_EndTxTransfer  stm32f1xx_hal_uart.o
    0x080057d4   0x080057d4   0x000000c2   Code   RO         5451    i.UART_Receive_IT   stm32f1xx_hal_uart.o
    0x08005896   0x08005896   0x00000002   PAD
    0x08005898   0x08005898   0x000000b8   Code   RO         5452    i.UART_SetConfig    stm32f1xx_hal_uart.o
    0x08005950   0x08005950   0x00000090   Code   RO         5453    i.UART_Start_Receive_DMA  stm32f1xx_hal_uart.o
    0x080059e0   0x080059e0   0x00000072   Code   RO         5455    i.UART_WaitOnFlagUntilTimeout  stm32f1xx_hal_uart.o
    0x08005a52   0x08005a52   0x00000002   PAD
    0x08005a54   0x08005a54   0x00000018   Code   RO         1728    i.USART1_IRQHandler  stm32f1xx_it.o
    0x08005a6c   0x08005a6c   0x00000044   Code   RO         2332    i.USART2_IRQHandler  portserial.o
    0x08005ab0   0x08005ab0   0x00000018   Code   RO         1729    i.USART3_IRQHandler  stm32f1xx_it.o
    0x08005ac8   0x08005ac8   0x00000130   Code   RO         1730    i.USER_UART_IRQHandler  stm32f1xx_it.o
    0x08005bf8   0x08005bf8   0x00000002   Code   RO         1731    i.UsageFault_Handler  stm32f1xx_it.o
    0x08005bfa   0x08005bfa   0x00000002   PAD
    0x08005bfc   0x08005bfc   0x000000a0   Code   RO         1199    i.WIFI4G_Parse_Queue  wifi4g.o
    0x08005c9c   0x08005c9c   0x00000024   Code   RO         1111    i.WriteCmd          oled.o
    0x08005cc0   0x08005cc0   0x00000024   Code   RO         1112    i.WriteDat          oled.o
    0x08005ce4   0x08005ce4   0x00000028   Code   RO          945    i.Write_SlaveAddress  modbus.o
    0x08005d0c   0x08005d0c   0x00000020   Code   RO         6065    i.__0printf         mc_w.l(printfa.o)
    0x08005d2c   0x08005d2c   0x00000028   Code   RO         6067    i.__0sprintf        mc_w.l(printfa.o)
    0x08005d54   0x08005d54   0x00000020   Code   RO         3227    i.__NVIC_SetPriority  stm32f1xx_hal_cortex.o
    0x08005d74   0x08005d74   0x0000005c   Code   RO         6097    i.__free$realloc    mc_w.l(mallocr.o)
    0x08005dd0   0x08005dd0   0x00000050   Code   RO         6098    i.__malloc$realloc  mc_w.l(mallocr.o)
    0x08005e20   0x08005e20   0x0000000e   Code   RO         6214    i.__scatterload_copy  mc_w.l(handlers.o)
    0x08005e2e   0x08005e2e   0x00000002   Code   RO         6215    i.__scatterload_null  mc_w.l(handlers.o)
    0x08005e30   0x08005e30   0x0000000e   Code   RO         6216    i.__scatterload_zeroinit  mc_w.l(handlers.o)
    0x08005e3e   0x08005e3e   0x00000002   PAD
    0x08005e40   0x08005e40   0x00000184   Code   RO         6072    i._fp_digits        mc_w.l(printfa.o)
    0x08005fc4   0x08005fc4   0x0000000e   Code   RO         6125    i._is_digit         mc_w.l(scanf_fp.o)
    0x08005fd2   0x08005fd2   0x00000002   PAD
    0x08005fd4   0x08005fd4   0x000006dc   Code   RO         6073    i._printf_core      mc_w.l(printfa.o)
    0x080066b0   0x080066b0   0x00000024   Code   RO         6074    i._printf_post_padding  mc_w.l(printfa.o)
    0x080066d4   0x080066d4   0x0000002e   Code   RO         6075    i._printf_pre_padding  mc_w.l(printfa.o)
    0x08006702   0x08006702   0x0000000a   Code   RO         6077    i._sputc            mc_w.l(printfa.o)
    0x0800670c   0x0800670c   0x00000030   Code   RO          190    i.buffer_skip_whitespace  cjson.o
    0x0800673c   0x0800673c   0x00000050   Code   RO          222    i.cJSON_Delete      cjson.o
    0x0800678c   0x0800678c   0x00000006   Code   RO          236    i.cJSON_GetObjectItem  cjson.o
    0x08006792   0x08006792   0x00000016   Code   RO          253    i.cJSON_New_Item    cjson.o
    0x080067a8   0x080067a8   0x00000008   Code   RO          254    i.cJSON_Parse       cjson.o
    0x080067b0   0x080067b0   0x000000dc   Code   RO          256    i.cJSON_ParseWithLengthOpts  cjson.o
    0x0800688c   0x0800688c   0x00000022   Code   RO          257    i.cJSON_ParseWithOpts  cjson.o
    0x080068ae   0x080068ae   0x00000002   PAD
    0x080068b0   0x080068b0   0x00000030   Code   RO         1966    i.eMBASCIIInit      mbascii.o
    0x080068e0   0x080068e0   0x00000048   Code   RO         1967    i.eMBASCIIReceive   mbascii.o
    0x08006928   0x08006928   0x00000048   Code   RO         1968    i.eMBASCIISend      mbascii.o
    0x08006970   0x08006970   0x0000001c   Code   RO         1969    i.eMBASCIIStart     mbascii.o
    0x0800698c   0x0800698c   0x00000012   Code   RO         1970    i.eMBASCIIStop      mbascii.o
    0x0800699e   0x0800699e   0x00000002   PAD
    0x080069a0   0x080069a0   0x00000020   Code   RO         1883    i.eMBClose          mb.o
    0x080069c0   0x080069c0   0x00000020   Code   RO         1884    i.eMBDisable        mb.o
    0x080069e0   0x080069e0   0x00000020   Code   RO         1885    i.eMBEnable         mb.o
    0x08006a00   0x08006a00   0x00000072   Code   RO         2057    i.eMBFuncReadCoils  mbfunccoils.o
    0x08006a72   0x08006a72   0x00000072   Code   RO         2084    i.eMBFuncReadDiscreteInputs  mbfuncdisc.o
    0x08006ae4   0x08006ae4   0x0000005e   Code   RO         2096    i.eMBFuncReadHoldingRegister  mbfuncholding.o
    0x08006b42   0x08006b42   0x00000062   Code   RO         2126    i.eMBFuncReadInputRegister  mbfuncinput.o
    0x08006ba4   0x08006ba4   0x0000009c   Code   RO         2097    i.eMBFuncReadWriteMultipleHoldingRegister  mbfuncholding.o
    0x08006c40   0x08006c40   0x00000024   Code   RO         2138    i.eMBFuncReportSlaveID  mbfuncother.o
    0x08006c64   0x08006c64   0x00000056   Code   RO         2058    i.eMBFuncWriteCoil  mbfunccoils.o
    0x08006cba   0x08006cba   0x00000032   Code   RO         2098    i.eMBFuncWriteHoldingRegister  mbfuncholding.o
    0x08006cec   0x08006cec   0x00000064   Code   RO         2059    i.eMBFuncWriteMultipleCoils  mbfunccoils.o
    0x08006d50   0x08006d50   0x0000004e   Code   RO         2099    i.eMBFuncWriteMultipleHoldingRegister  mbfuncholding.o
    0x08006d9e   0x08006d9e   0x00000002   PAD
    0x08006da0   0x08006da0   0x000000cc   Code   RO         1886    i.eMBInit           mb.o
    0x08006e6c   0x08006e6c   0x000000b8   Code   RO         1887    i.eMBPoll           mb.o
    0x08006f24   0x08006f24   0x0000003c   Code   RO         2159    i.eMBRTUInit        mbrtu.o
    0x08006f60   0x08006f60   0x00000050   Code   RO         2160    i.eMBRTUReceive     mbrtu.o
    0x08006fb0   0x08006fb0   0x00000058   Code   RO         2161    i.eMBRTUSend        mbrtu.o
    0x08007008   0x08007008   0x0000001c   Code   RO         2162    i.eMBRTUStart       mbrtu.o
    0x08007024   0x08007024   0x00000012   Code   RO         2163    i.eMBRTUStop        mbrtu.o
    0x08007036   0x08007036   0x00000002   PAD
    0x08007038   0x08007038   0x0000009c   Code   RO         2253    i.eMBRegCoilsCB     port.o
    0x080070d4   0x080070d4   0x00000080   Code   RO         2254    i.eMBRegDiscreteCB  port.o
    0x08007154   0x08007154   0x00000068   Code   RO         2255    i.eMBRegHoldingCB   port.o
    0x080071bc   0x080071bc   0x00000050   Code   RO         2256    i.eMBRegInputCB     port.o
    0x0800720c   0x0800720c   0x00000018   Code   RO         1648    i.fputc             usart.o
    0x08007224   0x08007224   0x0000007a   Code   RO          276    i.get_object_item   cjson.o
    0x0800729e   0x0800729e   0x00000002   PAD
    0x080072a0   0x080072a0   0x00000050   Code   RO         6099    i.internal_alloc    mc_w.l(mallocr.o)
    0x080072f0   0x080072f0   0x00000108   Code   RO         1273    i.main              main.o
    0x080073f8   0x080073f8   0x000000d0   Code   RO          278    i.parse_array       cjson.o
    0x080074c8   0x080074c8   0x00000040   Code   RO          279    i.parse_hex4        cjson.o
    0x08007508   0x08007508   0x0000012c   Code   RO          280    i.parse_number      cjson.o
    0x08007634   0x08007634   0x00000110   Code   RO          281    i.parse_object      cjson.o
    0x08007744   0x08007744   0x0000010c   Code   RO          282    i.parse_string      cjson.o
    0x08007850   0x08007850   0x000000fc   Code   RO          283    i.parse_value       cjson.o
    0x0800794c   0x0800794c   0x00000018   Code   RO         2226    i.prveMBError2Exception  mbutils.o
    0x08007964   0x08007964   0x0000001c   Code   RO         1971    i.prvucMBBIN2CHAR   mbascii.o
    0x08007980   0x08007980   0x00000018   Code   RO         1972    i.prvucMBLRC        mbascii.o
    0x08007998   0x08007998   0x0000006c   Code   RO         6100    i.realloc           mc_w.l(mallocr.o)
    0x08007a04   0x08007a04   0x0000001c   Code   RO         5795    i.strtod            m_ws.l(strtod.o)
    0x08007a20   0x08007a20   0x0000002c   Code   RO         2040    i.usMBCRC16         mbcrc.o
    0x08007a4c   0x08007a4c   0x000000d2   Code   RO          292    i.utf16_literal_to_utf8  cjson.o
    0x08007b1e   0x08007b1e   0x00000002   PAD
    0x08007b20   0x08007b20   0x00000054   Code   RO         2333    i.vMBPortSerialEnable  portserial.o
    0x08007b74   0x08007b74   0x00000024   Code   RO         2413    i.vMBPortTimersDisable  porttimer.o
    0x08007b98   0x08007b98   0x00000018   Code   RO         2407    i.vMBPortTimersEnable  porttimer.o
    0x08007bb0   0x08007bb0   0x000000e4   Code   RO         1973    i.xMBASCIIReceiveFSM  mbascii.o
    0x08007c94   0x08007c94   0x00000030   Code   RO         1974    i.xMBASCIITimerT1SExpired  mbascii.o
    0x08007cc4   0x08007cc4   0x000000ac   Code   RO         1975    i.xMBASCIITransmitFSM  mbascii.o
    0x08007d70   0x08007d70   0x0000001c   Code   RO         2303    i.xMBPortEventGet   portevent.o
    0x08007d8c   0x08007d8c   0x00000010   Code   RO         2304    i.xMBPortEventInit  portevent.o
    0x08007d9c   0x08007d9c   0x00000010   Code   RO         2305    i.xMBPortEventPost  portevent.o
    0x08007dac   0x08007dac   0x00000010   Code   RO         2334    i.xMBPortSerialGetByte  portserial.o
    0x08007dbc   0x08007dbc   0x00000050   Code   RO         2335    i.xMBPortSerialInit  portserial.o
    0x08007e0c   0x08007e0c   0x0000000c   Code   RO         2336    i.xMBPortSerialPutByte  portserial.o
    0x08007e18   0x08007e18   0x00000074   Code   RO         2384    i.xMBPortTimersInit  porttimer.o
    0x08007e8c   0x08007e8c   0x00000068   Code   RO         2164    i.xMBRTUReceiveFSM  mbrtu.o
    0x08007ef4   0x08007ef4   0x00000040   Code   RO         2165    i.xMBRTUTimerT35Expired  mbrtu.o
    0x08007f34   0x08007f34   0x0000005c   Code   RO         2166    i.xMBRTUTransmitFSM  mbrtu.o
    0x08007f90   0x08007f90   0x00000818   Data   RO         1113    .constdata          oled.o
    0x080087a8   0x080087a8   0x00000200   Data   RO         2041    .constdata          mbcrc.o
    0x080089a8   0x080089a8   0x00000012   Data   RO         2925    .constdata          stm32f1xx_hal_rcc.o
    0x080089ba   0x080089ba   0x00000012   Data   RO         3017    .constdata          stm32f1xx_hal_rcc_ex.o
    0x080089cc   0x080089cc   0x00000010   Data   RO         5761    .constdata          system_stm32f1xx.o
    0x080089dc   0x080089dc   0x00000008   Data   RO         5762    .constdata          system_stm32f1xx.o
    0x080089e4   0x080089e4   0x0000000c   Data   RO         5812    .constdata          mc_w.l(mktime.o)
    0x080089f0   0x080089f0   0x0000000c   Data   RO         6184    .constdata          mc_w.l(localtime_i.o)
    0x080089fc   0x080089fc   0x00000040   Data   RO         6210    .constdata          mc_w.l(ctype_c.o)
    0x08008a3c   0x08008a3c   0x00000020   Data   RO         6212    Region$$Table       anon$$obj.o


    Execution Region RW_IRAM1 (Exec base: 0x20000000, Load base: 0x08008a5c, Size: 0x00001110, Max: 0x00005000, ABSOLUTE, COMPRESSED[0x00000064])

    Exec Addr    Load Addr    Size         Type   Attr      Idx    E Section Name        Object

    0x20000000   COMPRESSED   0x00000008   Data   RW           19    .data               aht20.o
    0x20000008   COMPRESSED   0x00000014   Data   RW          294    .data               cjson.o
    0x2000001c   COMPRESSED   0x00000003   Data   RW          946    .data               modbus.o
    0x2000001f   COMPRESSED   0x00000001   Data   RW         1025    .data               mqtt.o
    0x20000020   COMPRESSED   0x00000001   Data   RW         1026    .data               mqtt.o
    0x20000021   COMPRESSED   0x00000002   Data   RW         1202    .data               wifi4g.o
    0x20000023   COMPRESSED   0x00000001   Data   RW         1327    .data               gpio.o
    0x20000024   COMPRESSED   0x00000001   Data   RW         1652    .data               usart.o
    0x20000025   COMPRESSED   0x00000001   Data   RW         1653    .data               usart.o
    0x20000026   COMPRESSED   0x00000002   PAD
    0x20000028   COMPRESSED   0x00000008   Data   RW         1732    .data               stm32f1xx_it.o
    0x20000030   COMPRESSED   0x000000ac   Data   RW         1889    .data               mb.o
    0x200000dc   COMPRESSED   0x00000010   Data   RW         1976    .data               mbascii.o
    0x200000ec   COMPRESSED   0x00000002   Data   RW         2141    .data               mbfuncother.o
    0x200000ee   COMPRESSED   0x00000002   PAD
    0x200000f0   COMPRESSED   0x0000000c   Data   RW         2168    .data               mbrtu.o
    0x200000fc   COMPRESSED   0x00000014   Data   RW         2258    .data               port.o
    0x20000110   COMPRESSED   0x00000002   Data   RW         2306    .data               portevent.o
    0x20000112   COMPRESSED   0x00000002   PAD
    0x20000114   COMPRESSED   0x0000000c   Data   RW         2762    .data               stm32f1xx_hal.o
    0x20000120   COMPRESSED   0x00000004   Data   RW         5763    .data               system_stm32f1xx.o
    0x20000124   COMPRESSED   0x00000004   Data   RW         6171    .data               mc_w.l(stdout.o)
    0x20000128   COMPRESSED   0x00000004   Data   RW         6186    .data               mc_w.l(mvars.o)
    0x2000012c   COMPRESSED   0x00000004   Data   RW         6187    .data               mc_w.l(mvars.o)
    0x20000130        -       0x00000108   Zero   RW          823    .bss                fifo.o
    0x20000238        -       0x000001a0   Zero   RW         1024    .bss                mqtt.o
    0x200003d8        -       0x00000120   Zero   RW         1200    .bss                wifi4g.o
    0x200004f8        -       0x00000030   Zero   RW         1402    .bss                adc.o
    0x20000528        -       0x00000054   Zero   RW         1489    .bss                i2c.o
    0x2000057c        -       0x00000014   Zero   RW         1538    .bss                rtc.o
    0x20000590        -       0x000000d8   Zero   RW         1594    .bss                tim.o
    0x20000668        -       0x00000100   Zero   RW         1649    .bss                usart.o
    0x20000768        -       0x00000100   Zero   RW         1650    .bss                usart.o
    0x20000868        -       0x00000160   Zero   RW         1651    .bss                usart.o
    0x200009c8        -       0x00000020   Zero   RW         2140    .bss                mbfuncother.o
    0x200009e8        -       0x00000100   Zero   RW         2167    .bss                mbrtu.o
    0x20000ae8        -       0x00000028   Zero   RW         2257    .bss                port.o
    0x20000b10        -       0x00000200   Zero   RW            2    HEAP                startup_stm32f103xb.o
    0x20000d10        -       0x00000400   Zero   RW            1    STACK               startup_stm32f103xb.o


==============================================================================

Image component sizes


      Code (inc. data)   RO Data    RW Data    ZI Data      Debug   Object Name

       468         64          0          0         48       2663   adc.o
       448         50          0          8          0     467290   aht20.o
      2114         62          0         20          0      19208   cjson.o
        60          4          0          0          0        838   dma.o
       214         16          0          0        264       4318   fifo.o
       384         36          0          1          0       3002   gpio.o
       156         26          0          0         84       1849   i2c.o
       372         60          0          0          0       4802   ina226.o
       402         74          0          0          0       2424   main.o
       484         78          0        172          0       8620   mb.o
       738         38          0         16          0       8900   mbascii.o
        44          4        512          0          0       1300   mbcrc.o
       300          0          0          0          0       3710   mbfunccoils.o
       114          0          0          0          0       1544   mbfuncdisc.o
       378          0          0          0          0       5131   mbfuncholding.o
        98          0          0          0          0       1535   mbfuncinput.o
        36         10          0          2         32       1391   mbfuncother.o
       534         48          0         12        256       6407   mbrtu.o
        24          0          0          0          0        632   mbutils.o
       300         46          0          3          0       3231   modbus.o
      1268        528          0          2        416       6502   mqtt.o
       568         16       2072          0          0       5354   oled.o
       468         26          0         20         40       4453   port.o
        60         14          0          2          0       2248   portevent.o
       260         40          0          0          0       3560   portserial.o
       208         26          0          0          0       2731   porttimer.o
       344         22          0          0         20       3903   rtc.o
        36          8        236          0       1536        840   startup_stm32f103xb.o
       164         28          0         12          0       6197   stm32f1xx_hal.o
      1260         54          0          0          0       6820   stm32f1xx_hal_adc.o
       216          6          0          0          0       1510   stm32f1xx_hal_adc_ex.o
       198         14          0          0          0      29163   stm32f1xx_hal_cortex.o
       808         36          0          0          0       5246   stm32f1xx_hal_dma.o
       514         40          0          0          0       3631   stm32f1xx_hal_gpio.o
      3666         94          0          0          0      18265   stm32f1xx_hal_i2c.o
        60          8          0          0          0        950   stm32f1xx_hal_msp.o
        12          4          0          0          0        551   stm32f1xx_hal_pwr.o
      1240         84         18          0          0       5332   stm32f1xx_hal_rcc.o
       400         28         18          0          0       2581   stm32f1xx_hal_rcc_ex.o
       910         12          0          0          0       9864   stm32f1xx_hal_rtc.o
        32         10          0          0          0       1743   stm32f1xx_hal_rtc_ex.o
       974         24          0          0          0      10973   stm32f1xx_hal_tim.o
       108         12          0          0          0       2549   stm32f1xx_hal_tim_ex.o
      2022         24          0          0          0      15013   stm32f1xx_hal_uart.o
      1114        348          0          8          0      12563   stm32f1xx_it.o
         2          0         24          4          0       1227   system_stm32f1xx.o
       456         46          0          0        216       3264   tim.o
       612         62          0          2        864       4180   usart.o
       196         44          0          2        288       2384   wifi4g.o

    ----------------------------------------------------------------------
     25900       2274       2912        292       4064     722392   Object Totals
         0          0         32          0          0          0   (incl. Generated)
        56          0          0          6          0          0   (incl. Padding)

    ----------------------------------------------------------------------

      Code (inc. data)   RO Data    RW Data    ZI Data      Debug   Library Member Name

        28          0          0          0          0         80   strtod.o
        86          0          0          0          0          0   __dczerorl2.o
        64          0          0          0          0         84   _sgetc.o
        40          6         64          0          0         68   ctype_c.o
         0          0          0          0          0          0   entry.o
         0          0          0          0          0          0   entry10a.o
         0          0          0          0          0          0   entry11a.o
         8          4          0          0          0          0   entry2.o
         4          0          0          0          0          0   entry5.o
         0          0          0          0          0          0   entry7b.o
         0          0          0          0          0          0   entry8b.o
         8          4          0          0          0          0   entry9a.o
        30          0          0          0          0          0   handlers.o
        36          8          0          0          0         68   init.o
        10          0          0          0          0         68   isspace_c.o
         0          0          0          0          0          0   iusefp.o
        30          0          0          0          0         68   llshl.o
        36          0          0          0          0         68   llsshr.o
        32          0          0          0          0         68   llushr.o
       140          6         12          0          0         76   localtime_i.o
       360         30          0          0          0        356   mallocr.o
        26          0          0          0          0         80   memcmp.o
        36          0          0          0          0         68   memcpya.o
        36          0          0          0          0        108   memseta.o
       168         18         12          0          0         80   mktime.o
         0          0          0          8          0          0   mvars.o
      2308         96          0          0          0        604   printfa.o
       878         12          0          0          0        216   scanf_fp.o
         0          0          0          4          0          0   stdout.o
        28          0          0          0          0         76   strcmp.o
        18          0          0          0          0         68   strcpy.o
        14          0          0          0          0         68   strlen.o
        30          0          0          0          0         80   strncmp.o
        36          0          0          0          0         80   strstr.o
       156         12          0          0          0        120   strtod.o
        12          0          0          0          0         68   tolower.o
        44          0          0          0          0         80   uidiv.o
        98          0          0          0          0         92   uldiv.o
        48          0          0          0          0         68   cdcmple.o
        48          0          0          0          0         68   cdrcmple.o
        56          0          0          0          0         88   d2f.o
       334          0          0          0          0        148   dadd.o
       222          0          0          0          0        100   ddiv.o
       186          0          0          0          0        176   depilogue.o
        62          0          0          0          0         80   dfixi.o
        48          0          0          0          0         68   dfixul.o
        26          0          0          0          0         76   dfltui.o
        24          0          0          0          0         76   dfltul.o
       228          0          0          0          0         96   dmul.o
        46          0          0          0          0         80   dscalb.o
       124          0          0          0          0         88   fdiv.o
       110          0          0          0          0        168   fepilogue.o
        40          0          0          0          0         68   ffixui.o
        10          0          0          0          0         68   ffltui.o
       100          0          0          0          0         76   fmul.o

    ----------------------------------------------------------------------
      6520        196         88         12          0       4484   Library Totals
         8          0          0          0          0          0   (incl. Padding)

    ----------------------------------------------------------------------

      Code (inc. data)   RO Data    RW Data    ZI Data      Debug   Library Name

        28          0          0          0          0         80   m_ws.l
      4772        196         88         12          0       2812   mc_w.l
      1712          0          0          0          0       1592   mf_w.l

    ----------------------------------------------------------------------
      6520        196         88         12          0       4484   Library Totals

    ----------------------------------------------------------------------

==============================================================================


      Code (inc. data)   RO Data    RW Data    ZI Data      Debug   

     32420       2470       3000        304       4064     711872   Grand Totals
     32420       2470       3000        100       4064     711872   ELF Image Totals (compressed)
     32420       2470       3000        100          0          0   ROM Totals

==============================================================================

    Total RO  Size (Code + RO Data)                35420 (  34.59kB)
    Total RW  Size (RW Data + ZI Data)              4368 (   4.27kB)
    Total ROM Size (Code + RO Data + RW Data)      35520 (  34.69kB)

==============================================================================

