Component: ARM Compiler 5.06 update 5 (build 528) Tool: armlink [4d35e2]

==============================================================================

Section Cross References

    startup_stm32f103xb.o(RESET) refers to startup_stm32f103xb.o(STACK) for __initial_sp
    startup_stm32f103xb.o(RESET) refers to startup_stm32f103xb.o(.text) for Reset_Handler
    startup_stm32f103xb.o(RESET) refers to stm32f1xx_it.o(i.NMI_Handler) for NMI_Handler
    startup_stm32f103xb.o(RESET) refers to stm32f1xx_it.o(i.HardFault_Handler) for HardFault_Handler
    startup_stm32f103xb.o(RESET) refers to stm32f1xx_it.o(i.MemManage_Handler) for MemManage_Handler
    startup_stm32f103xb.o(RESET) refers to stm32f1xx_it.o(i.BusFault_Handler) for BusFault_Handler
    startup_stm32f103xb.o(RESET) refers to stm32f1xx_it.o(i.UsageFault_Handler) for UsageFault_Handler
    startup_stm32f103xb.o(RESET) refers to stm32f1xx_it.o(i.SVC_Handler) for SVC_Handler
    startup_stm32f103xb.o(RESET) refers to stm32f1xx_it.o(i.DebugMon_Handler) for DebugMon_Handler
    startup_stm32f103xb.o(RESET) refers to stm32f1xx_it.o(i.PendSV_Handler) for PendSV_Handler
    startup_stm32f103xb.o(RESET) refers to stm32f1xx_it.o(i.SysTick_Handler) for SysTick_Handler
    startup_stm32f103xb.o(RESET) refers to stm32f1xx_it.o(i.EXTI9_5_IRQHandler) for EXTI9_5_IRQHandler
    startup_stm32f103xb.o(RESET) refers to stm32f1xx_it.o(i.TIM1_UP_IRQHandler) for TIM1_UP_IRQHandler
    startup_stm32f103xb.o(RESET) refers to porttimer.o(i.TIM3_IRQHandler) for TIM3_IRQHandler
    startup_stm32f103xb.o(RESET) refers to portserial.o(i.USART2_IRQHandler) for USART2_IRQHandler
    startup_stm32f103xb.o(RESET) refers to stm32f1xx_it.o(i.EXTI15_10_IRQHandler) for EXTI15_10_IRQHandler
    startup_stm32f103xb.o(.text) refers to system_stm32f1xx.o(i.SystemInit) for SystemInit
    startup_stm32f103xb.o(.text) refers to entry.o(.ARM.Collect$$$$00000000) for __main
    aht20.o(i.AHT20_DeInit) refers to stm32f1xx_hal_i2c.o(i.HAL_I2C_Master_Transmit) for HAL_I2C_Master_Transmit
    aht20.o(i.AHT20_DeInit) refers to i2c.o(.bss) for hi2c1
    aht20.o(i.AHT20_Init) refers to stm32f1xx_hal.o(i.HAL_Delay) for HAL_Delay
    aht20.o(i.AHT20_Init) refers to stm32f1xx_hal_i2c.o(i.HAL_I2C_Master_Transmit) for HAL_I2C_Master_Transmit
    aht20.o(i.AHT20_Init) refers to aht20.o(i.AHT20_Read_Status) for AHT20_Read_Status
    aht20.o(i.AHT20_Init) refers to aht20.o(i.AHT20_DeInit) for AHT20_DeInit
    aht20.o(i.AHT20_Init) refers to i2c.o(.bss) for hi2c1
    aht20.o(i.AHT20_Read) refers to aht20.o(i.AHT20_ReadData) for AHT20_ReadData
    aht20.o(i.AHT20_Read) refers to fmul.o(.text) for __aeabi_fmul
    aht20.o(i.AHT20_Read) refers to ffixui.o(.text) for __aeabi_f2uiz
    aht20.o(i.AHT20_Read) refers to aht20.o(.data) for .data
    aht20.o(i.AHT20_Read) refers to port.o(.bss) for REG_HOLD_BUF
    aht20.o(i.AHT20_ReadData) refers to stm32f1xx_hal_i2c.o(i.HAL_I2C_Master_Transmit) for HAL_I2C_Master_Transmit
    aht20.o(i.AHT20_ReadData) refers to stm32f1xx_hal.o(i.HAL_Delay) for HAL_Delay
    aht20.o(i.AHT20_ReadData) refers to aht20.o(i.AHT20_Read_Status) for AHT20_Read_Status
    aht20.o(i.AHT20_ReadData) refers to stm32f1xx_hal_i2c.o(i.HAL_I2C_Master_Receive) for HAL_I2C_Master_Receive
    aht20.o(i.AHT20_ReadData) refers to dfltui.o(.text) for __aeabi_ui2d
    aht20.o(i.AHT20_ReadData) refers to dmul.o(.text) for __aeabi_dmul
    aht20.o(i.AHT20_ReadData) refers to dscalb.o(.text) for __ARM_scalbn
    aht20.o(i.AHT20_ReadData) refers to d2f.o(.text) for __aeabi_d2f
    aht20.o(i.AHT20_ReadData) refers to dadd.o(.text) for __aeabi_dsub
    aht20.o(i.AHT20_ReadData) refers to i2c.o(.bss) for hi2c1
    aht20.o(i.AHT20_ReadData) refers to aht20.o(.data) for .data
    aht20.o(i.AHT20_Read_Status) refers to stm32f1xx_hal_i2c.o(i.HAL_I2C_Master_Receive) for HAL_I2C_Master_Receive
    aht20.o(i.AHT20_Read_Status) refers to i2c.o(.bss) for hi2c1
    aht20.o(i.AHT20_Test) refers to aht20.o(i.AHT20_ReadData) for AHT20_ReadData
    aht20.o(i.AHT20_Test) refers to f2d.o(.text) for __aeabi_f2d
    aht20.o(i.AHT20_Test) refers to printfa.o(i.__0printf) for __2printf
    aht20.o(i.AHT20_Test) refers to printfa.o(i.__0sprintf) for __2sprintf
    aht20.o(i.AHT20_Test) refers to oled.o(i.OLED_ShowStr) for OLED_ShowStr
    aht20.o(i.AHT20_Test) refers to stm32f1xx_hal.o(i.HAL_Delay) for HAL_Delay
    aht20.o(i.AHT20_Test) refers to aht20.o(.data) for .data
    ina226.o(i.INA226_Init) refers to stm32f1xx_hal_i2c.o(i.HAL_I2C_Master_Transmit) for HAL_I2C_Master_Transmit
    ina226.o(i.INA226_Init) refers to stm32f1xx_hal.o(i.HAL_Delay) for HAL_Delay
    ina226.o(i.INA226_Init) refers to i2c.o(.bss) for hi2c1
    ina226.o(i.INA226_Read) refers to ina226.o(i.INA226_Read_Current) for INA226_Read_Current
    ina226.o(i.INA226_Read) refers to ina226.o(i.INA226_Read_Bus_Voltage) for INA226_Read_Bus_Voltage
    ina226.o(i.INA226_Read) refers to ina226.o(i.INA226_Read_Pow) for INA226_Read_Pow
[...]
    i.LED_Control                            0x080036ac   Section        0  gpio.o(i.LED_Control)
    i.MX_ADC1_Init                           0x080036dc   Section        0  adc.o(i.MX_ADC1_Init)
    i.MX_GPIO_Init                           0x08003730   Section        0  gpio.o(i.MX_GPIO_Init)
    i.MX_I2C1_Init                           0x08003840   Section        0  i2c.o(i.MX_I2C1_Init)
    i.MX_RTC_Init                            0x08003880   Section        0  rtc.o(i.MX_RTC_Init)
    i.MX_TIM1_Init                           0x08003934   Section        0  tim.o(i.MX_TIM1_Init)
    i.MX_TIM3_Init                           0x080039a0   Section        0  tim.o(i.MX_TIM3_Init)
    i.MX_USART1_UART_Init                    0x08003a08   Section        0  usart.o(i.MX_USART1_UART_Init)
    i.MX_USART2_UART_Init                    0x08003a40   Section        0  usart.o(i.MX_USART2_UART_Init)
    i.MemManage_Handler                      0x08003a78   Section        0  stm32f1xx_it.o(i.MemManage_Handler)
    i.Modbus_Init                            0x08003a7c   Section        0  modbus.o(i.Modbus_Init)
    i.Modbus_Parse                           0x08003ac4   Section        0  modbus.o(i.Modbus_Parse)
    i.NMI_Handler                            0x08003b50   Section        0  stm32f1xx_it.o(i.NMI_Handler)
    i.OLED_CLS                               0x08003b52   Section        0  oled.o(i.OLED_CLS)
    i.OLED_Fill                              0x08003b58   Section        0  oled.o(i.OLED_Fill)
    i.OLED_Init                              0x08003b90   Section        0  oled.o(i.OLED_Init)
    i.OLED_SetPos                            0x08003c44   Section        0  oled.o(i.OLED_SetPos)
    i.OLED_ShowStr                           0x08003c6c   Section        0  oled.o(i.OLED_ShowStr)
    i.PendSV_Handler                         0x08003d44   Section        0  stm32f1xx_it.o(i.PendSV_Handler)
    i.RELAY_Control                          0x08003d48   Section        0  gpio.o(i.RELAY_Control)
    i.RTC_Bcd2ToByte                         0x08003d68   Section        0  stm32f1xx_hal_rtc.o(i.RTC_Bcd2ToByte)
    RTC_Bcd2ToByte                           0x08003d69   Thumb Code    18  stm32f1xx_hal_rtc.o(i.RTC_Bcd2ToByte)
    i.RTC_EnterInitMode                      0x08003d7a   Section        0  stm32f1xx_hal_rtc.o(i.RTC_EnterInitMode)
    RTC_EnterInitMode                        0x08003d7b   Thumb Code    52  stm32f1xx_hal_rtc.o(i.RTC_EnterInitMode)
    i.RTC_ExitInitMode                       0x08003db0   Section        0  stm32f1xx_hal_rtc.o(i.RTC_ExitInitMode)
    RTC_ExitInitMode                         0x08003db1   Thumb Code    54  stm32f1xx_hal_rtc.o(i.RTC_ExitInitMode)
    i.RTC_ReadAlarmCounter                   0x08003de6   Section        0  stm32f1xx_hal_rtc.o(i.RTC_ReadAlarmCounter)
    RTC_ReadAlarmCounter                     0x08003de7   Thumb Code    14  stm32f1xx_hal_rtc.o(i.RTC_ReadAlarmCounter)
    i.RTC_ReadTimeCounter                    0x08003df4   Section        0  stm32f1xx_hal_rtc.o(i.RTC_ReadTimeCounter)
    RTC_ReadTimeCounter                      0x08003df5   Thumb Code    32  stm32f1xx_hal_rtc.o(i.RTC_ReadTimeCounter)
    i.RTC_WeekDayNum                         0x08003e14   Section        0  stm32f1xx_hal_rtc.o(i.RTC_WeekDayNum)
    RTC_WeekDayNum                           0x08003e15   Thumb Code    86  stm32f1xx_hal_rtc.o(i.RTC_WeekDayNum)
    i.RTC_WriteAlarmCounter                  0x08003e6a   Section        0  stm32f1xx_hal_rtc.o(i.RTC_WriteAlarmCounter)
    RTC_WriteAlarmCounter                    0x08003e6b   Thumb Code    40  stm32f1xx_hal_rtc.o(i.RTC_WriteAlarmCounter)
    i.RTC_WriteTimeCounter                   0x08003e94   Section        0  rtc.o(i.RTC_WriteTimeCounter)
    RTC_WriteTimeCounter                     0x08003e95   Thumb Code   112  rtc.o(i.RTC_WriteTimeCounter)
    i.RTC_WriteTimeCounter                   0x08003f04   Section        0  stm32f1xx_hal_rtc.o(i.RTC_WriteTimeCounter)
    RTC_WriteTimeCounter                     0x08003f05   Thumb Code    40  stm32f1xx_hal_rtc.o(i.RTC_WriteTimeCounter)
    i.Read_SlaveAddress                      0x08003f2c   Section        0  modbus.o(i.Read_SlaveAddress)
    i.SVC_Handler                            0x08003f5c   Section        0  stm32f1xx_it.o(i.SVC_Handler)
    i.SysTick_Handler                        0x08003f5e   Section        0  stm32f1xx_it.o(i.SysTick_Handler)
    i.SystemClock_Config                     0x08003f62   Section        0  main.o(i.SystemClock_Config)
    i.SystemInit                             0x08003fe8   Section        0  system_stm32f1xx.o(i.SystemInit)
    i.TIM1_UP_IRQHandler                     0x08003fec   Section        0  stm32f1xx_it.o(i.TIM1_UP_IRQHandler)
    i.TIM3_IRQHandler                        0x08003ff8   Section        0  porttimer.o(i.TIM3_IRQHandler)
    i.TIM_Base_SetConfig                     0x08004018   Section        0  stm32f1xx_hal_tim.o(i.TIM_Base_SetConfig)
    i.TIM_ETR_SetConfig                      0x08004090   Section        0  stm32f1xx_hal_tim.o(i.TIM_ETR_SetConfig)
    i.TIM_ITRx_SetConfig                     0x080040a4   Section        0  stm32f1xx_hal_tim.o(i.TIM_ITRx_SetConfig)
    TIM_ITRx_SetConfig                       0x080040a5   Thumb Code    16  stm32f1xx_hal_tim.o(i.TIM_ITRx_SetConfig)
    i.TIM_TI1_ConfigInputStage               0x080040b4   Section        0  stm32f1xx_hal_tim.o(i.TIM_TI1_ConfigInputStage)
    TIM_TI1_ConfigInputStage                 0x080040b5   Thumb Code    34  stm32f1xx_hal_tim.o(i.TIM_TI1_ConfigInputStage)
    i.TIM_TI2_ConfigInputStage               0x080040d6   Section        0  stm32f1xx_hal_tim.o(i.TIM_TI2_ConfigInputStage)
    TIM_TI2_ConfigInputStage                 0x080040d7   Thumb Code    36  stm32f1xx_hal_tim.o(i.TIM_TI2_ConfigInputStage)
    i.UART_EndRxTransfer                     0x080040fa   Section        0  stm32f1xx_hal_uart.o(i.UART_EndRxTransfer)
    UART_EndRxTransfer                       0x080040fb   Thumb Code    78  stm32f1xx_hal_uart.o(i.UART_EndRxTransfer)
    i.UART_SetConfig                         0x08004148   Section        0  stm32f1xx_hal_uart.o(i.UART_SetConfig)
    UART_SetConfig                           0x08004149   Thumb Code   178  stm32f1xx_hal_uart.o(i.UART_SetConfig)
    i.UART_WaitOnFlagUntilTimeout            0x08004200   Section        0  stm32f1xx_hal_uart.o(i.UART_WaitOnFlagUntilTimeout)
    UART_WaitOnFlagUntilTimeout              0x08004201   Thumb Code   114  stm32f1xx_hal_uart.o(i.UART_WaitOnFlagUntilTimeout)
    i.USART2_IRQHandler                      0x08004274   Section        0  portserial.o(i.USART2_IRQHandler)
    i.UsageFault_Handler                     0x080042b8   Section        0  stm32f1xx_it.o(i.UsageFault_Handler)
    i.WriteCmd                               0x080042bc   Section        0  oled.o(i.WriteCmd)
    i.WriteDat                               0x080042e0   Section        0  oled.o(i.WriteDat)
    i.Write_SlaveAddress                     0x08004304   Section        0  modbus.o(i.Write_SlaveAddress)
    i.__0printf                              0x0800432c   Section        0  printfa.o(i.__0printf)
    i.__NVIC_SetPriority                     0x0800434c   Section        0  stm32f1xx_hal_cortex.o(i.__NVIC_SetPriority)
    __NVIC_SetPriority                       0x0800434d   Thumb Code    32  stm32f1xx_hal_cortex.o(i.__NVIC_SetPriority)
    i.__scatterload_copy                     0x0800436c   Section       14  handlers.o(i.__scatterload_copy)
    i.__scatterload_null                     0x0800437a   Section        2  handlers.o(i.__scatterload_null)
    i.__scatterload_zeroinit                 0x0800437c   Section       14  handlers.o(i.__scatterload_zeroinit)
    i._fp_digits                             0x0800438c   Section        0  printfa.o(i._fp_digits)
    _fp_digits                               0x0800438d   Thumb Code   366  printfa.o(i._fp_digits)
    i._printf_core                           0x08004510   Section        0  printfa.o(i._printf_core)
    _printf_core                             0x08004511   Thumb Code  1744  printfa.o(i._printf_core)
    i._printf_post_padding                   0x08004bec   Section        0  printfa.o(i._printf_post_padding)
    _printf_post_padding                     0x08004bed   Thumb Code    36  printfa.o(i._printf_post_padding)
    i._printf_pre_padding                    0x08004c10   Section        0  printfa.o(i._printf_pre_padding)
    _printf_pre_padding                      0x08004c11   Thumb Code    46  printfa.o(i._printf_pre_padding)
    i.eMBASCIIInit                           0x08004c40   Section        0  mbascii.o(i.eMBASCIIInit)
    i.eMBASCIIReceive                        0x08004c70   Section        0  mbascii.o(i.eMBASCIIReceive)
    i.eMBASCIISend                           0x08004cb8   Section        0  mbascii.o(i.eMBASCIISend)
    i.eMBASCIIStart                          0x08004d00   Section        0  mbascii.o(i.eMBASCIIStart)
    i.eMBASCIIStop                           0x08004d1c   Section        0  mbascii.o(i.eMBASCIIStop)
    i.eMBClose                               0x08004d30   Section        0  mb.o(i.eMBClose)
    i.eMBDisable                             0x08004d50   Section        0  mb.o(i.eMBDisable)
    i.eMBEnable                              0x08004d70   Section        0  mb.o(i.eMBEnable)
    i.eMBFuncReadCoils                       0x08004d90   Section        0  mbfunccoils.o(i.eMBFuncReadCoils)
    i.eMBFuncReadDiscreteInputs              0x08004e02   Section        0  mbfuncdisc.o(i.eMBFuncReadDiscreteInputs)
    i.eMBFuncReadHoldingRegister             0x08004e74   Section        0  mbfuncholding.o(i.eMBFuncReadHoldingRegister)
    i.eMBFuncReadInputRegister               0x08004ed2   Section        0  mbfuncinput.o(i.eMBFuncReadInputRegister)
    i.eMBFuncReadWriteMultipleHoldingRegister 0x08004f34   Section        0  mbfuncholding.o(i.eMBFuncReadWriteMultipleHoldingRegister)
    i.eMBFuncReportSlaveID                   0x08004fd0   Section        0  mbfuncother.o(i.eMBFuncReportSlaveID)
    i.eMBFuncWriteCoil                       0x08004ff4   Section        0  mbfunccoils.o(i.eMBFuncWriteCoil)
    i.eMBFuncWriteHoldingRegister            0x0800504a   Section        0  mbfuncholding.o(i.eMBFuncWriteHoldingRegister)
    i.eMBFuncWriteMultipleCoils              0x0800507c   Section        0  mbfunccoils.o(i.eMBFuncWriteMultipleCoils)
    i.eMBFuncWriteMultipleHoldingRegister    0x080050e0   Section        0  mbfuncholding.o(i.eMBFuncWriteMultipleHoldingRegister)
    i.eMBInit                                0x08005130   Section        0  mb.o(i.eMBInit)
    i.eMBPoll                                0x080051fc   Section        0  mb.o(i.eMBPoll)
    i.eMBRTUInit                             0x080052b4   Section        0  mbrtu.o(i.eMBRTUInit)
    i.eMBRTUReceive                          0x080052f0   Section        0  mbrtu.o(i.eMBRTUReceive)
    i.eMBRTUSend                             0x08005340   Section        0  mbrtu.o(i.eMBRTUSend)
    i.eMBRTUStart                            0x08005398   Section        0  mbrtu.o(i.eMBRTUStart)
    i.eMBRTUStop                             0x080053b4   Section        0  mbrtu.o(i.eMBRTUStop)
    i.eMBRegCoilsCB                          0x080053c8   Section        0  port.o(i.eMBRegCoilsCB)
    i.eMBRegDiscreteCB                       0x08005464   Section        0  port.o(i.eMBRegDiscreteCB)
    i.eMBRegHoldingCB                        0x080054e4   Section        0  port.o(i.eMBRegHoldingCB)
    i.eMBRegInputCB                          0x0800554c   Section        0  port.o(i.eMBRegInputCB)
    i.fputc                                  0x0800559c   Section        0  usart.o(i.fputc)
    i.main                                   0x080055b4   Section        0  main.o(i.main)
    i.prveMBError2Exception                  0x08005654   Section        0  mbutils.o(i.prveMBError2Exception)
    i.prvucMBBIN2CHAR                        0x0800566c   Section        0  mbascii.o(i.prvucMBBIN2CHAR)
    prvucMBBIN2CHAR                          0x0800566d   Thumb Code    28  mbascii.o(i.prvucMBBIN2CHAR)
    i.prvucMBLRC                             0x08005688   Section        0  mbascii.o(i.prvucMBLRC)
    prvucMBLRC                               0x08005689   Thumb Code    24  mbascii.o(i.prvucMBLRC)
    i.usMBCRC16                              0x080056a0   Section        0  mbcrc.o(i.usMBCRC16)
    i.vMBPortSerialEnable                    0x080056cc   Section        0  portserial.o(i.vMBPortSerialEnable)
    i.vMBPortTimersDisable                   0x08005720   Section        0  porttimer.o(i.vMBPortTimersDisable)
    i.vMBPortTimersEnable                    0x08005744   Section        0  porttimer.o(i.vMBPortTimersEnable)
    i.xMBASCIIReceiveFSM                     0x0800575c   Section        0  mbascii.o(i.xMBASCIIReceiveFSM)
    i.xMBASCIITimerT1SExpired                0x08005840   Section        0  mbascii.o(i.xMBASCIITimerT1SExpired)
    i.xMBASCIITransmitFSM                    0x08005870   Section        0  mbascii.o(i.xMBASCIITransmitFSM)
    i.xMBPortEventGet                        0x0800591c   Section        0  portevent.o(i.xMBPortEventGet)
    i.xMBPortEventInit                       0x08005938   Section        0  portevent.o(i.xMBPortEventInit)
    i.xMBPortEventPost                       0x08005948   Section        0  portevent.o(i.xMBPortEventPost)
    i.xMBPortSerialGetByte                   0x08005958   Section        0  portserial.o(i.xMBPortSerialGetByte)
    i.xMBPortSerialInit                      0x08005968   Section        0  portserial.o(i.xMBPortSerialInit)
    i.xMBPortSerialPutByte                   0x080059b8   Section        0  portserial.o(i.xMBPortSerialPutByte)
    i.xMBPortTimersInit                      0x080059c4   Section        0  porttimer.o(i.xMBPortTimersInit)
    i.xMBRTUReceiveFSM                       0x08005a38   Section        0  mbrtu.o(i.xMBRTUReceiveFSM)
    i.xMBRTUTimerT35Expired                  0x08005aa0   Section        0  mbrtu.o(i.xMBRTUTimerT35Expired)
    i.xMBRTUTransmitFSM                      0x08005ae0   Section        0  mbrtu.o(i.xMBRTUTransmitFSM)
    .constdata                               0x08005b3c   Section     2072  oled.o(.constdata)
    .constdata                               0x08006354   Section      512  mbcrc.o(.constdata)
    aucCRCHi                                 0x08006354   Data         256  mbcrc.o(.constdata)
    aucCRCLo                                 0x08006454   Data         256  mbcrc.o(.constdata)
    .constdata                               0x08006554   Section       18  stm32f1xx_hal_rcc.o(.constdata)
    aPredivFactorTable                       0x08006554   Data           2  stm32f1xx_hal_rcc.o(.constdata)
    aPLLMULFactorTable                       0x08006556   Data          16  stm32f1xx_hal_rcc.o(.constdata)
    .constdata                               0x08006566   Section       18  stm32f1xx_hal_rcc_ex.o(.constdata)
    aPredivFactorTable                       0x08006566   Data           2  stm32f1xx_hal_rcc_ex.o(.constdata)
    aPLLMULFactorTable                       0x08006568   Data          16  stm32f1xx_hal_rcc_ex.o(.constdata)
    .constdata                               0x08006578   Section       16  system_stm32f1xx.o(.constdata)
    .constdata                               0x08006588   Section        8  system_stm32f1xx.o(.constdata)
    .constdata                               0x08006590   Section       12  mktime.o(.constdata)
    monlen                                   0x08006590   Data          12  mktime.o(.constdata)
    .constdata                               0x0800659c   Section       12  localtime_i.o(.constdata)
    monlen                                   0x0800659c   Data          12  localtime_i.o(.constdata)
    .data                                    0x20000000   Section        8  aht20.o(.data)
    .data                                    0x20000008   Section        3  modbus.o(.data)
    .data                                    0x2000000b   Section        1  gpio.o(.data)
    .data                                    0x2000000c   Section        4  stm32f1xx_it.o(.data)
    old_uwTick                               0x2000000c   Data           4  stm32f1xx_it.o(.data)
    .data                                    0x20000010   Section      172  mb.o(.data)
    eMBState                                 0x20000010   Data           1  mb.o(.data)
    ucRcvAddress                             0x20000011   Data           1  mb.o(.data)
    ucFunctionCode                           0x20000012   Data           1  mb.o(.data)
    eException                               0x20000013   Data           1  mb.o(.data)
    ucMBAddress                              0x20000014   Data           1  mb.o(.data)
    eMBCurrentMode                           0x20000015   Data           1  mb.o(.data)
    usLength                                 0x20000016   Data           2  mb.o(.data)
    ucMBFrame                                0x20000018   Data           4  mb.o(.data)
    peMBFrameSendCur                         0x2000001c   Data           4  mb.o(.data)
    pvMBFrameStartCur                        0x20000020   Data           4  mb.o(.data)
    pvMBFrameStopCur                         0x20000024   Data           4  mb.o(.data)
    peMBFrameReceiveCur                      0x20000028   Data           4  mb.o(.data)
    pvMBFrameCloseCur                        0x2000002c   Data           4  mb.o(.data)
    xFuncHandlers                            0x2000003c   Data         128  mb.o(.data)
    .data                                    0x200000bc   Section       16  mbascii.o(.data)
    eSndState                                0x200000bc   Data           1  mbascii.o(.data)
    eRcvState                                0x200000bd   Data           1  mbascii.o(.data)
    eBytePos                                 0x200000be   Data           1  mbascii.o(.data)
    ucMBLFCharacter                          0x200000bf   Data           1  mbascii.o(.data)
    usRcvBufferPos                           0x200000c0   Data           2  mbascii.o(.data)
    usSndBufferCount                         0x200000c2   Data           2  mbascii.o(.data)
    ucASCIIBuf                               0x200000c4   Data           4  mbascii.o(.data)
    pucSndBufferCur                          0x200000c8   Data           4  mbascii.o(.data)
    .data                                    0x200000cc   Section        2  mbfuncother.o(.data)
    usMBSlaveIDLen                           0x200000cc   Data           2  mbfuncother.o(.data)
    .data                                    0x200000d0   Section       12  mbrtu.o(.data)
    eSndState                                0x200000d0   Data           1  mbrtu.o(.data)
    eRcvState                                0x200000d1   Data           1  mbrtu.o(.data)
    usSndBufferCount                         0x200000d2   Data           2  mbrtu.o(.data)
    usRcvBufferPos                           0x200000d4   Data           2  mbrtu.o(.data)
    pucSndBufferCur                          0x200000d8   Data           4  mbrtu.o(.data)
    .data                                    0x200000dc   Section        2  portevent.o(.data)
    eQueuedEvent                             0x200000dc   Data           1  portevent.o(.data)
    xEventInQueue                            0x200000dd   Data           1  portevent.o(.data)
    .data                                    0x200000de   Section       20  port.o(.data)
    .data                                    0x200000f4   Section       12  stm32f1xx_hal.o(.data)
    .data                                    0x20000100   Section        4  system_stm32f1xx.o(.data)
    .data                                    0x20000104   Section        4  stdout.o(.data)
    .bss                                     0x20000108   Section       48  adc.o(.bss)
    .bss                                     0x20000138   Section       84  i2c.o(.bss)
    .bss                                     0x2000018c   Section       20  rtc.o(.bss)
    .bss                                     0x200001a0   Section      144  tim.o(.bss)
    .bss                                     0x20000230   Section      144  usart.o(.bss)
    .bss                                     0x200002c0   Section       32  mbfuncother.o(.bss)
    ucMBSlaveID                              0x200002c0   Data          32  mbfuncother.o(.bss)
    .bss                                     0x200002e0   Section      256  mbrtu.o(.bss)
    .bss                                     0x200003e0   Section       40  port.o(.bss)
    STACK                                    0x20000408   Section     1024  startup_stm32f103xb.o(STACK)

    Global Symbols

    Symbol Name                              Value     Ov Type        Size  Object(Section)

    BuildAttributes$$THM_ISAv4$P$D$K$B$S$PE$A:L22UL41UL21$X:L11$S22US41US21$IEEE1$IW$USESV6$~STKCKD$USESV7$~SHL$OTIME$ROPI$EBA8$MICROLIB$REQ8$PRES8$EABIv2 0x00000000   Number         0  anon$$obj.o ABSOLUTE
    __ARM_use_no_argv                        0x00000000   Number         0  main.o ABSOLUTE
    _printf_a                                0x00000000   Number         0  stubs.o ABSOLUTE
    _printf_c                                0x00000000   Number         0  stubs.o ABSOLUTE
    _printf_charcount                        0x00000000   Number         0  stubs.o ABSOLUTE
    _printf_d                                0x00000000   Number         0  stubs.o ABSOLUTE
    _printf_e                                0x00000000   Number         0  stubs.o ABSOLUTE
    _printf_f                                0x00000000   Number         0  stubs.o ABSOLUTE
    _printf_flags                            0x00000000   Number         0  stubs.o ABSOLUTE
    _printf_fp_dec                           0x00000000   Number         0  stubs.o ABSOLUTE
    _printf_fp_hex                           0x00000000   Number         0  stubs.o ABSOLUTE
    _printf_g                                0x00000000   Number         0  stubs.o ABSOLUTE
    _printf_i                                0x00000000   Number         0  stubs.o ABSOLUTE
    _printf_int_dec                          0x00000000   Number         0  stubs.o ABSOLUTE
    _printf_l                                0x00000000   Number         0  stubs.o ABSOLUTE
    _printf_lc                               0x00000000   Number         0  stubs.o ABSOLUTE
    _printf_ll                               0x00000000   Number         0  stubs.o ABSOLUTE
    _printf_lld                              0x00000000   Number         0  stubs.o ABSOLUTE
    _printf_lli                              0x00000000   Number         0  stubs.o ABSOLUTE
    _printf_llo                              0x00000000   Number         0  stubs.o ABSOLUTE
    _printf_llu                              0x00000000   Number         0  stubs.o ABSOLUTE
    _printf_llx                              0x00000000   Number         0  stubs.o ABSOLUTE
    _printf_longlong_dec                     0x00000000   Number         0  stubs.o ABSOLUTE
    _printf_longlong_hex                     0x00000000   Number         0  stubs.o ABSOLUTE
    _printf_longlong_oct                     0x00000000   Number         0  stubs.o ABSOLUTE
    _printf_ls                               0x00000000   Number         0  stubs.o ABSOLUTE
    _printf_mbtowc                           0x00000000   Number         0  stubs.o ABSOLUTE
    _printf_n                                0x00000000   Number         0  stubs.o ABSOLUTE
    _printf_o                                0x00000000   Number         0  stubs.o ABSOLUTE
    _printf_p                                0x00000000   Number         0  stubs.o ABSOLUTE
    _printf_percent                          0x00000000   Number         0  stubs.o ABSOLUTE
    _printf_pre_padding                      0x00000000   Number         0  stubs.o ABSOLUTE
    _printf_return_value                     0x00000000   Number         0  stubs.o ABSOLUTE
    _printf_s                                0x00000000   Number         0  stubs.o ABSOLUTE
    _printf_sizespec                         0x00000000   Number         0  stubs.o ABSOLUTE
    _printf_str                              0x00000000   Number         0  stubs.o ABSOLUTE
    _printf_truncate_signed                  0x00000000   Number         0  stubs.o ABSOLUTE
    _printf_truncate_unsigned                0x00000000   Number         0  stubs.o ABSOLUTE
    _printf_u                                0x00000000   Number         0  stubs.o ABSOLUTE
    _printf_wc                               0x00000000   Number         0  stubs.o ABSOLUTE
    _printf_wctomb                           0x00000000   Number         0  stubs.o ABSOLUTE
    _printf_widthprec                        0x00000000   Number         0  stubs.o ABSOLUTE
    _printf_x                                0x00000000   Number         0  stubs.o ABSOLUTE
    __cpp_initialize__aeabi_                  - Undefined Weak Reference
    __cxa_finalize                            - Undefined Weak Reference
    __decompress                              - Undefined Weak Reference
    _clock_init                               - Undefined Weak Reference
    _microlib_exit                            - Undefined Weak Reference
    __Vectors_Size                           0x000000ec   Number         0  startup_stm32f103xb.o ABSOLUTE
    __Vectors                                0x08000000   Data           4  startup_stm32f103xb.o(RESET)
    __Vectors_End                            0x080000ec   Data           0  startup_stm32f103xb.o(RESET)
    __main                                   0x080000ed   Thumb Code     0  entry.o(.ARM.Collect$$$$00000000)
    _main_stk                                0x080000ed   Thumb Code     0  entry2.o(.ARM.Collect$$$$00000001)
    _main_scatterload                        0x080000f1   Thumb Code     0  entry5.o(.ARM.Collect$$$$00000004)
    __main_after_scatterload                 0x080000f5   Thumb Code     0  entry5.o(.ARM.Collect$$$$00000004)
    _main_clock                              0x080000f5   Thumb Code     0  entry7b.o(.ARM.Collect$$$$00000008)
    _main_cpp_init                           0x080000f5   Thumb Code     0  entry8b.o(.ARM.Collect$$$$0000000A)
    _main_init                               0x080000f5   Thumb Code     0  entry9a.o(.ARM.Collect$$$$0000000B)
    __rt_final_cpp                           0x080000fd   Thumb Code     0  entry10a.o(.ARM.Collect$$$$0000000D)
    __rt_final_exit                          0x080000fd   Thumb Code     0  entry11a.o(.ARM.Collect$$$$0000000F)
    Reset_Handler                            0x08000101   Thumb Code     8  startup_stm32f103xb.o(.text)
    ADC1_2_IRQHandler                        0x0800011b   Thumb Code     0  startup_stm32f103xb.o(.text)
    CAN1_RX1_IRQHandler                      0x0800011b   Thumb Code     0  startup_stm32f103xb.o(.text)
    CAN1_SCE_IRQHandler                      0x0800011b   Thumb Code     0  startup_stm32f103xb.o(.text)
    DMA1_Channel1_IRQHandler                 0x0800011b   Thumb Code     0  startup_stm32f103xb.o(.text)
    DMA1_Channel2_IRQHandler                 0x0800011b   Thumb Code     0  startup_stm32f103xb.o(.text)
    DMA1_Channel3_IRQHandler                 0x0800011b   Thumb Code     0  startup_stm32f103xb.o(.text)
    DMA1_Channel4_IRQHandler                 0x0800011b   Thumb Code     0  startup_stm32f103xb.o(.text)
    DMA1_Channel5_IRQHandler                 0x0800011b   Thumb Code     0  startup_stm32f103xb.o(.text)
    DMA1_Channel6_IRQHandler                 0x0800011b   Thumb Code     0  startup_stm32f103xb.o(.text)
    DMA1_Channel7_IRQHandler                 0x0800011b   Thumb Code     0  startup_stm32f103xb.o(.text)
    EXTI0_IRQHandler                         0x0800011b   Thumb Code     0  startup_stm32f103xb.o(.text)
    EXTI1_IRQHandler                         0x0800011b   Thumb Code     0  startup_stm32f103xb.o(.text)
    EXTI2_IRQHandler                         0x0800011b   Thumb Code     0  startup_stm32f103xb.o(.text)
    EXTI3_IRQHandler                         0x0800011b   Thumb Code     0  startup_stm32f103xb.o(.text)
    EXTI4_IRQHandler                         0x0800011b   Thumb Code     0  startup_stm32f103xb.o(.text)
    FLASH_IRQHandler                         0x0800011b   Thumb Code     0  startup_stm32f103xb.o(.text)
    I2C1_ER_IRQHandler                       0x0800011b   Thumb Code     0  startup_stm32f103xb.o(.text)
    I2C1_EV_IRQHandler                       0x0800011b   Thumb Code     0  startup_stm32f103xb.o(.text)
    I2C2_ER_IRQHandler                       0x0800011b   Thumb Code     0  startup_stm32f103xb.o(.text)
    I2C2_EV_IRQHandler                       0x0800011b   Thumb Code     0  startup_stm32f103xb.o(.text)
    PVD_IRQHandler                           0x0800011b   Thumb Code     0  startup_stm32f103xb.o(.text)
    RCC_IRQHandler                           0x0800011b   Thumb Code     0  startup_stm32f103xb.o(.text)
    RTC_Alarm_IRQHandler                     0x0800011b   Thumb Code     0  startup_stm32f103xb.o(.text)
    RTC_IRQHandler                           0x0800011b   Thumb Code     0  startup_stm32f103xb.o(.text)
    SPI1_IRQHandler                          0x0800011b   Thumb Code     0  startup_stm32f103xb.o(.text)
    SPI2_IRQHandler                          0x0800011b   Thumb Code     0  startup_stm32f103xb.o(.text)
    TAMPER_IRQHandler                        0x0800011b   Thumb Code     0  startup_stm32f103xb.o(.text)
    TIM1_BRK_IRQHandler                      0x0800011b   Thumb Code     0  startup_stm32f103xb.o(.text)
    TIM1_CC_IRQHandler                       0x0800011b   Thumb Code     0  startup_stm32f103xb.o(.text)
    TIM1_TRG_COM_IRQHandler                  0x0800011b   Thumb Code     0  startup_stm32f103xb.o(.text)
    TIM2_IRQHandler                          0x0800011b   Thumb Code     0  startup_stm32f103xb.o(.text)
    TIM4_IRQHandler                          0x0800011b   Thumb Code     0  startup_stm32f103xb.o(.text)
    USART1_IRQHandler                        0x0800011b   Thumb Code     0  startup_stm32f103xb.o(.text)
    USART3_IRQHandler                        0x0800011b   Thumb Code     0  startup_stm32f103xb.o(.text)
    USBWakeUp_IRQHandler                     0x0800011b   Thumb Code     0  startup_stm32f103xb.o(.text)
    USB_HP_CAN1_TX_IRQHandler                0x0800011b   Thumb Code     0  startup_stm32f103xb.o(.text)
    USB_LP_CAN1_RX0_IRQHandler               0x0800011b   Thumb Code     0  startup_stm32f103xb.o(.text)
    WWDG_IRQHandler                          0x0800011b   Thumb Code     0  startup_stm32f103xb.o(.text)
    __aeabi_llsr                             0x08000125   Thumb Code    32  llushr.o(.text)
    _ll_ushift_r                             0x08000125   Thumb Code     0  llushr.o(.text)
    mktime                                   0x08000145   Thumb Code   150  mktime.o(.text)
    __aeabi_memcpy                           0x080001ed   Thumb Code    36  memcpya.o(.text)
    __aeabi_memcpy4                          0x080001ed   Thumb Code     0  memcpya.o(.text)
    __aeabi_memcpy8                          0x080001ed   Thumb Code     0  memcpya.o(.text)
    __aeabi_memset                           0x08000211   Thumb Code    14  memseta.o(.text)
    __aeabi_memset4                          0x08000211   Thumb Code     0  memseta.o(.text)
    __aeabi_memset8                          0x08000211   Thumb Code     0  memseta.o(.text)
    __aeabi_memclr                           0x0800021f   Thumb Code     4  memseta.o(.text)
    __aeabi_memclr4                          0x0800021f   Thumb Code     0  memseta.o(.text)
    __aeabi_memclr8                          0x0800021f   Thumb Code     0  memseta.o(.text)
    _memset$wrapper                          0x08000223   Thumb Code    18  memseta.o(.text)
    __aeabi_fmul                             0x08000235   Thumb Code   100  fmul.o(.text)
    __aeabi_fdiv                             0x08000299   Thumb Code   124  fdiv.o(.text)
    __aeabi_dadd                             0x08000315   Thumb Code   322  dadd.o(.text)
    __aeabi_dsub                             0x08000457   Thumb Code     6  dadd.o(.text)
    __aeabi_drsub                            0x0800045d   Thumb Code     6  dadd.o(.text)
    __aeabi_dmul                             0x08000463   Thumb Code   228  dmul.o(.text)
    __aeabi_ddiv                             0x08000547   Thumb Code   222  ddiv.o(.text)
    __ARM_scalbn                             0x08000625   Thumb Code    46  dscalb.o(.text)
    scalbn                                   0x08000625   Thumb Code     0  dscalb.o(.text)
    __aeabi_ui2f                             0x08000653   Thumb Code    10  ffltui.o(.text)
    __aeabi_ui2d                             0x0800065d   Thumb Code    26  dfltui.o(.text)
    __aeabi_f2uiz                            0x08000677   Thumb Code    40  ffixui.o(.text)
    __aeabi_d2f                              0x0800069f   Thumb Code    56  d2f.o(.text)
    __aeabi_uidiv                            0x080006d7   Thumb Code     0  uidiv.o(.text)
    __aeabi_uidivmod                         0x080006d7   Thumb Code    44  uidiv.o(.text)
    __aeabi_uldivmod                         0x08000703   Thumb Code    98  uldiv.o(.text)
    __aeabi_llsl                             0x08000765   Thumb Code    30  llshl.o(.text)
    _ll_shift_l                              0x08000765   Thumb Code     0  llshl.o(.text)
    __aeabi_lasr                             0x08000783   Thumb Code    36  llsshr.o(.text)
    _ll_sshift_r                             0x08000783   Thumb Code     0  llsshr.o(.text)
    _localtime                               0x080007a9   Thumb Code   134  localtime_i.o(.text)
    __I$use$fp                               0x08000835   Thumb Code     0  iusefp.o(.text)
    _float_round                             0x08000835   Thumb Code    18  fepilogue.o(.text)
    _float_epilogue                          0x08000847   Thumb Code    92  fepilogue.o(.text)
    _double_round                            0x080008a3   Thumb Code    30  depilogue.o(.text)
    _double_epilogue                         0x080008c1   Thumb Code   156  depilogue.o(.text)
    __aeabi_d2ulz                            0x0800095d   Thumb Code    48  dfixul.o(.text)
    __aeabi_cdrcmple                         0x0800098d   Thumb Code    48  cdrcmple.o(.text)
    __scatterload                            0x080009bd   Thumb Code    28  init.o(.text)
    __scatterload_rt2                        0x080009bd   Thumb Code     0  init.o(.text)
    ADC_ConversionStop_Disable               0x080009e1   Thumb Code    86  stm32f1xx_hal_adc.o(i.ADC_ConversionStop_Disable)
    ADC_Enable                               0x08000a39   Thumb Code   114  stm32f1xx_hal_adc.o(i.ADC_Enable)
    ADC_VR_CPU_Read                          0x08000ab5   Thumb Code   254  adc.o(i.ADC_VR_CPU_Read)
    AHT20_DeInit                             0x08000bdd   Thumb Code    40  aht20.o(i.AHT20_DeInit)
    AHT20_Init                               0x08000c09   Thumb Code    58  aht20.o(i.AHT20_Init)
    AHT20_Read                               0x08000c49   Thumb Code    42  aht20.o(i.AHT20_Read)
    AHT20_ReadData                           0x08000c81   Thumb Code   232  aht20.o(i.AHT20_ReadData)
    AHT20_Read_Status                        0x08000d7d   Thumb Code    26  aht20.o(i.AHT20_Read_Status)
    BEEP_Control                             0x08000d9d   Thumb Code    28  gpio.o(i.BEEP_Control)
    BusFault_Handler                         0x08000dbd   Thumb Code     2  stm32f1xx_it.o(i.BusFault_Handler)
    DebugMon_Handler                         0x08000dbf   Thumb Code     2  stm32f1xx_it.o(i.DebugMon_Handler)
    EXTI15_10_IRQHandler                     0x08000dc1   Thumb Code    38  stm32f1xx_it.o(i.EXTI15_10_IRQHandler)
    EXTI9_5_IRQHandler                       0x08000de7   Thumb Code    20  stm32f1xx_it.o(i.EXTI9_5_IRQHandler)
    Error_Handler                            0x08000dfb   Thumb Code     4  main.o(i.Error_Handler)
    HAL_ADCEx_Calibration_Start              0x08000e01   Thumb Code   210  stm32f1xx_hal_adc_ex.o(i.HAL_ADCEx_Calibration_Start)
    HAL_ADC_ConfigChannel                    0x08000ed9   Thumb Code   240  stm32f1xx_hal_adc.o(i.HAL_ADC_ConfigChannel)
    HAL_ADC_GetValue                         0x08000fd5   Thumb Code     6  stm32f1xx_hal_adc.o(i.HAL_ADC_GetValue)
    HAL_ADC_Init                             0x08000fdd   Thumb Code   272  stm32f1xx_hal_adc.o(i.HAL_ADC_Init)
    HAL_ADC_MspInit                          0x080010f9   Thumb Code    76  adc.o(i.HAL_ADC_MspInit)
    HAL_ADC_PollForConversion                0x08001151   Thumb Code   304  stm32f1xx_hal_adc.o(i.HAL_ADC_PollForConversion)
    HAL_ADC_Start                            0x0800128d   Thumb Code   184  stm32f1xx_hal_adc.o(i.HAL_ADC_Start)
    HAL_Delay                                0x0800134d   Thumb Code    32  stm32f1xx_hal.o(i.HAL_Delay)
    HAL_GPIO_EXTI_Callback                   0x08001371   Thumb Code   156  stm32f1xx_it.o(i.HAL_GPIO_EXTI_Callback)
    HAL_GPIO_EXTI_IRQHandler                 0x08001491   Thumb Code    18  stm32f1xx_hal_gpio.o(i.HAL_GPIO_EXTI_IRQHandler)
    HAL_GPIO_Init                            0x080014a9   Thumb Code   446  stm32f1xx_hal_gpio.o(i.HAL_GPIO_Init)
    HAL_GPIO_WritePin                        0x08001689   Thumb Code    10  stm32f1xx_hal_gpio.o(i.HAL_GPIO_WritePin)
    HAL_GetTick                              0x08001695   Thumb Code     6  stm32f1xx_hal.o(i.HAL_GetTick)
    HAL_I2C_Init                             0x080016a1   Thumb Code   376  stm32f1xx_hal_i2c.o(i.HAL_I2C_Init)
    HAL_I2C_Master_Receive                   0x08001829   Thumb Code   576  stm32f1xx_hal_i2c.o(i.HAL_I2C_Master_Receive)
    HAL_I2C_Master_Transmit                  0x08001a79   Thumb Code   290  stm32f1xx_hal_i2c.o(i.HAL_I2C_Master_Transmit)
    HAL_I2C_Mem_Read                         0x08001ba5   Thumb Code   586  stm32f1xx_hal_i2c.o(i.HAL_I2C_Mem_Read)
    HAL_I2C_Mem_Write                        0x08001e01   Thumb Code   294  stm32f1xx_hal_i2c.o(i.HAL_I2C_Mem_Write)
    HAL_I2C_MspInit                          0x08001f31   Thumb Code    80  i2c.o(i.HAL_I2C_MspInit)
    HAL_IncTick                              0x08001f8d   Thumb Code    12  stm32f1xx_hal.o(i.HAL_IncTick)
    HAL_Init                                 0x08001f9d   Thumb Code    32  stm32f1xx_hal.o(i.HAL_Init)
    HAL_InitTick                             0x08001fc1   Thumb Code    54  stm32f1xx_hal.o(i.HAL_InitTick)
    HAL_MspInit                              0x08002001   Thumb Code    52  stm32f1xx_hal_msp.o(i.HAL_MspInit)
    HAL_NVIC_EnableIRQ                       0x0800203d   Thumb Code    26  stm32f1xx_hal_cortex.o(i.HAL_NVIC_EnableIRQ)
    HAL_NVIC_SetPriority                     0x08002059   Thumb Code    60  stm32f1xx_hal_cortex.o(i.HAL_NVIC_SetPriority)
    HAL_NVIC_SetPriorityGrouping             0x08002099   Thumb Code    26  stm32f1xx_hal_cortex.o(i.HAL_NVIC_SetPriorityGrouping)
    HAL_PWR_EnableBkUpAccess                 0x080020bd   Thumb Code     8  stm32f1xx_hal_pwr.o(i.HAL_PWR_EnableBkUpAccess)
    HAL_RCCEx_GetPeriphCLKFreq               0x080020c9   Thumb Code   148  stm32f1xx_hal_rcc_ex.o(i.HAL_RCCEx_GetPeriphCLKFreq)
    HAL_RCCEx_PeriphCLKConfig                0x0800216d   Thumb Code   224  stm32f1xx_hal_rcc_ex.o(i.HAL_RCCEx_PeriphCLKConfig)
    HAL_RCC_ClockConfig                      0x08002259   Thumb Code   280  stm32f1xx_hal_rcc.o(i.HAL_RCC_ClockConfig)
    HAL_RCC_GetPCLK1Freq                     0x08002385   Thumb Code    20  stm32f1xx_hal_rcc.o(i.HAL_RCC_GetPCLK1Freq)
    HAL_RCC_GetPCLK2Freq                     0x080023a5   Thumb Code    20  stm32f1xx_hal_rcc.o(i.HAL_RCC_GetPCLK2Freq)
    HAL_RCC_GetSysClockFreq                  0x080023c5   Thumb Code    58  stm32f1xx_hal_rcc.o(i.HAL_RCC_GetSysClockFreq)
    HAL_RCC_OscConfig                        0x08002411   Thumb Code   778  stm32f1xx_hal_rcc.o(i.HAL_RCC_OscConfig)
    HAL_RTCEx_BKUPRead                       0x08002731   Thumb Code    10  stm32f1xx_hal_rtc_ex.o(i.HAL_RTCEx_BKUPRead)
    HAL_RTCEx_BKUPWrite                      0x08002741   Thumb Code    12  stm32f1xx_hal_rtc_ex.o(i.HAL_RTCEx_BKUPWrite)
    HAL_RTC_Init                             0x08002751   Thumb Code   144  stm32f1xx_hal_rtc.o(i.HAL_RTC_Init)
    HAL_RTC_MspInit                          0x080027e5   Thumb Code    40  rtc.o(i.HAL_RTC_MspInit)
    HAL_RTC_SetDate                          0x08002819   Thumb Code   192  stm32f1xx_hal_rtc.o(i.HAL_RTC_SetDate)
    HAL_RTC_SetTime                          0x080028dd   Thumb Code   168  stm32f1xx_hal_rtc.o(i.HAL_RTC_SetTime)
    HAL_RTC_WaitForSynchro                   0x08002989   Thumb Code    58  stm32f1xx_hal_rtc.o(i.HAL_RTC_WaitForSynchro)
    HAL_SYSTICK_Config                       0x080029c3   Thumb Code    40  stm32f1xx_hal_cortex.o(i.HAL_SYSTICK_Config)
    HAL_TIMEx_BreakCallback                  0x080029eb   Thumb Code     2  stm32f1xx_hal_tim_ex.o(i.HAL_TIMEx_BreakCallback)
    HAL_TIMEx_CommutCallback                 0x080029ed   Thumb Code     2  stm32f1xx_hal_tim_ex.o(i.HAL_TIMEx_CommutCallback)
    HAL_TIMEx_MasterConfigSynchronization    0x080029f1   Thumb Code    92  stm32f1xx_hal_tim_ex.o(i.HAL_TIMEx_MasterConfigSynchronization)
    HAL_TIM_Base_Init                        0x08002a59   Thumb Code    90  stm32f1xx_hal_tim.o(i.HAL_TIM_Base_Init)
    HAL_TIM_Base_MspInit                     0x08002ab5   Thumb Code    86  tim.o(i.HAL_TIM_Base_MspInit)
    HAL_TIM_Base_Start_IT                    0x08002b19   Thumb Code    76  stm32f1xx_hal_tim.o(i.HAL_TIM_Base_Start_IT)
    HAL_TIM_ConfigClockSource                0x08002b71   Thumb Code   220  stm32f1xx_hal_tim.o(i.HAL_TIM_ConfigClockSource)
    HAL_TIM_IC_CaptureCallback               0x08002c4d   Thumb Code     2  stm32f1xx_hal_tim.o(i.HAL_TIM_IC_CaptureCallback)
    HAL_TIM_IRQHandler                       0x08002c4f   Thumb Code   304  stm32f1xx_hal_tim.o(i.HAL_TIM_IRQHandler)
    HAL_TIM_OC_DelayElapsedCallback          0x08002d7f   Thumb Code     2  stm32f1xx_hal_tim.o(i.HAL_TIM_OC_DelayElapsedCallback)
    HAL_TIM_PWM_PulseFinishedCallback        0x08002d81   Thumb Code     2  stm32f1xx_hal_tim.o(i.HAL_TIM_PWM_PulseFinishedCallback)
    HAL_TIM_PeriodElapsedCallback            0x08002d85   Thumb Code    16  stm32f1xx_it.o(i.HAL_TIM_PeriodElapsedCallback)
    HAL_TIM_TriggerCallback                  0x08002d9d   Thumb Code     2  stm32f1xx_hal_tim.o(i.HAL_TIM_TriggerCallback)
    HAL_UART_Init                            0x08002d9f   Thumb Code   100  stm32f1xx_hal_uart.o(i.HAL_UART_Init)
    HAL_UART_MspInit                         0x08002e05   Thumb Code   186  usart.o(i.HAL_UART_MspInit)
    HAL_UART_Transmit                        0x08002ed1   Thumb Code   160  stm32f1xx_hal_uart.o(i.HAL_UART_Transmit)
    HardFault_Handler                        0x08002f71   Thumb Code     2  stm32f1xx_it.o(i.HardFault_Handler)
    INA226_Init                              0x08003539   Thumb Code    72  ina226.o(i.INA226_Init)
    INA226_Read                              0x08003585   Thumb Code   102  ina226.o(i.INA226_Read)
    INA226_Read_Bus_Voltage                  0x08003605   Thumb Code    46  ina226.o(i.INA226_Read_Bus_Voltage)
    INA226_Read_Current                      0x0800363d   Thumb Code    46  ina226.o(i.INA226_Read_Current)
    INA226_Read_Pow                          0x08003675   Thumb Code    46  ina226.o(i.INA226_Read_Pow)
    LED_Control                              0x080036ad   Thumb Code    42  gpio.o(i.LED_Control)
    MX_ADC1_Init                             0x080036dd   Thumb Code    74  adc.o(i.MX_ADC1_Init)
    MX_GPIO_Init                             0x08003731   Thumb Code   252  gpio.o(i.MX_GPIO_Init)
    MX_I2C1_Init                             0x08003841   Thumb Code    50  i2c.o(i.MX_I2C1_Init)
    MX_RTC_Init                              0x08003881   Thumb Code   170  rtc.o(i.MX_RTC_Init)
    MX_TIM1_Init                             0x08003935   Thumb Code   100  tim.o(i.MX_TIM1_Init)
    MX_TIM3_Init                             0x080039a1   Thumb Code    94  tim.o(i.MX_TIM3_Init)
    MX_USART1_UART_Init                      0x08003a09   Thumb Code    48  usart.o(i.MX_USART1_UART_Init)
    MX_USART2_UART_Init                      0x08003a41   Thumb Code    48  usart.o(i.MX_USART2_UART_Init)
    MemManage_Handler                        0x08003a79   Thumb Code     2  stm32f1xx_it.o(i.MemManage_Handler)
    Modbus_Init                              0x08003a7d   Thumb Code    46  modbus.o(i.Modbus_Init)
    Modbus_Parse                             0x08003ac5   Thumb Code   132  modbus.o(i.Modbus_Parse)
    NMI_Handler                              0x08003b51   Thumb Code     2  stm32f1xx_it.o(i.NMI_Handler)
    OLED_CLS                                 0x08003b53   Thumb Code     6  oled.o(i.OLED_CLS)
    OLED_Fill                                0x08003b59   Thumb Code    56  oled.o(i.OLED_Fill)
    OLED_Init                                0x08003b91   Thumb Code   180  oled.o(i.OLED_Init)
    OLED_SetPos                              0x08003c45   Thumb Code    38  oled.o(i.OLED_SetPos)
    OLED_ShowStr                             0x08003c6d   Thumb Code   208  oled.o(i.OLED_ShowStr)
    PendSV_Handler                           0x08003d45   Thumb Code     2  stm32f1xx_it.o(i.PendSV_Handler)
    RELAY_Control                            0x08003d49   Thumb Code    26  gpio.o(i.RELAY_Control)
    Read_SlaveAddress                        0x08003f2d   Thumb Code    42  modbus.o(i.Read_SlaveAddress)
    SVC_Handler                              0x08003f5d   Thumb Code     2  stm32f1xx_it.o(i.SVC_Handler)
    SysTick_Handler                          0x08003f5f   Thumb Code     4  stm32f1xx_it.o(i.SysTick_Handler)
    SystemClock_Config                       0x08003f63   Thumb Code   134  main.o(i.SystemClock_Config)
    SystemInit                               0x08003fe9   Thumb Code     2  system_stm32f1xx.o(i.SystemInit)
    TIM1_UP_IRQHandler                       0x08003fed   Thumb Code     6  stm32f1xx_it.o(i.TIM1_UP_IRQHandler)
    TIM3_IRQHandler                          0x08003ff9   Thumb Code    24  porttimer.o(i.TIM3_IRQHandler)
    TIM_Base_SetConfig                       0x08004019   Thumb Code   108  stm32f1xx_hal_tim.o(i.TIM_Base_SetConfig)
    TIM_ETR_SetConfig                        0x08004091   Thumb Code    20  stm32f1xx_hal_tim.o(i.TIM_ETR_SetConfig)
    USART2_IRQHandler                        0x08004275   Thumb Code    56  portserial.o(i.USART2_IRQHandler)
    UsageFault_Handler                       0x080042b9   Thumb Code     2  stm32f1xx_it.o(i.UsageFault_Handler)
    WriteCmd                                 0x080042bd   Thumb Code    32  oled.o(i.WriteCmd)
    WriteDat                                 0x080042e1   Thumb Code    32  oled.o(i.WriteDat)
    Write_SlaveAddress                       0x08004305   Thumb Code    34  modbus.o(i.Write_SlaveAddress)
    __0printf                                0x0800432d   Thumb Code    22  printfa.o(i.__0printf)
    __1printf                                0x0800432d   Thumb Code     0  printfa.o(i.__0printf)
    __2printf                                0x0800432d   Thumb Code     0  printfa.o(i.__0printf)
    __c89printf                              0x0800432d   Thumb Code     0  printfa.o(i.__0printf)
    printf                                   0x0800432d   Thumb Code     0  printfa.o(i.__0printf)
    __scatterload_copy                       0x0800436d   Thumb Code    14  handlers.o(i.__scatterload_copy)
    __scatterload_null                       0x0800437b   Thumb Code     2  handlers.o(i.__scatterload_null)
    __scatterload_zeroinit                   0x0800437d   Thumb Code    14  handlers.o(i.__scatterload_zeroinit)
    eMBASCIIInit                             0x08004c41   Thumb Code    44  mbascii.o(i.eMBASCIIInit)
    eMBASCIIReceive                          0x08004c71   Thumb Code    68  mbascii.o(i.eMBASCIIReceive)
    eMBASCIISend                             0x08004cb9   Thumb Code    68  mbascii.o(i.eMBASCIISend)
    eMBASCIIStart                            0x08004d01   Thumb Code    24  mbascii.o(i.eMBASCIIStart)
    eMBASCIIStop                             0x08004d1d   Thumb Code    18  mbascii.o(i.eMBASCIIStop)
    eMBClose                                 0x08004d31   Thumb Code    28  mb.o(i.eMBClose)
    eMBDisable                               0x08004d51   Thumb Code    28  mb.o(i.eMBDisable)
    eMBEnable                                0x08004d71   Thumb Code    28  mb.o(i.eMBEnable)
    eMBFuncReadCoils                         0x08004d91   Thumb Code   114  mbfunccoils.o(i.eMBFuncReadCoils)
    eMBFuncReadDiscreteInputs                0x08004e03   Thumb Code   114  mbfuncdisc.o(i.eMBFuncReadDiscreteInputs)
    eMBFuncReadHoldingRegister               0x08004e75   Thumb Code    94  mbfuncholding.o(i.eMBFuncReadHoldingRegister)
    eMBFuncReadInputRegister                 0x08004ed3   Thumb Code    98  mbfuncinput.o(i.eMBFuncReadInputRegister)
    eMBFuncReadWriteMultipleHoldingRegister  0x08004f35   Thumb Code   156  mbfuncholding.o(i.eMBFuncReadWriteMultipleHoldingRegister)
    eMBFuncReportSlaveID                     0x08004fd1   Thumb Code    26  mbfuncother.o(i.eMBFuncReportSlaveID)
    eMBFuncWriteCoil                         0x08004ff5   Thumb Code    86  mbfunccoils.o(i.eMBFuncWriteCoil)
    eMBFuncWriteHoldingRegister              0x0800504b   Thumb Code    50  mbfuncholding.o(i.eMBFuncWriteHoldingRegister)
    eMBFuncWriteMultipleCoils                0x0800507d   Thumb Code   100  mbfunccoils.o(i.eMBFuncWriteMultipleCoils)
    eMBFuncWriteMultipleHoldingRegister      0x080050e1   Thumb Code    78  mbfuncholding.o(i.eMBFuncWriteMultipleHoldingRegister)
    eMBInit                                  0x08005131   Thumb Code   144  mb.o(i.eMBInit)
    eMBPoll                                  0x080051fd   Thumb Code   178  mb.o(i.eMBPoll)
    eMBRTUInit                               0x080052b5   Thumb Code    54  mbrtu.o(i.eMBRTUInit)
    eMBRTUReceive                            0x080052f1   Thumb Code    70  mbrtu.o(i.eMBRTUReceive)
    eMBRTUSend                               0x08005341   Thumb Code    80  mbrtu.o(i.eMBRTUSend)
    eMBRTUStart                              0x08005399   Thumb Code    24  mbrtu.o(i.eMBRTUStart)
    eMBRTUStop                               0x080053b5   Thumb Code    18  mbrtu.o(i.eMBRTUStop)
    eMBRegCoilsCB                            0x080053c9   Thumb Code   152  port.o(i.eMBRegCoilsCB)
    eMBRegDiscreteCB                         0x08005465   Thumb Code   122  port.o(i.eMBRegDiscreteCB)
    eMBRegHoldingCB                          0x080054e5   Thumb Code    94  port.o(i.eMBRegHoldingCB)
    eMBRegInputCB                            0x0800554d   Thumb Code    74  port.o(i.eMBRegInputCB)
    fputc                                    0x0800559d   Thumb Code    20  usart.o(i.fputc)
    main                                     0x080055b5   Thumb Code   102  main.o(i.main)
    prveMBError2Exception                    0x08005655   Thumb Code    24  mbutils.o(i.prveMBError2Exception)
    usMBCRC16                                0x080056a1   Thumb Code    40  mbcrc.o(i.usMBCRC16)
    vMBPortSerialEnable                      0x080056cd   Thumb Code    76  portserial.o(i.vMBPortSerialEnable)
    vMBPortTimersDisable                     0x08005721   Thumb Code    32  porttimer.o(i.vMBPortTimersDisable)
    vMBPortTimersEnable                      0x08005745   Thumb Code    20  porttimer.o(i.vMBPortTimersEnable)
    xMBASCIIReceiveFSM                       0x0800575d   Thumb Code   222  mbascii.o(i.xMBASCIIReceiveFSM)
    xMBASCIITimerT1SExpired                  0x08005841   Thumb Code    42  mbascii.o(i.xMBASCIITimerT1SExpired)
    xMBASCIITransmitFSM                      0x08005871   Thumb Code   168  mbascii.o(i.xMBASCIITransmitFSM)
    xMBPortEventGet                          0x0800591d   Thumb Code    24  portevent.o(i.xMBPortEventGet)
    xMBPortEventInit                         0x08005939   Thumb Code    10  portevent.o(i.xMBPortEventInit)
    xMBPortEventPost                         0x08005949   Thumb Code    12  portevent.o(i.xMBPortEventPost)
    xMBPortSerialGetByte                     0x08005959   Thumb Code    10  portserial.o(i.xMBPortSerialGetByte)
    xMBPortSerialInit                        0x08005969   Thumb Code    70  portserial.o(i.xMBPortSerialInit)
    xMBPortSerialPutByte                     0x080059b9   Thumb Code     8  portserial.o(i.xMBPortSerialPutByte)
    xMBPortTimersInit                        0x080059c5   Thumb Code   106  porttimer.o(i.xMBPortTimersInit)
    xMBRTUReceiveFSM                         0x08005a39   Thumb Code    96  mbrtu.o(i.xMBRTUReceiveFSM)
    xMBRTUTimerT35Expired                    0x08005aa1   Thumb Code    58  mbrtu.o(i.xMBRTUTimerT35Expired)
    xMBRTUTransmitFSM                        0x08005ae1   Thumb Code    86  mbrtu.o(i.xMBRTUTransmitFSM)
    F6x8                                     0x08005b3c   Data         552  oled.o(.constdata)
    F8X16                                    0x08005d64   Data        1520  oled.o(.constdata)
    AHBPrescTable                            0x08006578   Data          16  system_stm32f1xx.o(.constdata)
    APBPrescTable                            0x08006588   Data           8  system_stm32f1xx.o(.constdata)
    Region$$Table$$Base                      0x080065a8   Number         0  anon$$obj.o(Region$$Table)
    Region$$Table$$Limit                     0x080065c8   Number         0  anon$$obj.o(Region$$Table)
    RH                                       0x20000000   Data           4  aht20.o(.data)
    Temp                                     0x20000004   Data           4  aht20.o(.data)
    TIM1_Timeout_Flag                        0x20000008   Data           1  modbus.o(.data)
    SlaveAddress                             0x20000009   Data           1  modbus.o(.data)
    Modify_SlaveAdress_Flag                  0x2000000a   Data           1  modbus.o(.data)
    Key_Value                                0x2000000b   Data           1  gpio.o(.data)
    pxMBFrameCBByteReceived                  0x20000030   Data           4  mb.o(.data)
    pxMBFrameCBTransmitterEmpty              0x20000034   Data           4  mb.o(.data)
    pxMBPortCBTimerExpired                   0x20000038   Data           4  mb.o(.data)
    REG_COILS_BUF                            0x200000de   Data          10  port.o(.data)
    REG_DISC_BUF                             0x200000e8   Data          10  port.o(.data)
    uwTickFreq                               0x200000f4   Data           1  stm32f1xx_hal.o(.data)
    uwTickPrio                               0x200000f8   Data           4  stm32f1xx_hal.o(.data)
    uwTick                                   0x200000fc   Data           4  stm32f1xx_hal.o(.data)
    SystemCoreClock                          0x20000100   Data           4  system_stm32f1xx.o(.data)
    __stdout                                 0x20000104   Data           4  stdout.o(.data)
    hadc1                                    0x20000108   Data          48  adc.o(.bss)
    hi2c1                                    0x20000138   Data          84  i2c.o(.bss)
    hrtc                                     0x2000018c   Data          20  rtc.o(.bss)
    htim1                                    0x200001a0   Data          72  tim.o(.bss)
    htim3                                    0x200001e8   Data          72  tim.o(.bss)
    huart1                                   0x20000230   Data          72  usart.o(.bss)
    huart2                                   0x20000278   Data          72  usart.o(.bss)
    ucRTUBuf                                 0x200002e0   Data         256  mbrtu.o(.bss)
    REG_HOLD_BUF                             0x200003e0   Data          20  port.o(.bss)
    REG_INPUT_BUF                            0x200003f4   Data          20  port.o(.bss)
    __initial_sp                             0x20000808   Data           0  startup_stm32f103xb.o(STACK)



==============================================================================

Memory Map of the image

  Image Entry point : 0x080000ed

  Load Region LR_IROM1 (Base: 0x08000000, Size: 0x000066d0, Max: 0x00010000, ABSOLUTE)

    Execution Region ER_IROM1 (Exec base: 0x08000000, Load base: 0x08000000, Size: 0x000065c8, Max: 0x00010000, ABSOLUTE)

    Exec Addr    Load Addr    Size         Type   Attr      Idx    E Section Name        Object

    0x08000000   0x08000000   0x000000ec   Data   RO            3    RESET               startup_stm32f103xb.o
    0x080000ec   0x080000ec   0x00000000   Code   RO         5010  * .ARM.Collect$$$$00000000  mc_w.l(entry.o)
    0x080000ec   0x080000ec   0x00000004   Code   RO         5315    .ARM.Collect$$$$00000001  mc_w.l(entry2.o)
    0x080000f0   0x080000f0   0x00000004   Code   RO         5318    .ARM.Collect$$$$00000004  mc_w.l(entry5.o)
    0x080000f4   0x080000f4   0x00000000   Code   RO         5320    .ARM.Collect$$$$00000008  mc_w.l(entry7b.o)
    0x080000f4   0x080000f4   0x00000000   Code   RO         5322    .ARM.Collect$$$$0000000A  mc_w.l(entry8b.o)
    0x080000f4   0x080000f4   0x00000008   Code   RO         5323    .ARM.Collect$$$$0000000B  mc_w.l(entry9a.o)
    0x080000fc   0x080000fc   0x00000000   Code   RO         5325    .ARM.Collect$$$$0000000D  mc_w.l(entry10a.o)
    0x080000fc   0x080000fc   0x00000000   Code   RO         5327    .ARM.Collect$$$$0000000F  mc_w.l(entry11a.o)
    0x080000fc   0x080000fc   0x00000004   Code   RO         5316    .ARM.Collect$$$$00002712  mc_w.l(entry2.o)
    0x08000100   0x08000100   0x00000024   Code   RO            4    .text               startup_stm32f103xb.o
    0x08000124   0x08000124   0x00000020   Code   RO         5013    .text               mc_w.l(llushr.o)
    0x08000144   0x08000144   0x000000a8   Code   RO         5021    .text               mc_w.l(mktime.o)
    0x080001ec   0x080001ec   0x00000024   Code   RO         5024    .text               mc_w.l(memcpya.o)
    0x08000210   0x08000210   0x00000024   Code   RO         5026    .text               mc_w.l(memseta.o)
    0x08000234   0x08000234   0x00000064   Code   RO         5293    .text               mf_w.l(fmul.o)
    0x08000298   0x08000298   0x0000007c   Code   RO         5295    .text               mf_w.l(fdiv.o)
    0x08000314   0x08000314   0x0000014e   Code   RO         5297    .text               mf_w.l(dadd.o)
    0x08000462   0x08000462   0x000000e4   Code   RO         5299    .text               mf_w.l(dmul.o)
    0x08000546   0x08000546   0x000000de   Code   RO         5301    .text               mf_w.l(ddiv.o)
    0x08000624   0x08000624   0x0000002e   Code   RO         5303    .text               mf_w.l(dscalb.o)
    0x08000652   0x08000652   0x0000000a   Code   RO         5305    .text               mf_w.l(ffltui.o)
    0x0800065c   0x0800065c   0x0000001a   Code   RO         5307    .text               mf_w.l(dfltui.o)
    0x08000676   0x08000676   0x00000028   Code   RO         5309    .text               mf_w.l(ffixui.o)
    0x0800069e   0x0800069e   0x00000038   Code   RO         5313    .text               mf_w.l(d2f.o)
    0x080006d6   0x080006d6   0x0000002c   Code   RO         5330    .text               mc_w.l(uidiv.o)
    0x08000702   0x08000702   0x00000062   Code   RO         5332    .text               mc_w.l(uldiv.o)
    0x08000764   0x08000764   0x0000001e   Code   RO         5334    .text               mc_w.l(llshl.o)
    0x08000782   0x08000782   0x00000024   Code   RO         5336    .text               mc_w.l(llsshr.o)
    0x080007a6   0x080007a6   0x00000002   PAD
    0x080007a8   0x080007a8   0x0000008c   Code   RO         5341    .text               mc_w.l(localtime_i.o)
    0x08000834   0x08000834   0x00000000   Code   RO         5344    .text               mc_w.l(iusefp.o)
    0x08000834   0x08000834   0x0000006e   Code   RO         5345    .text               mf_w.l(fepilogue.o)
    0x080008a2   0x080008a2   0x000000ba   Code   RO         5347    .text               mf_w.l(depilogue.o)
    0x0800095c   0x0800095c   0x00000030   Code   RO         5349    .text               mf_w.l(dfixul.o)
    0x0800098c   0x0800098c   0x00000030   Code   RO         5351    .text               mf_w.l(cdrcmple.o)
    0x080009bc   0x080009bc   0x00000024   Code   RO         5353    .text               mc_w.l(init.o)
    0x080009e0   0x080009e0   0x00000056   Code   RO         1677    i.ADC_ConversionStop_Disable  stm32f1xx_hal_adc.o
    0x08000a36   0x08000a36   0x00000002   PAD
    0x08000a38   0x08000a38   0x0000007c   Code   RO         1681    i.ADC_Enable        stm32f1xx_hal_adc.o
    0x08000ab4   0x08000ab4   0x00000128   Code   RO          684    i.ADC_VR_CPU_Read   adc.o
    0x08000bdc   0x08000bdc   0x0000002c   Code   RO           13    i.AHT20_DeInit      aht20.o
    0x08000c08   0x08000c08   0x00000040   Code   RO           14    i.AHT20_Init        aht20.o
    0x08000c48   0x08000c48   0x00000038   Code   RO           15    i.AHT20_Read        aht20.o
    0x08000c80   0x08000c80   0x000000fc   Code   RO           16    i.AHT20_ReadData    aht20.o
    0x08000d7c   0x08000d7c   0x00000020   Code   RO           17    i.AHT20_Read_Status  aht20.o
    0x08000d9c   0x08000d9c   0x00000020   Code   RO          606    i.BEEP_Control      gpio.o
    0x08000dbc   0x08000dbc   0x00000002   Code   RO          963    i.BusFault_Handler  stm32f1xx_it.o
    0x08000dbe   0x08000dbe   0x00000002   Code   RO          964    i.DebugMon_Handler  stm32f1xx_it.o
    0x08000dc0   0x08000dc0   0x00000026   Code   RO          965    i.EXTI15_10_IRQHandler  stm32f1xx_it.o
    0x08000de6   0x08000de6   0x00000014   Code   RO          966    i.EXTI9_5_IRQHandler  stm32f1xx_it.o
    0x08000dfa   0x08000dfa   0x00000004   Code   RO          534    i.Error_Handler     main.o
    0x08000dfe   0x08000dfe   0x00000002   PAD
    0x08000e00   0x08000e00   0x000000d8   Code   RO         1857    i.HAL_ADCEx_Calibration_Start  stm32f1xx_hal_adc_ex.o
    0x08000ed8   0x08000ed8   0x000000fc   Code   RO         1683    i.HAL_ADC_ConfigChannel  stm32f1xx_hal_adc.o
    0x08000fd4   0x08000fd4   0x00000006   Code   RO         1690    i.HAL_ADC_GetValue  stm32f1xx_hal_adc.o
    0x08000fda   0x08000fda   0x00000002   PAD
    0x08000fdc   0x08000fdc   0x0000011c   Code   RO         1692    i.HAL_ADC_Init      stm32f1xx_hal_adc.o
    0x080010f8   0x080010f8   0x00000058   Code   RO          688    i.HAL_ADC_MspInit   adc.o
    0x08001150   0x08001150   0x0000013c   Code   RO         1696    i.HAL_ADC_PollForConversion  stm32f1xx_hal_adc.o
    0x0800128c   0x0800128c   0x000000c0   Code   RO         1698    i.HAL_ADC_Start     stm32f1xx_hal_adc.o
    0x0800134c   0x0800134c   0x00000024   Code   RO         1960    i.HAL_Delay         stm32f1xx_hal.o
    0x08001370   0x08001370   0x00000120   Code   RO          967    i.HAL_GPIO_EXTI_Callback  stm32f1xx_it.o
    0x08001490   0x08001490   0x00000018   Code   RO         2269    i.HAL_GPIO_EXTI_IRQHandler  stm32f1xx_hal_gpio.o
    0x080014a8   0x080014a8   0x000001e0   Code   RO         2270    i.HAL_GPIO_Init     stm32f1xx_hal_gpio.o
    0x08001688   0x08001688   0x0000000a   Code   RO         2274    i.HAL_GPIO_WritePin  stm32f1xx_hal_gpio.o
    0x08001692   0x08001692   0x00000002   PAD
    0x08001694   0x08001694   0x0000000c   Code   RO         1964    i.HAL_GetTick       stm32f1xx_hal.o
    0x080016a0   0x080016a0   0x00000188   Code   RO         2941    i.HAL_I2C_Init      stm32f1xx_hal_i2c.o
    0x08001828   0x08001828   0x00000250   Code   RO         2947    i.HAL_I2C_Master_Receive  stm32f1xx_hal_i2c.o
    0x08001a78   0x08001a78   0x0000012c   Code   RO         2954    i.HAL_I2C_Master_Transmit  stm32f1xx_hal_i2c.o
    0x08001ba4   0x08001ba4   0x0000025c   Code   RO         2959    i.HAL_I2C_Mem_Read  stm32f1xx_hal_i2c.o
    0x08001e00   0x08001e00   0x00000130   Code   RO         2962    i.HAL_I2C_Mem_Write  stm32f1xx_hal_i2c.o
    0x08001f30   0x08001f30   0x0000005c   Code   RO          751    i.HAL_I2C_MspInit   i2c.o
    0x08001f8c   0x08001f8c   0x00000010   Code   RO         1970    i.HAL_IncTick       stm32f1xx_hal.o
    0x08001f9c   0x08001f9c   0x00000024   Code   RO         1971    i.HAL_Init          stm32f1xx_hal.o
    0x08001fc0   0x08001fc0   0x00000040   Code   RO         1972    i.HAL_InitTick      stm32f1xx_hal.o
    0x08002000   0x08002000   0x0000003c   Code   RO         1074    i.HAL_MspInit       stm32f1xx_hal_msp.o
    0x0800203c   0x0800203c   0x0000001a   Code   RO         2430    i.HAL_NVIC_EnableIRQ  stm32f1xx_hal_cortex.o
    0x08002056   0x08002056   0x00000002   PAD
    0x08002058   0x08002058   0x00000040   Code   RO         2436    i.HAL_NVIC_SetPriority  stm32f1xx_hal_cortex.o
    0x08002098   0x08002098   0x00000024   Code   RO         2437    i.HAL_NVIC_SetPriorityGrouping  stm32f1xx_hal_cortex.o
    0x080020bc   0x080020bc   0x0000000c   Code   RO         2552    i.HAL_PWR_EnableBkUpAccess  stm32f1xx_hal_pwr.o
    0x080020c8   0x080020c8   0x000000a4   Code   RO         2231    i.HAL_RCCEx_GetPeriphCLKFreq  stm32f1xx_hal_rcc_ex.o
    0x0800216c   0x0800216c   0x000000ec   Code   RO         2232    i.HAL_RCCEx_PeriphCLKConfig  stm32f1xx_hal_rcc_ex.o
    0x08002258   0x08002258   0x0000012c   Code   RO         2128    i.HAL_RCC_ClockConfig  stm32f1xx_hal_rcc.o
    0x08002384   0x08002384   0x00000020   Code   RO         2135    i.HAL_RCC_GetPCLK1Freq  stm32f1xx_hal_rcc.o
    0x080023a4   0x080023a4   0x00000020   Code   RO         2136    i.HAL_RCC_GetPCLK2Freq  stm32f1xx_hal_rcc.o
    0x080023c4   0x080023c4   0x0000004c   Code   RO         2137    i.HAL_RCC_GetSysClockFreq  stm32f1xx_hal_rcc.o
    0x08002410   0x08002410   0x00000320   Code   RO         2140    i.HAL_RCC_OscConfig  stm32f1xx_hal_rcc.o
    0x08002730   0x08002730   0x00000010   Code   RO         3537    i.HAL_RTCEx_BKUPRead  stm32f1xx_hal_rtc_ex.o
    0x08002740   0x08002740   0x00000010   Code   RO         3538    i.HAL_RTCEx_BKUPWrite  stm32f1xx_hal_rtc_ex.o
    0x08002750   0x08002750   0x00000094   Code   RO         3375    i.HAL_RTC_Init      stm32f1xx_hal_rtc.o
    0x080027e4   0x080027e4   0x00000034   Code   RO          801    i.HAL_RTC_MspInit   rtc.o
    0x08002818   0x08002818   0x000000c4   Code   RO         3381    i.HAL_RTC_SetDate   stm32f1xx_hal_rtc.o
    0x080028dc   0x080028dc   0x000000ac   Code   RO         3382    i.HAL_RTC_SetTime   stm32f1xx_hal_rtc.o
    0x08002988   0x08002988   0x0000003a   Code   RO         3383    i.HAL_RTC_WaitForSynchro  stm32f1xx_hal_rtc.o
    0x080029c2   0x080029c2   0x00000028   Code   RO         2441    i.HAL_SYSTICK_Config  stm32f1xx_hal_cortex.o
    0x080029ea   0x080029ea   0x00000002   Code   RO         4345    i.HAL_TIMEx_BreakCallback  stm32f1xx_hal_tim_ex.o
    0x080029ec   0x080029ec   0x00000002   Code   RO         4346    i.HAL_TIMEx_CommutCallback  stm32f1xx_hal_tim_ex.o
    0x080029ee   0x080029ee   0x00000002   PAD
    0x080029f0   0x080029f0   0x00000068   Code   RO         4364    i.HAL_TIMEx_MasterConfigSynchronization  stm32f1xx_hal_tim_ex.o
    0x08002a58   0x08002a58   0x0000005a   Code   RO         3641    i.HAL_TIM_Base_Init  stm32f1xx_hal_tim.o
    0x08002ab2   0x08002ab2   0x00000002   PAD
    0x08002ab4   0x08002ab4   0x00000064   Code   RO          857    i.HAL_TIM_Base_MspInit  tim.o
    0x08002b18   0x08002b18   0x00000058   Code   RO         3646    i.HAL_TIM_Base_Start_IT  stm32f1xx_hal_tim.o
    0x08002b70   0x08002b70   0x000000dc   Code   RO         3650    i.HAL_TIM_ConfigClockSource  stm32f1xx_hal_tim.o
    0x08002c4c   0x08002c4c   0x00000002   Code   RO         3675    i.HAL_TIM_IC_CaptureCallback  stm32f1xx_hal_tim.o
    0x08002c4e   0x08002c4e   0x00000130   Code   RO         3689    i.HAL_TIM_IRQHandler  stm32f1xx_hal_tim.o
    0x08002d7e   0x08002d7e   0x00000002   Code   RO         3692    i.HAL_TIM_OC_DelayElapsedCallback  stm32f1xx_hal_tim.o
    0x08002d80   0x08002d80   0x00000002   Code   RO         3719    i.HAL_TIM_PWM_PulseFinishedCallback  stm32f1xx_hal_tim.o
    0x08002d82   0x08002d82   0x00000002   PAD
    0x08002d84   0x08002d84   0x00000018   Code   RO          968    i.HAL_TIM_PeriodElapsedCallback  stm32f1xx_it.o
    0x08002d9c   0x08002d9c   0x00000002   Code   RO         3732    i.HAL_TIM_TriggerCallback  stm32f1xx_hal_tim.o
    0x08002d9e   0x08002d9e   0x00000064   Code   RO         4642    i.HAL_UART_Init     stm32f1xx_hal_uart.o
    0x08002e02   0x08002e02   0x00000002   PAD
    0x08002e04   0x08002e04   0x000000cc   Code   RO          905    i.HAL_UART_MspInit  usart.o
    0x08002ed0   0x08002ed0   0x000000a0   Code   RO         4650    i.HAL_UART_Transmit  stm32f1xx_hal_uart.o
    0x08002f70   0x08002f70   0x00000002   Code   RO          969    i.HardFault_Handler  stm32f1xx_it.o
    0x08002f72   0x08002f72   0x0000002e   Code   RO         2984    i.I2C_IsAcknowledgeFailed  stm32f1xx_hal_i2c.o
    0x08002fa0   0x08002fa0   0x000000ec   Code   RO         2987    i.I2C_MasterRequestRead  stm32f1xx_hal_i2c.o
    0x0800308c   0x0800308c   0x0000009c   Code   RO         2988    i.I2C_MasterRequestWrite  stm32f1xx_hal_i2c.o
    0x08003128   0x08003128   0x000000fc   Code   RO         2994    i.I2C_RequestMemoryRead  stm32f1xx_hal_i2c.o
    0x08003224   0x08003224   0x000000a8   Code   RO         2995    i.I2C_RequestMemoryWrite  stm32f1xx_hal_i2c.o
    0x080032cc   0x080032cc   0x00000056   Code   RO         2999    i.I2C_WaitOnBTFFlagUntilTimeout  stm32f1xx_hal_i2c.o
    0x08003322   0x08003322   0x00000002   PAD
    0x08003324   0x08003324   0x00000090   Code   RO         3000    i.I2C_WaitOnFlagUntilTimeout  stm32f1xx_hal_i2c.o
    0x080033b4   0x080033b4   0x000000bc   Code   RO         3001    i.I2C_WaitOnMasterAddressFlagUntilTimeout  stm32f1xx_hal_i2c.o
    0x08003470   0x08003470   0x00000070   Code   RO         3002    i.I2C_WaitOnRXNEFlagUntilTimeout  stm32f1xx_hal_i2c.o
    0x080034e0   0x080034e0   0x00000056   Code   RO         3003    i.I2C_WaitOnTXEFlagUntilTimeout  stm32f1xx_hal_i2c.o
    0x08003536   0x08003536   0x00000002   PAD
    0x08003538   0x08003538   0x0000004c   Code   RO          191    i.INA226_Init       ina226.o
    0x08003584   0x08003584   0x00000080   Code   RO          192    i.INA226_Read       ina226.o
    0x08003604   0x08003604   0x00000038   Code   RO          193    i.INA226_Read_Bus_Voltage  ina226.o
    0x0800363c   0x0800363c   0x00000038   Code   RO          194    i.INA226_Read_Current  ina226.o
    0x08003674   0x08003674   0x00000038   Code   RO          195    i.INA226_Read_Pow   ina226.o
    0x080036ac   0x080036ac   0x00000030   Code   RO          610    i.LED_Control       gpio.o
    0x080036dc   0x080036dc   0x00000054   Code   RO          689    i.MX_ADC1_Init      adc.o
    0x08003730   0x08003730   0x00000110   Code   RO          612    i.MX_GPIO_Init      gpio.o
    0x08003840   0x08003840   0x00000040   Code   RO          752    i.MX_I2C1_Init      i2c.o
    0x08003880   0x08003880   0x000000b4   Code   RO          802    i.MX_RTC_Init       rtc.o
    0x08003934   0x08003934   0x0000006c   Code   RO          858    i.MX_TIM1_Init      tim.o
    0x080039a0   0x080039a0   0x00000068   Code   RO          859    i.MX_TIM3_Init      tim.o
    0x08003a08   0x08003a08   0x00000038   Code   RO          906    i.MX_USART1_UART_Init  usart.o
    0x08003a40   0x08003a40   0x00000038   Code   RO          907    i.MX_USART2_UART_Init  usart.o
    0x08003a78   0x08003a78   0x00000002   Code   RO          970    i.MemManage_Handler  stm32f1xx_it.o
    0x08003a7a   0x08003a7a   0x00000002   PAD
    0x08003a7c   0x08003a7c   0x00000048   Code   RO          455    i.Modbus_Init       modbus.o
    0x08003ac4   0x08003ac4   0x0000008c   Code   RO          456    i.Modbus_Parse      modbus.o
    0x08003b50   0x08003b50   0x00000002   Code   RO          971    i.NMI_Handler       stm32f1xx_it.o
    0x08003b52   0x08003b52   0x00000006   Code   RO          363    i.OLED_CLS          oled.o
    0x08003b58   0x08003b58   0x00000038   Code   RO          365    i.OLED_Fill         oled.o
    0x08003b90   0x08003b90   0x000000b4   Code   RO          366    i.OLED_Init         oled.o
    0x08003c44   0x08003c44   0x00000026   Code   RO          369    i.OLED_SetPos       oled.o
    0x08003c6a   0x08003c6a   0x00000002   PAD
    0x08003c6c   0x08003c6c   0x000000d8   Code   RO          371    i.OLED_ShowStr      oled.o
    0x08003d44   0x08003d44   0x00000002   Code   RO          972    i.PendSV_Handler    stm32f1xx_it.o
    0x08003d46   0x08003d46   0x00000002   PAD
    0x08003d48   0x08003d48   0x00000020   Code   RO          613    i.RELAY_Control     gpio.o
    0x08003d68   0x08003d68   0x00000012   Code   RO         3384    i.RTC_Bcd2ToByte    stm32f1xx_hal_rtc.o
    0x08003d7a   0x08003d7a   0x00000034   Code   RO         3387    i.RTC_EnterInitMode  stm32f1xx_hal_rtc.o
    0x08003dae   0x08003dae   0x00000002   PAD
    0x08003db0   0x08003db0   0x00000036   Code   RO         3388    i.RTC_ExitInitMode  stm32f1xx_hal_rtc.o
    0x08003de6   0x08003de6   0x0000000e   Code   RO         3389    i.RTC_ReadAlarmCounter  stm32f1xx_hal_rtc.o
    0x08003df4   0x08003df4   0x00000020   Code   RO         3390    i.RTC_ReadTimeCounter  stm32f1xx_hal_rtc.o
    0x08003e14   0x08003e14   0x00000056   Code   RO         3391    i.RTC_WeekDayNum    stm32f1xx_hal_rtc.o
    0x08003e6a   0x08003e6a   0x00000028   Code   RO         3392    i.RTC_WriteAlarmCounter  stm32f1xx_hal_rtc.o
    0x08003e92   0x08003e92   0x00000002   PAD
    0x08003e94   0x08003e94   0x00000070   Code   RO          804    i.RTC_WriteTimeCounter  rtc.o
    0x08003f04   0x08003f04   0x00000028   Code   RO         3393    i.RTC_WriteTimeCounter  stm32f1xx_hal_rtc.o
    0x08003f2c   0x08003f2c   0x00000030   Code   RO          457    i.Read_SlaveAddress  modbus.o
    0x08003f5c   0x08003f5c   0x00000002   Code   RO          973    i.SVC_Handler       stm32f1xx_it.o
    0x08003f5e   0x08003f5e   0x00000004   Code   RO          974    i.SysTick_Handler   stm32f1xx_it.o
    0x08003f62   0x08003f62   0x00000086   Code   RO          535    i.SystemClock_Config  main.o
    0x08003fe8   0x08003fe8   0x00000002   Code   RO         4976    i.SystemInit        system_stm32f1xx.o
    0x08003fea   0x08003fea   0x00000002   PAD
    0x08003fec   0x08003fec   0x0000000c   Code   RO          975    i.TIM1_UP_IRQHandler  stm32f1xx_it.o
    0x08003ff8   0x08003ff8   0x00000020   Code   RO         1542    i.TIM3_IRQHandler   porttimer.o
    0x08004018   0x08004018   0x00000078   Code   RO         3734    i.TIM_Base_SetConfig  stm32f1xx_hal_tim.o
    0x08004090   0x08004090   0x00000014   Code   RO         3745    i.TIM_ETR_SetConfig  stm32f1xx_hal_tim.o
    0x080040a4   0x080040a4   0x00000010   Code   RO         3746    i.TIM_ITRx_SetConfig  stm32f1xx_hal_tim.o
    0x080040b4   0x080040b4   0x00000022   Code   RO         3752    i.TIM_TI1_ConfigInputStage  stm32f1xx_hal_tim.o
    0x080040d6   0x080040d6   0x00000024   Code   RO         3754    i.TIM_TI2_ConfigInputStage  stm32f1xx_hal_tim.o
    0x080040fa   0x080040fa   0x0000004e   Code   RO         4665    i.UART_EndRxTransfer  stm32f1xx_hal_uart.o
    0x08004148   0x08004148   0x000000b8   Code   RO         4668    i.UART_SetConfig    stm32f1xx_hal_uart.o
    0x08004200   0x08004200   0x00000072   Code   RO         4671    i.UART_WaitOnFlagUntilTimeout  stm32f1xx_hal_uart.o
    0x08004272   0x08004272   0x00000002   PAD
    0x08004274   0x08004274   0x00000044   Code   RO         1491    i.USART2_IRQHandler  portserial.o
    0x080042b8   0x080042b8   0x00000002   Code   RO          976    i.UsageFault_Handler  stm32f1xx_it.o
    0x080042ba   0x080042ba   0x00000002   PAD
    0x080042bc   0x080042bc   0x00000024   Code   RO          373    i.WriteCmd          oled.o
    0x080042e0   0x080042e0   0x00000024   Code   RO          374    i.WriteDat          oled.o
    0x08004304   0x08004304   0x00000028   Code   RO          458    i.Write_SlaveAddress  modbus.o
    0x0800432c   0x0800432c   0x00000020   Code   RO         5265    i.__0printf         mc_w.l(printfa.o)
    0x0800434c   0x0800434c   0x00000020   Code   RO         2443    i.__NVIC_SetPriority  stm32f1xx_hal_cortex.o
    0x0800436c   0x0800436c   0x0000000e   Code   RO         5357    i.__scatterload_copy  mc_w.l(handlers.o)
    0x0800437a   0x0800437a   0x00000002   Code   RO         5358    i.__scatterload_null  mc_w.l(handlers.o)
    0x0800437c   0x0800437c   0x0000000e   Code   RO         5359    i.__scatterload_zeroinit  mc_w.l(handlers.o)
    0x0800438a   0x0800438a   0x00000002   PAD
    0x0800438c   0x0800438c   0x00000184   Code   RO         5272    i._fp_digits        mc_w.l(printfa.o)
    0x08004510   0x08004510   0x000006dc   Code   RO         5273    i._printf_core      mc_w.l(printfa.o)
    0x08004bec   0x08004bec   0x00000024   Code   RO         5274    i._printf_post_padding  mc_w.l(printfa.o)
    0x08004c10   0x08004c10   0x0000002e   Code   RO         5275    i._printf_pre_padding  mc_w.l(printfa.o)
    0x08004c3e   0x08004c3e   0x00000002   PAD
    0x08004c40   0x08004c40   0x00000030   Code   RO         1178    i.eMBASCIIInit      mbascii.o
    0x08004c70   0x08004c70   0x00000048   Code   RO         1179    i.eMBASCIIReceive   mbascii.o
    0x08004cb8   0x08004cb8   0x00000048   Code   RO         1180    i.eMBASCIISend      mbascii.o
    0x08004d00   0x08004d00   0x0000001c   Code   RO         1181    i.eMBASCIIStart     mbascii.o
    0x08004d1c   0x08004d1c   0x00000012   Code   RO         1182    i.eMBASCIIStop      mbascii.o
    0x08004d2e   0x08004d2e   0x00000002   PAD
    0x08004d30   0x08004d30   0x00000020   Code   RO         1095    i.eMBClose          mb.o
    0x08004d50   0x08004d50   0x00000020   Code   RO         1096    i.eMBDisable        mb.o
    0x08004d70   0x08004d70   0x00000020   Code   RO         1097    i.eMBEnable         mb.o
    0x08004d90   0x08004d90   0x00000072   Code   RO         1269    i.eMBFuncReadCoils  mbfunccoils.o
    0x08004e02   0x08004e02   0x00000072   Code   RO         1296    i.eMBFuncReadDiscreteInputs  mbfuncdisc.o
    0x08004e74   0x08004e74   0x0000005e   Code   RO         1308    i.eMBFuncReadHoldingRegister  mbfuncholding.o
    0x08004ed2   0x08004ed2   0x00000062   Code   RO         1338    i.eMBFuncReadInputRegister  mbfuncinput.o
    0x08004f34   0x08004f34   0x0000009c   Code   RO         1309    i.eMBFuncReadWriteMultipleHoldingRegister  mbfuncholding.o
    0x08004fd0   0x08004fd0   0x00000024   Code   RO         1350    i.eMBFuncReportSlaveID  mbfuncother.o
    0x08004ff4   0x08004ff4   0x00000056   Code   RO         1270    i.eMBFuncWriteCoil  mbfunccoils.o
    0x0800504a   0x0800504a   0x00000032   Code   RO         1310    i.eMBFuncWriteHoldingRegister  mbfuncholding.o
    0x0800507c   0x0800507c   0x00000064   Code   RO         1271    i.eMBFuncWriteMultipleCoils  mbfunccoils.o
    0x080050e0   0x080050e0   0x0000004e   Code   RO         1311    i.eMBFuncWriteMultipleHoldingRegister  mbfuncholding.o
    0x0800512e   0x0800512e   0x00000002   PAD
    0x08005130   0x08005130   0x000000cc   Code   RO         1098    i.eMBInit           mb.o
    0x080051fc   0x080051fc   0x000000b8   Code   RO         1099    i.eMBPoll           mb.o
    0x080052b4   0x080052b4   0x0000003c   Code   RO         1371    i.eMBRTUInit        mbrtu.o
    0x080052f0   0x080052f0   0x00000050   Code   RO         1372    i.eMBRTUReceive     mbrtu.o
    0x08005340   0x08005340   0x00000058   Code   RO         1373    i.eMBRTUSend        mbrtu.o
    0x08005398   0x08005398   0x0000001c   Code   RO         1374    i.eMBRTUStart       mbrtu.o
    0x080053b4   0x080053b4   0x00000012   Code   RO         1375    i.eMBRTUStop        mbrtu.o
    0x080053c6   0x080053c6   0x00000002   PAD
    0x080053c8   0x080053c8   0x0000009c   Code   RO         1588    i.eMBRegCoilsCB     port.o
    0x08005464   0x08005464   0x00000080   Code   RO         1589    i.eMBRegDiscreteCB  port.o
    0x080054e4   0x080054e4   0x00000068   Code   RO         1590    i.eMBRegHoldingCB   port.o
    0x0800554c   0x0800554c   0x00000050   Code   RO         1591    i.eMBRegInputCB     port.o
    0x0800559c   0x0800559c   0x00000018   Code   RO          908    i.fputc             usart.o
    0x080055b4   0x080055b4   0x000000a0   Code   RO          536    i.main              main.o
    0x08005654   0x08005654   0x00000018   Code   RO         1438    i.prveMBError2Exception  mbutils.o
    0x0800566c   0x0800566c   0x0000001c   Code   RO         1183    i.prvucMBBIN2CHAR   mbascii.o
    0x08005688   0x08005688   0x00000018   Code   RO         1184    i.prvucMBLRC        mbascii.o
    0x080056a0   0x080056a0   0x0000002c   Code   RO         1252    i.usMBCRC16         mbcrc.o
    0x080056cc   0x080056cc   0x00000054   Code   RO         1492    i.vMBPortSerialEnable  portserial.o
    0x08005720   0x08005720   0x00000024   Code   RO         1572    i.vMBPortTimersDisable  porttimer.o
    0x08005744   0x08005744   0x00000018   Code   RO         1566    i.vMBPortTimersEnable  porttimer.o
    0x0800575c   0x0800575c   0x000000e4   Code   RO         1185    i.xMBASCIIReceiveFSM  mbascii.o
    0x08005840   0x08005840   0x00000030   Code   RO         1186    i.xMBASCIITimerT1SExpired  mbascii.o
    0x08005870   0x08005870   0x000000ac   Code   RO         1187    i.xMBASCIITransmitFSM  mbascii.o
    0x0800591c   0x0800591c   0x0000001c   Code   RO         1462    i.xMBPortEventGet   portevent.o
    0x08005938   0x08005938   0x00000010   Code   RO         1463    i.xMBPortEventInit  portevent.o
    0x08005948   0x08005948   0x00000010   Code   RO         1464    i.xMBPortEventPost  portevent.o
    0x08005958   0x08005958   0x00000010   Code   RO         1493    i.xMBPortSerialGetByte  portserial.o
    0x08005968   0x08005968   0x00000050   Code   RO         1494    i.xMBPortSerialInit  portserial.o
    0x080059b8   0x080059b8   0x0000000c   Code   RO         1495    i.xMBPortSerialPutByte  portserial.o
    0x080059c4   0x080059c4   0x00000074   Code   RO         1543    i.xMBPortTimersInit  porttimer.o
    0x08005a38   0x08005a38   0x00000068   Code   RO         1376    i.xMBRTUReceiveFSM  mbrtu.o
    0x08005aa0   0x08005aa0   0x00000040   Code   RO         1377    i.xMBRTUTimerT35Expired  mbrtu.o
    0x08005ae0   0x08005ae0   0x0000005c   Code   RO         1378    i.xMBRTUTransmitFSM  mbrtu.o
    0x08005b3c   0x08005b3c   0x00000818   Data   RO          375    .constdata          oled.o
    0x08006354   0x08006354   0x00000200   Data   RO         1253    .constdata          mbcrc.o
    0x08006554   0x08006554   0x00000012   Data   RO         2141    .constdata          stm32f1xx_hal_rcc.o
    0x08006566   0x08006566   0x00000012   Data   RO         2233    .constdata          stm32f1xx_hal_rcc_ex.o
    0x08006578   0x08006578   0x00000010   Data   RO         4977    .constdata          system_stm32f1xx.o
    0x08006588   0x08006588   0x00000008   Data   RO         4978    .constdata          system_stm32f1xx.o
    0x08006590   0x08006590   0x0000000c   Data   RO         5022    .constdata          mc_w.l(mktime.o)
    0x0800659c   0x0800659c   0x0000000c   Data   RO         5342    .constdata          mc_w.l(localtime_i.o)
    0x080065a8   0x080065a8   0x00000020   Data   RO         5355    Region$$Table       anon$$obj.o


    Execution Region RW_IRAM1 (Exec base: 0x20000000, Load base: 0x080065c8, Size: 0x00000808, Max: 0x00005000, ABSOLUTE)

    Exec Addr    Load Addr    Size         Type   Attr      Idx    E Section Name        Object

    0x20000000   0x080065c8   0x00000008   Data   RW           19    .data               aht20.o
    0x20000008   0x080065d0   0x00000003   Data   RW          459    .data               modbus.o
    0x2000000b   0x080065d3   0x00000001   Data   RW          615    .data               gpio.o
    0x2000000c   0x080065d4   0x00000004   Data   RW          977    .data               stm32f1xx_it.o
    0x20000010   0x080065d8   0x000000ac   Data   RW         1101    .data               mb.o
    0x200000bc   0x08006684   0x00000010   Data   RW         1188    .data               mbascii.o
    0x200000cc   0x08006694   0x00000002   Data   RW         1353    .data               mbfuncother.o
    0x200000ce   0x08006696   0x00000002   PAD
    0x200000d0   0x08006698   0x0000000c   Data   RW         1380    .data               mbrtu.o
    0x200000dc   0x080066a4   0x00000002   Data   RW         1465    .data               portevent.o
    0x200000de   0x080066a6   0x00000014   Data   RW         1593    .data               port.o
    0x200000f2   0x080066ba   0x00000002   PAD
    0x200000f4   0x080066bc   0x0000000c   Data   RW         1978    .data               stm32f1xx_hal.o
    0x20000100   0x080066c8   0x00000004   Data   RW         4979    .data               system_stm32f1xx.o
    0x20000104   0x080066cc   0x00000004   Data   RW         5329    .data               mc_w.l(stdout.o)
    0x20000108        -       0x00000030   Zero   RW          690    .bss                adc.o
    0x20000138        -       0x00000054   Zero   RW          753    .bss                i2c.o
    0x2000018c        -       0x00000014   Zero   RW          805    .bss                rtc.o
    0x200001a0        -       0x00000090   Zero   RW          860    .bss                tim.o
    0x20000230        -       0x00000090   Zero   RW          910    .bss                usart.o
    0x200002c0        -       0x00000020   Zero   RW         1352    .bss                mbfuncother.o
    0x200002e0        -       0x00000100   Zero   RW         1379    .bss                mbrtu.o
    0x200003e0        -       0x00000028   Zero   RW         1592    .bss                port.o
    0x20000408        -       0x00000400   Zero   RW            1    STACK               startup_stm32f103xb.o


==============================================================================

Image component sizes


      Code (inc. data)   RO Data    RW Data    ZI Data      Debug   Object Name

       468         64          0          0         48       2455   adc.o
       448         50          0          8          0      39898   aht20.o
       384         36          0          1          0       2758   gpio.o
       156         26          0          0         84       1685   i2c.o
       372         60          0          0          0     462590   ina226.o
       298         58          0          0          0       2312   main.o
       484         78          0        172          0       8132   mb.o
       738         38          0         16          0       8372   mbascii.o
        44          4        512          0          0       1176   mbcrc.o
       300          0          0          0          0       3546   mbfunccoils.o
       114          0          0          0          0       1464   mbfuncdisc.o
       378          0          0          0          0       4927   mbfuncholding.o
        98          0          0          0          0       1455   mbfuncinput.o
        36         10          0          2         32       1267   mbfuncother.o
       534         48          0         12        256       6003   mbrtu.o
        24          0          0          0          0        592   mbutils.o
       300         46          0          3          0       2987   modbus.o
       568         16       2072          0          0       4938   oled.o
       468         26          0         20         40       4213   port.o
        60         14          0          2          0       2044   portevent.o
       260         40          0          0          0       3312   portserial.o
       208         26          0          0          0       2523   porttimer.o
       344         22          0          0         20       3699   rtc.o
        36          8        236          0       1024        800   startup_stm32f103xb.o
       164         28          0         12          0       5869   stm32f1xx_hal.o
      1260         54          0          0          0       6492   stm32f1xx_hal_adc.o
       216          6          0          0          0       1422   stm32f1xx_hal_adc_ex.o
       198         14          0          0          0      28911   stm32f1xx_hal_cortex.o
       514         40          0          0          0       3471   stm32f1xx_hal_gpio.o
      3666         94          0          0          0      17597   stm32f1xx_hal_i2c.o
        60          8          0          0          0        866   stm32f1xx_hal_msp.o
        12          4          0          0          0        511   stm32f1xx_hal_pwr.o
      1240         84         18          0          0       5088   stm32f1xx_hal_rcc.o
       400         28         18          0          0       2453   stm32f1xx_hal_rcc_ex.o
       910         12          0          0          0       9324   stm32f1xx_hal_rtc.o
        32         10          0          0          0       1623   stm32f1xx_hal_rtc_ex.o
       936         24          0          0          0       9805   stm32f1xx_hal_tim.o
       108         12          0          0          0       2385   stm32f1xx_hal_tim_ex.o
       636          6          0          0          0       4608   stm32f1xx_hal_uart.o
       402        146          0          4          0       6920   stm32f1xx_it.o
         2          0         24          4          0       1107   system_stm32f1xx.o
       312         32          0          0        144       2339   tim.o
       340         38          0          0        144       2958   usart.o

    ----------------------------------------------------------------------
     18572       1310       2912        260       1792     686897   Object Totals
         0          0         32          0          0          0   (incl. Generated)
        44          0          0          4          0          0   (incl. Padding)

    ----------------------------------------------------------------------

      Code (inc. data)   RO Data    RW Data    ZI Data      Debug   Library Member Name

         0          0          0          0          0          0   entry.o
         0          0          0          0          0          0   entry10a.o
         0          0          0          0          0          0   entry11a.o
         8          4          0          0          0          0   entry2.o
         4          0          0          0          0          0   entry5.o
         0          0          0          0          0          0   entry7b.o
         0          0          0          0          0          0   entry8b.o
         8          4          0          0          0          0   entry9a.o
        30          0          0          0          0          0   handlers.o
        36          8          0          0          0         68   init.o
         0          0          0          0          0          0   iusefp.o
        30          0          0          0          0         68   llshl.o
        36          0          0          0          0         68   llsshr.o
        32          0          0          0          0         68   llushr.o
       140          6         12          0          0         76   localtime_i.o
        36          0          0          0          0         68   memcpya.o
        36          0          0          0          0        108   memseta.o
       168         18         12          0          0         80   mktime.o
      2258         90          0          0          0        452   printfa.o
         0          0          0          4          0          0   stdout.o
        44          0          0          0          0         80   uidiv.o
        98          0          0          0          0         92   uldiv.o
        48          0          0          0          0         68   cdrcmple.o
        56          0          0          0          0         88   d2f.o
       334          0          0          0          0        148   dadd.o
       222          0          0          0          0        100   ddiv.o
       186          0          0          0          0        176   depilogue.o
        48          0          0          0          0         68   dfixul.o
        26          0          0          0          0         76   dfltui.o
       228          0          0          0          0         96   dmul.o
        46          0          0          0          0         80   dscalb.o
       124          0          0          0          0         88   fdiv.o
       110          0          0          0          0        168   fepilogue.o
        40          0          0          0          0         68   ffixui.o
        10          0          0          0          0         68   ffltui.o
       100          0          0          0          0         76   fmul.o

    ----------------------------------------------------------------------
      4548        130         24          4          0       2596   Library Totals
         6          0          0          0          0          0   (incl. Padding)

    ----------------------------------------------------------------------

      Code (inc. data)   RO Data    RW Data    ZI Data      Debug   Library Name

      2964        130         24          4          0       1228   mc_w.l
      1578          0          0          0          0       1368   mf_w.l

    ----------------------------------------------------------------------
      4548        130         24          4          0       2596   Library Totals

    ----------------------------------------------------------------------

==============================================================================


      Code (inc. data)   RO Data    RW Data    ZI Data      Debug   

     23120       1440       2936        264       1792     678621   Grand Totals
     23120       1440       2936        264       1792     678621   ELF Image Totals
     23120       1440       2936        264          0          0   ROM Totals

==============================================================================

    Total RO  Size (Code + RO Data)                26056 (  25.45kB)
    Total RW  Size (RW Data + ZI Data)              2056 (   2.01kB)
    Total ROM Size (Code + RO Data + RW Data)      26320 (  25.70kB)

==============================================================================

