Component: ARM Compiler 5.06 update 5 (build 528) Tool: armlink [4d35e2]

==============================================================================

Section Cross References

    startup_stm32f103xb.o(RESET) refers to startup_stm32f103xb.o(STACK) for __initial_sp
    startup_stm32f103xb.o(RESET) refers to startup_stm32f103xb.o(.text) for Reset_Handler
    startup_stm32f103xb.o(RESET) refers to stm32f1xx_it.o(i.NMI_Handler) for NMI_Handler
    startup_stm32f103xb.o(RESET) refers to stm32f1xx_it.o(i.HardFault_Handler) for HardFault_Handler
    startup_stm32f103xb.o(RESET) refers to stm32f1xx_it.o(i.MemManage_Handler) for MemManage_Handler
    startup_stm32f103xb.o(RESET) refers to stm32f1xx_it.o(i.BusFault_Handler) for BusFault_Handler
    startup_stm32f103xb.o(RESET) refers to stm32f1xx_it.o(i.UsageFault_Handler) for UsageFault_Handler
    startup_stm32f103xb.o(RESET) refers to port_1.o(.emb_text) for SVC_Handler
    startup_stm32f103xb.o(RESET) refers to stm32f1xx_it.o(i.DebugMon_Handler) for DebugMon_Handler
    startup_stm32f103xb.o(RESET) refers to port_1.o(i.SysTick_Handler) for SysTick_Handler
    startup_stm32f103xb.o(RESET) refers to stm32f1xx_it.o(i.TIM1_UP_IRQHandler) for TIM1_UP_IRQHandler
    startup_stm32f103xb.o(RESET) refers to porttimer.o(i.TIM3_IRQHandler) for TIM3_IRQHandler
    startup_stm32f103xb.o(RESET) refers to portserial.o(i.USART2_IRQHandler) for USART2_IRQHandler
    startup_stm32f103xb.o(.text) refers to system_stm32f1xx.o(i.SystemInit) for SystemInit
    startup_stm32f103xb.o(.text) refers to entry.o(.ARM.Collect$$$$00000000) for __main
    aht20.o(i.AHT20_DeInit) refers to stm32f1xx_hal_i2c.o(i.HAL_I2C_Master_Transmit) for HAL_I2C_Master_Transmit
    aht20.o(i.AHT20_DeInit) refers to i2c.o(.bss) for hi2c1
    aht20.o(i.AHT20_Init) refers to stm32f1xx_hal.o(i.HAL_Delay) for HAL_Delay
    aht20.o(i.AHT20_Init) refers to stm32f1xx_hal_i2c.o(i.HAL_I2C_Master_Transmit) for HAL_I2C_Master_Transmit
    aht20.o(i.AHT20_Init) refers to aht20.o(i.AHT20_Read_Status) for AHT20_Read_Status
    aht20.o(i.AHT20_Init) refers to aht20.o(i.AHT20_DeInit) for AHT20_DeInit
    aht20.o(i.AHT20_Init) refers to i2c.o(.bss) for hi2c1
    aht20.o(i.AHT20_Read) refers to aht20.o(i.AHT20_ReadData) for AHT20_ReadData
    aht20.o(i.AHT20_Read) refers to fmul.o(.text) for __aeabi_fmul
    aht20.o(i.AHT20_Read) refers to ffixui.o(.text) for __aeabi_f2uiz
    aht20.o(i.AHT20_Read) refers to aht20.o(.data) for .data
    aht20.o(i.AHT20_Read) refers to port.o(.bss) for REG_HOLD_BUF
    aht20.o(i.AHT20_ReadData) refers to stm32f1xx_hal_i2c.o(i.HAL_I2C_Master_Transmit) for HAL_I2C_Master_Transmit
    aht20.o(i.AHT20_ReadData) refers to stm32f1xx_hal.o(i.HAL_Delay) for HAL_Delay
    aht20.o(i.AHT20_ReadData) refers to aht20.o(i.AHT20_Read_Status) for AHT20_Read_Status
    aht20.o(i.AHT20_ReadData) refers to stm32f1xx_hal_i2c.o(i.HAL_I2C_Master_Receive) for HAL_I2C_Master_Receive
    aht20.o(i.AHT20_ReadData) refers to dfltui.o(.text) for __aeabi_ui2d
    aht20.o(i.AHT20_ReadData) refers to dmul.o(.text) for __aeabi_dmul
    aht20.o(i.AHT20_ReadData) refers to dscalb.o(.text) for __ARM_scalbn
    aht20.o(i.AHT20_ReadData) refers to d2f.o(.text) for __aeabi_d2f
    aht20.o(i.AHT20_ReadData) refers to dadd.o(.text) for __aeabi_dsub
    aht20.o(i.AHT20_ReadData) refers to i2c.o(.bss) for hi2c1
    aht20.o(i.AHT20_ReadData) refers to aht20.o(.data) for .data
    aht20.o(i.AHT20_Read_Status) refers to stm32f1xx_hal_i2c.o(i.HAL_I2C_Master_Receive) for HAL_I2C_Master_Receive
    aht20.o(i.AHT20_Read_Status) refers to i2c.o(.bss) for hi2c1
    ina226.o(i.INA226_Init) refers to stm32f1xx_hal_i2c.o(i.HAL_I2C_Master_Transmit) for HAL_I2C_Master_Transmit
    ina226.o(i.INA226_Init) refers to stm32f1xx_hal.o(i.HAL_Delay) for HAL_Delay
    ina226.o(i.INA226_Init) refers to i2c.o(.bss) for hi2c1
    ina226.o(i.INA226_Read) refers to ina226.o(i.INA226_Read_Current) for INA226_Read_Current
    ina226.o(i.INA226_Read) refers to ina226.o(i.INA226_Read_Bus_Voltage) for INA226_Read_Bus_Voltage
    ina226.o(i.INA226_Read) refers to ina226.o(i.INA226_Read_Pow) for INA226_Read_Pow
    ina226.o(i.INA226_Read) refers to ffltui.o(.text) for __aeabi_ui2f
    ina226.o(i.INA226_Read) refers to fmul.o(.text) for __aeabi_fmul
    ina226.o(i.INA226_Read) refers to fdiv.o(.text) for __aeabi_fdiv
    ina226.o(i.INA226_Read) refers to ffixui.o(.text) for __aeabi_f2uiz
    ina226.o(i.INA226_Read) refers to port.o(.bss) for REG_HOLD_BUF
    ina226.o(i.INA226_Read_Bus_Voltage) refers to stm32f1xx_hal_i2c.o(i.HAL_I2C_Master_Transmit) for HAL_I2C_Master_Transmit
    ina226.o(i.INA226_Read_Bus_Voltage) refers to stm32f1xx_hal_i2c.o(i.HAL_I2C_Master_Receive) for HAL_I2C_Master_Receive
    ina226.o(i.INA226_Read_Bus_Voltage) refers to i2c.o(.bss) for hi2c1
    ina226.o(i.INA226_Read_Current) refers to stm32f1xx_hal_i2c.o(i.HAL_I2C_Master_Transmit) for HAL_I2C_Master_Transmit
[...]
    i.INA226_Read_Bus_Voltage                0x08003154   Section        0  ina226.o(i.INA226_Read_Bus_Voltage)
    i.INA226_Read_Current                    0x0800318c   Section        0  ina226.o(i.INA226_Read_Current)
    i.INA226_Read_Pow                        0x080031c4   Section        0  ina226.o(i.INA226_Read_Pow)
    i.LED_Control                            0x080031fc   Section        0  gpio.o(i.LED_Control)
    i.MX_ADC1_Init                           0x0800322c   Section        0  adc.o(i.MX_ADC1_Init)
    i.MX_FREERTOS_Init                       0x08003280   Section        0  freertos.o(i.MX_FREERTOS_Init)
    i.MX_GPIO_Init                           0x080032a8   Section        0  gpio.o(i.MX_GPIO_Init)
    i.MX_I2C1_Init                           0x08003374   Section        0  i2c.o(i.MX_I2C1_Init)
    i.MX_TIM3_Init                           0x080033b4   Section        0  tim.o(i.MX_TIM3_Init)
    i.MX_USART1_UART_Init                    0x0800341c   Section        0  usart.o(i.MX_USART1_UART_Init)
    i.MX_USART2_UART_Init                    0x08003454   Section        0  usart.o(i.MX_USART2_UART_Init)
    i.MemManage_Handler                      0x0800348c   Section        0  stm32f1xx_it.o(i.MemManage_Handler)
    i.ModbusTask                             0x0800348e   Section        0  freertos.o(i.ModbusTask)
    i.Modbus_Init                            0x080034a4   Section        0  modbus.o(i.Modbus_Init)
    i.Modbus_Parse                           0x080034ec   Section        0  modbus.o(i.Modbus_Parse)
    i.NMI_Handler                            0x08003578   Section        0  stm32f1xx_it.o(i.NMI_Handler)
    i.OLED_CLS                               0x0800357a   Section        0  oled.o(i.OLED_CLS)
    i.OLED_Fill                              0x08003580   Section        0  oled.o(i.OLED_Fill)
    i.OLED_Init                              0x080035b8   Section        0  oled.o(i.OLED_Init)
    i.OLED_SetPos                            0x0800366c   Section        0  oled.o(i.OLED_SetPos)
    i.OLED_ShowStr                           0x08003694   Section        0  oled.o(i.OLED_ShowStr)
    i.RELAY_Control                          0x0800376c   Section        0  gpio.o(i.RELAY_Control)
    i.Read_SlaveAddress                      0x0800378c   Section        0  modbus.o(i.Read_SlaveAddress)
    i.SysTick_Handler                        0x080037bc   Section        0  port_1.o(i.SysTick_Handler)
    i.SystemClock_Config                     0x080037e8   Section        0  main.o(i.SystemClock_Config)
    i.SystemInit                             0x08003860   Section        0  system_stm32f1xx.o(i.SystemInit)
    i.TIM1_UP_IRQHandler                     0x08003864   Section        0  stm32f1xx_it.o(i.TIM1_UP_IRQHandler)
    i.TIM3_IRQHandler                        0x08003870   Section        0  porttimer.o(i.TIM3_IRQHandler)
    i.TIM_Base_SetConfig                     0x08003890   Section        0  stm32f1xx_hal_tim.o(i.TIM_Base_SetConfig)
    i.TIM_ETR_SetConfig                      0x08003908   Section        0  stm32f1xx_hal_tim.o(i.TIM_ETR_SetConfig)
    i.TIM_ITRx_SetConfig                     0x0800391c   Section        0  stm32f1xx_hal_tim.o(i.TIM_ITRx_SetConfig)
    TIM_ITRx_SetConfig                       0x0800391d   Thumb Code    16  stm32f1xx_hal_tim.o(i.TIM_ITRx_SetConfig)
    i.TIM_TI1_ConfigInputStage               0x0800392c   Section        0  stm32f1xx_hal_tim.o(i.TIM_TI1_ConfigInputStage)
    TIM_TI1_ConfigInputStage                 0x0800392d   Thumb Code    34  stm32f1xx_hal_tim.o(i.TIM_TI1_ConfigInputStage)
    i.TIM_TI2_ConfigInputStage               0x0800394e   Section        0  stm32f1xx_hal_tim.o(i.TIM_TI2_ConfigInputStage)
    TIM_TI2_ConfigInputStage                 0x0800394f   Thumb Code    36  stm32f1xx_hal_tim.o(i.TIM_TI2_ConfigInputStage)
    i.UART_EndRxTransfer                     0x08003972   Section        0  stm32f1xx_hal_uart.o(i.UART_EndRxTransfer)
    UART_EndRxTransfer                       0x08003973   Thumb Code    78  stm32f1xx_hal_uart.o(i.UART_EndRxTransfer)
    i.UART_SetConfig                         0x080039c0   Section        0  stm32f1xx_hal_uart.o(i.UART_SetConfig)
    UART_SetConfig                           0x080039c1   Thumb Code   178  stm32f1xx_hal_uart.o(i.UART_SetConfig)
    i.UART_WaitOnFlagUntilTimeout            0x08003a78   Section        0  stm32f1xx_hal_uart.o(i.UART_WaitOnFlagUntilTimeout)
    UART_WaitOnFlagUntilTimeout              0x08003a79   Thumb Code   114  stm32f1xx_hal_uart.o(i.UART_WaitOnFlagUntilTimeout)
    i.USART2_IRQHandler                      0x08003aec   Section        0  portserial.o(i.USART2_IRQHandler)
    i.UsageFault_Handler                     0x08003b30   Section        0  stm32f1xx_it.o(i.UsageFault_Handler)
    i.WriteCmd                               0x08003b34   Section        0  oled.o(i.WriteCmd)
    i.WriteDat                               0x08003b58   Section        0  oled.o(i.WriteDat)
    i.Write_SlaveAddress                     0x08003b7c   Section        0  modbus.o(i.Write_SlaveAddress)
    i.__0printf$1                            0x08003ba4   Section        0  printf1.o(i.__0printf$1)
    i.__NVIC_SetPriority                     0x08003bc4   Section        0  stm32f1xx_hal_cortex.o(i.__NVIC_SetPriority)
    __NVIC_SetPriority                       0x08003bc5   Thumb Code    32  stm32f1xx_hal_cortex.o(i.__NVIC_SetPriority)
    i.__scatterload_copy                     0x08003be4   Section       14  handlers.o(i.__scatterload_copy)
    i.__scatterload_null                     0x08003bf2   Section        2  handlers.o(i.__scatterload_null)
    i.__scatterload_zeroinit                 0x08003bf4   Section       14  handlers.o(i.__scatterload_zeroinit)
    i._printf_core                           0x08003c04   Section        0  printf1.o(i._printf_core)
    _printf_core                             0x08003c05   Thumb Code   336  printf1.o(i._printf_core)
    i.eMBClose                               0x08003d58   Section        0  mb.o(i.eMBClose)
    i.eMBDisable                             0x08003d78   Section        0  mb.o(i.eMBDisable)
    i.eMBEnable                              0x08003d98   Section        0  mb.o(i.eMBEnable)
    i.eMBFuncReadHoldingRegister             0x08003db8   Section        0  mbfuncholding.o(i.eMBFuncReadHoldingRegister)
    i.eMBFuncReadWriteMultipleHoldingRegister 0x08003e16   Section        0  mbfuncholding.o(i.eMBFuncReadWriteMultipleHoldingRegister)
    i.eMBFuncReportSlaveID                   0x08003eb4   Section        0  mbfuncother.o(i.eMBFuncReportSlaveID)
    i.eMBFuncWriteHoldingRegister            0x08003ed8   Section        0  mbfuncholding.o(i.eMBFuncWriteHoldingRegister)
    i.eMBFuncWriteMultipleHoldingRegister    0x08003f0a   Section        0  mbfuncholding.o(i.eMBFuncWriteMultipleHoldingRegister)
    i.eMBInit                                0x08003f58   Section        0  mb.o(i.eMBInit)
    i.eMBPoll                                0x08003fdc   Section        0  mb.o(i.eMBPoll)
    i.eMBRTUInit                             0x08004094   Section        0  mbrtu.o(i.eMBRTUInit)
    i.eMBRTUReceive                          0x080040d0   Section        0  mbrtu.o(i.eMBRTUReceive)
    i.eMBRTUSend                             0x08004120   Section        0  mbrtu.o(i.eMBRTUSend)
    i.eMBRTUStart                            0x08004178   Section        0  mbrtu.o(i.eMBRTUStart)
    i.eMBRTUStop                             0x08004194   Section        0  mbrtu.o(i.eMBRTUStop)
    i.eMBRegHoldingCB                        0x080041a8   Section        0  port.o(i.eMBRegHoldingCB)
    i.fputc                                  0x08004210   Section        0  usart.o(i.fputc)
    i.main                                   0x08004228   Section        0  main.o(i.main)
    i.makeFreeRtosPriority                   0x080042b0   Section        0  cmsis_os.o(i.makeFreeRtosPriority)
    makeFreeRtosPriority                     0x080042b1   Thumb Code    12  cmsis_os.o(i.makeFreeRtosPriority)
    i.osDelay                                0x080042bc   Section        0  cmsis_os.o(i.osDelay)
    i.osKernelStart                          0x080042ca   Section        0  cmsis_os.o(i.osKernelStart)
    i.osThreadCreate                         0x080042d4   Section        0  cmsis_os.o(i.osThreadCreate)
    i.prvAddCurrentTaskToDelayedList         0x08004328   Section        0  tasks.o(i.prvAddCurrentTaskToDelayedList)
    prvAddCurrentTaskToDelayedList           0x08004329   Thumb Code   102  tasks.o(i.prvAddCurrentTaskToDelayedList)
    i.prvAddNewTaskToReadyList               0x08004398   Section        0  tasks.o(i.prvAddNewTaskToReadyList)
    prvAddNewTaskToReadyList                 0x08004399   Thumb Code   194  tasks.o(i.prvAddNewTaskToReadyList)
    i.prvDeleteTCB                           0x08004468   Section        0  tasks.o(i.prvDeleteTCB)
    prvDeleteTCB                             0x08004469   Thumb Code    52  tasks.o(i.prvDeleteTCB)
    i.prvHeapInit                            0x0800449c   Section        0  heap_4.o(i.prvHeapInit)
    prvHeapInit                              0x0800449d   Thumb Code    66  heap_4.o(i.prvHeapInit)
    i.prvIdleTask                            0x080044e8   Section        0  tasks.o(i.prvIdleTask)
    prvIdleTask                              0x080044e9   Thumb Code    82  tasks.o(i.prvIdleTask)
    i.prvInitialiseNewTask                   0x08004548   Section        0  tasks.o(i.prvInitialiseNewTask)
    prvInitialiseNewTask                     0x08004549   Thumb Code   152  tasks.o(i.prvInitialiseNewTask)
    i.prvInsertBlockIntoFreeList             0x080045e0   Section        0  heap_4.o(i.prvInsertBlockIntoFreeList)
    prvInsertBlockIntoFreeList               0x080045e1   Thumb Code    72  heap_4.o(i.prvInsertBlockIntoFreeList)
    i.prvResetNextTaskUnblockTime            0x0800462c   Section        0  tasks.o(i.prvResetNextTaskUnblockTime)
    prvResetNextTaskUnblockTime              0x0800462d   Thumb Code    26  tasks.o(i.prvResetNextTaskUnblockTime)
    i.prvTaskExitError                       0x0800464c   Section        0  port_1.o(i.prvTaskExitError)
    prvTaskExitError                         0x0800464d   Thumb Code    36  port_1.o(i.prvTaskExitError)
    i.prveMBError2Exception                  0x08004674   Section        0  mbutils.o(i.prveMBError2Exception)
    i.pvPortMalloc                           0x0800468c   Section        0  heap_4.o(i.pvPortMalloc)
    i.pxPortInitialiseStack                  0x08004768   Section        0  port_1.o(i.pxPortInitialiseStack)
    i.usMBCRC16                              0x0800478c   Section        0  mbcrc.o(i.usMBCRC16)
    i.uxListRemove                           0x080047b8   Section        0  list.o(i.uxListRemove)
    i.vApplicationGetIdleTaskMemory          0x080047e0   Section        0  freertos.o(i.vApplicationGetIdleTaskMemory)
    i.vListInitialise                        0x080047f4   Section        0  list.o(i.vListInitialise)
    i.vListInitialiseItem                    0x0800480a   Section        0  list.o(i.vListInitialiseItem)
    i.vListInsert                            0x08004810   Section        0  list.o(i.vListInsert)
    i.vListInsertEnd                         0x08004840   Section        0  list.o(i.vListInsertEnd)
    i.vMBPortSerialEnable                    0x08004858   Section        0  portserial.o(i.vMBPortSerialEnable)
    i.vMBPortTimersDisable                   0x080048ac   Section        0  porttimer.o(i.vMBPortTimersDisable)
    i.vMBPortTimersEnable                    0x080048d0   Section        0  porttimer.o(i.vMBPortTimersEnable)
    i.vPortEnterCritical                     0x080048e8   Section        0  port_1.o(i.vPortEnterCritical)
    i.vPortExitCritical                      0x08004928   Section        0  port_1.o(i.vPortExitCritical)
    i.vPortFree                              0x08004950   Section        0  heap_4.o(i.vPortFree)
    i.vPortSetupTimerInterrupt               0x080049b4   Section        0  port_1.o(i.vPortSetupTimerInterrupt)
    i.vTaskDelay                             0x080049d8   Section        0  tasks.o(i.vTaskDelay)
    i.vTaskStartScheduler                    0x08004a24   Section        0  tasks.o(i.vTaskStartScheduler)
    i.vTaskSuspendAll                        0x08004a90   Section        0  tasks.o(i.vTaskSuspendAll)
    i.vTaskSwitchContext                     0x08004aa0   Section        0  tasks.o(i.vTaskSwitchContext)
    i.xMBPortEventGet                        0x08004afc   Section        0  portevent.o(i.xMBPortEventGet)
    i.xMBPortEventInit                       0x08004b18   Section        0  portevent.o(i.xMBPortEventInit)
    i.xMBPortEventPost                       0x08004b28   Section        0  portevent.o(i.xMBPortEventPost)
    i.xMBPortSerialGetByte                   0x08004b38   Section        0  portserial.o(i.xMBPortSerialGetByte)
    i.xMBPortSerialInit                      0x08004b48   Section        0  portserial.o(i.xMBPortSerialInit)
    i.xMBPortSerialPutByte                   0x08004b98   Section        0  portserial.o(i.xMBPortSerialPutByte)
    i.xMBPortTimersInit                      0x08004ba4   Section        0  porttimer.o(i.xMBPortTimersInit)
    i.xMBRTUReceiveFSM                       0x08004c18   Section        0  mbrtu.o(i.xMBRTUReceiveFSM)
    i.xMBRTUTimerT35Expired                  0x08004c80   Section        0  mbrtu.o(i.xMBRTUTimerT35Expired)
    i.xMBRTUTransmitFSM                      0x08004cc0   Section        0  mbrtu.o(i.xMBRTUTransmitFSM)
    i.xPortStartScheduler                    0x08004d1c   Section        0  port_1.o(i.xPortStartScheduler)
    i.xTaskCreate                            0x08004dc4   Section        0  tasks.o(i.xTaskCreate)
    i.xTaskCreateStatic                      0x08004e1e   Section        0  tasks.o(i.xTaskCreateStatic)
    i.xTaskIncrementTick                     0x08004e74   Section        0  tasks.o(i.xTaskIncrementTick)
    i.xTaskResumeAll                         0x08004f40   Section        0  tasks.o(i.xTaskResumeAll)
    .constdata                               0x08005004   Section     2072  oled.o(.constdata)
    .constdata                               0x0800581c   Section       28  freertos.o(.constdata)
    .constdata                               0x08005838   Section      512  mbcrc.o(.constdata)
    aucCRCHi                                 0x08005838   Data         256  mbcrc.o(.constdata)
    aucCRCLo                                 0x08005938   Data         256  mbcrc.o(.constdata)
    .constdata                               0x08005a38   Section       18  stm32f1xx_hal_rcc.o(.constdata)
    aPredivFactorTable                       0x08005a38   Data           2  stm32f1xx_hal_rcc.o(.constdata)
    aPLLMULFactorTable                       0x08005a3a   Data          16  stm32f1xx_hal_rcc.o(.constdata)
    .constdata                               0x08005a4a   Section       18  stm32f1xx_hal_rcc_ex.o(.constdata)
    aPredivFactorTable                       0x08005a4a   Data           2  stm32f1xx_hal_rcc_ex.o(.constdata)
    aPLLMULFactorTable                       0x08005a4c   Data          16  stm32f1xx_hal_rcc_ex.o(.constdata)
    .constdata                               0x08005a5c   Section       16  system_stm32f1xx.o(.constdata)
    .constdata                               0x08005a6c   Section        8  system_stm32f1xx.o(.constdata)
    .conststring                             0x08005a74   Section        7  freertos.o(.conststring)
    .data                                    0x20000000   Section        8  aht20.o(.data)
    .data                                    0x20000008   Section        3  modbus.o(.data)
    .data                                    0x2000000c   Section        4  main.o(.data)
    Count500ms                               0x2000000c   Data           4  main.o(.data)
    .data                                    0x20000010   Section        4  freertos.o(.data)
    .data                                    0x20000014   Section      172  mb.o(.data)
    eMBState                                 0x20000014   Data           1  mb.o(.data)
    ucRcvAddress                             0x20000015   Data           1  mb.o(.data)
    ucFunctionCode                           0x20000016   Data           1  mb.o(.data)
    eException                               0x20000017   Data           1  mb.o(.data)
    ucMBAddress                              0x20000018   Data           1  mb.o(.data)
    eMBCurrentMode                           0x20000019   Data           1  mb.o(.data)
    usLength                                 0x2000001a   Data           2  mb.o(.data)
    ucMBFrame                                0x2000001c   Data           4  mb.o(.data)
    peMBFrameSendCur                         0x20000020   Data           4  mb.o(.data)
    pvMBFrameStartCur                        0x20000024   Data           4  mb.o(.data)
    pvMBFrameStopCur                         0x20000028   Data           4  mb.o(.data)
    peMBFrameReceiveCur                      0x2000002c   Data           4  mb.o(.data)
    pvMBFrameCloseCur                        0x20000030   Data           4  mb.o(.data)
    xFuncHandlers                            0x20000040   Data         128  mb.o(.data)
    .data                                    0x200000c0   Section        2  mbfuncother.o(.data)
    usMBSlaveIDLen                           0x200000c0   Data           2  mbfuncother.o(.data)
    .data                                    0x200000c4   Section       12  mbrtu.o(.data)
    eSndState                                0x200000c4   Data           1  mbrtu.o(.data)
    eRcvState                                0x200000c5   Data           1  mbrtu.o(.data)
    usSndBufferCount                         0x200000c6   Data           2  mbrtu.o(.data)
    usRcvBufferPos                           0x200000c8   Data           2  mbrtu.o(.data)
    pucSndBufferCur                          0x200000cc   Data           4  mbrtu.o(.data)
    .data                                    0x200000d0   Section        2  portevent.o(.data)
    eQueuedEvent                             0x200000d0   Data           1  portevent.o(.data)
    xEventInQueue                            0x200000d1   Data           1  portevent.o(.data)
    .data                                    0x200000d4   Section       12  stm32f1xx_hal.o(.data)
    .data                                    0x200000e0   Section        4  system_stm32f1xx.o(.data)
    .data                                    0x200000e4   Section       60  tasks.o(.data)
    uxDeletedTasksWaitingCleanUp             0x200000e8   Data           4  tasks.o(.data)
    uxCurrentNumberOfTasks                   0x200000ec   Data           4  tasks.o(.data)
    xTickCount                               0x200000f0   Data           4  tasks.o(.data)
    uxTopReadyPriority                       0x200000f4   Data           4  tasks.o(.data)
    xSchedulerRunning                        0x200000f8   Data           4  tasks.o(.data)
    xPendedTicks                             0x200000fc   Data           4  tasks.o(.data)
    xYieldPending                            0x20000100   Data           4  tasks.o(.data)
    xNumOfOverflows                          0x20000104   Data           4  tasks.o(.data)
    uxTaskNumber                             0x20000108   Data           4  tasks.o(.data)
    xNextTaskUnblockTime                     0x2000010c   Data           4  tasks.o(.data)
    xIdleTaskHandle                          0x20000110   Data           4  tasks.o(.data)
    uxSchedulerSuspended                     0x20000114   Data           4  tasks.o(.data)
    pxDelayedTaskList                        0x20000118   Data           4  tasks.o(.data)
    pxOverflowDelayedTaskList                0x2000011c   Data           4  tasks.o(.data)
    .data                                    0x20000120   Section       32  heap_4.o(.data)
    pxEnd                                    0x20000120   Data           4  heap_4.o(.data)
    xFreeBytesRemaining                      0x20000124   Data           4  heap_4.o(.data)
    xMinimumEverFreeBytesRemaining           0x20000128   Data           4  heap_4.o(.data)
    xNumberOfSuccessfulAllocations           0x2000012c   Data           4  heap_4.o(.data)
    xNumberOfSuccessfulFrees                 0x20000130   Data           4  heap_4.o(.data)
    xBlockAllocatedBit                       0x20000134   Data           4  heap_4.o(.data)
    xStart                                   0x20000138   Data           8  heap_4.o(.data)
    .data                                    0x20000140   Section       12  port_1.o(.data)
    ucMaxSysCallPriority                     0x20000140   Data           1  port_1.o(.data)
    uxCriticalNesting                        0x20000144   Data           4  port_1.o(.data)
    ulMaxPRIGROUPValue                       0x20000148   Data           4  port_1.o(.data)
    .data                                    0x2000014c   Section        4  stdout.o(.data)
    .bss                                     0x20000150   Section      596  freertos.o(.bss)
    xIdleTaskTCBBuffer                       0x20000150   Data          84  freertos.o(.bss)
    xIdleStack                               0x200001a4   Data         512  freertos.o(.bss)
    .bss                                     0x200003a4   Section       48  adc.o(.bss)
    .bss                                     0x200003d4   Section       84  i2c.o(.bss)
    .bss                                     0x20000428   Section       72  tim.o(.bss)
    .bss                                     0x20000470   Section      144  usart.o(.bss)
    .bss                                     0x20000500   Section       72  stm32f1xx_hal_timebase_tim.o(.bss)
    .bss                                     0x20000548   Section       32  mbfuncother.o(.bss)
    ucMBSlaveID                              0x20000548   Data          32  mbfuncother.o(.bss)
    .bss                                     0x20000568   Section      256  mbrtu.o(.bss)
    .bss                                     0x20000668   Section       40  port.o(.bss)
    .bss                                     0x20000690   Section      240  tasks.o(.bss)
    pxReadyTasksLists                        0x20000690   Data         140  tasks.o(.bss)
    xDelayedTaskList1                        0x2000071c   Data          20  tasks.o(.bss)
    xDelayedTaskList2                        0x20000730   Data          20  tasks.o(.bss)
    xPendingReadyList                        0x20000744   Data          20  tasks.o(.bss)
    xTasksWaitingTermination                 0x20000758   Data          20  tasks.o(.bss)
    xSuspendedTaskList                       0x2000076c   Data          20  tasks.o(.bss)
    .bss                                     0x20000780   Section     3072  heap_4.o(.bss)
    ucHeap                                   0x20000780   Data        3072  heap_4.o(.bss)
    STACK                                    0x20001380   Section     1024  startup_stm32f103xb.o(STACK)

    Global Symbols

    Symbol Name                              Value     Ov Type        Size  Object(Section)

    BuildAttributes$$THM_ISAv4$P$D$K$B$S$PE$A:L22UL41UL21$X:L11$S22US41US21$IEEE1$IW$USESV6$~STKCKD$USESV7$~SHL$OTIME$ROPI$EBA8$MICROLIB$REQ8$PRES8$EABIv2 0x00000000   Number         0  anon$$obj.o ABSOLUTE
    __ARM_use_no_argv                        0x00000000   Number         0  main.o ABSOLUTE
    _printf_a                                0x00000000   Number         0  stubs.o ABSOLUTE
    _printf_c                                0x00000000   Number         0  stubs.o ABSOLUTE
    _printf_charcount                        0x00000000   Number         0  stubs.o ABSOLUTE
    _printf_d                                0x00000000   Number         0  stubs.o ABSOLUTE
    _printf_e                                0x00000000   Number         0  stubs.o ABSOLUTE
    _printf_f                                0x00000000   Number         0  stubs.o ABSOLUTE
    _printf_flags                            0x00000000   Number         0  stubs.o ABSOLUTE
    _printf_fp_dec                           0x00000000   Number         0  stubs.o ABSOLUTE
    _printf_fp_hex                           0x00000000   Number         0  stubs.o ABSOLUTE
    _printf_g                                0x00000000   Number         0  stubs.o ABSOLUTE
    _printf_i                                0x00000000   Number         0  stubs.o ABSOLUTE
    _printf_int_dec                          0x00000000   Number         0  stubs.o ABSOLUTE
    _printf_l                                0x00000000   Number         0  stubs.o ABSOLUTE
    _printf_lc                               0x00000000   Number         0  stubs.o ABSOLUTE
    _printf_ll                               0x00000000   Number         0  stubs.o ABSOLUTE
    _printf_lld                              0x00000000   Number         0  stubs.o ABSOLUTE
    _printf_lli                              0x00000000   Number         0  stubs.o ABSOLUTE
    _printf_llo                              0x00000000   Number         0  stubs.o ABSOLUTE
    _printf_llu                              0x00000000   Number         0  stubs.o ABSOLUTE
    _printf_llx                              0x00000000   Number         0  stubs.o ABSOLUTE
    _printf_longlong_dec                     0x00000000   Number         0  stubs.o ABSOLUTE
    _printf_longlong_hex                     0x00000000   Number         0  stubs.o ABSOLUTE
    _printf_longlong_oct                     0x00000000   Number         0  stubs.o ABSOLUTE
    _printf_ls                               0x00000000   Number         0  stubs.o ABSOLUTE
    _printf_mbtowc                           0x00000000   Number         0  stubs.o ABSOLUTE
    _printf_n                                0x00000000   Number         0  stubs.o ABSOLUTE
    _printf_o                                0x00000000   Number         0  stubs.o ABSOLUTE
    _printf_p                                0x00000000   Number         0  stubs.o ABSOLUTE
    _printf_percent                          0x00000000   Number         0  stubs.o ABSOLUTE
    _printf_pre_padding                      0x00000000   Number         0  stubs.o ABSOLUTE
    _printf_return_value                     0x00000000   Number         0  stubs.o ABSOLUTE
    _printf_s                                0x00000000   Number         0  stubs.o ABSOLUTE
    _printf_sizespec                         0x00000000   Number         0  stubs.o ABSOLUTE
    _printf_str                              0x00000000   Number         0  stubs.o ABSOLUTE
    _printf_truncate_signed                  0x00000000   Number         0  stubs.o ABSOLUTE
    _printf_truncate_unsigned                0x00000000   Number         0  stubs.o ABSOLUTE
    _printf_u                                0x00000000   Number         0  stubs.o ABSOLUTE
    _printf_wc                               0x00000000   Number         0  stubs.o ABSOLUTE
    _printf_wctomb                           0x00000000   Number         0  stubs.o ABSOLUTE
    _printf_widthprec                        0x00000000   Number         0  stubs.o ABSOLUTE
    _printf_x                                0x00000000   Number         0  stubs.o ABSOLUTE
    __cpp_initialize__aeabi_                  - Undefined Weak Reference
    __cxa_finalize                            - Undefined Weak Reference
    _clock_init                               - Undefined Weak Reference
    _microlib_exit                            - Undefined Weak Reference
    __Vectors_Size                           0x000000ec   Number         0  startup_stm32f103xb.o ABSOLUTE
    __Vectors                                0x08000000   Data           4  startup_stm32f103xb.o(RESET)
    __Vectors_End                            0x080000ec   Data           0  startup_stm32f103xb.o(RESET)
    __main                                   0x080000ed   Thumb Code     0  entry.o(.ARM.Collect$$$$00000000)
    _main_stk                                0x080000ed   Thumb Code     0  entry2.o(.ARM.Collect$$$$00000001)
    _main_scatterload                        0x080000f1   Thumb Code     0  entry5.o(.ARM.Collect$$$$00000004)
    __main_after_scatterload                 0x080000f5   Thumb Code     0  entry5.o(.ARM.Collect$$$$00000004)
    _main_clock                              0x080000f5   Thumb Code     0  entry7b.o(.ARM.Collect$$$$00000008)
    _main_cpp_init                           0x080000f5   Thumb Code     0  entry8b.o(.ARM.Collect$$$$0000000A)
    _main_init                               0x080000f5   Thumb Code     0  entry9a.o(.ARM.Collect$$$$0000000B)
    __rt_final_cpp                           0x080000fd   Thumb Code     0  entry10a.o(.ARM.Collect$$$$0000000D)
    __rt_final_exit                          0x080000fd   Thumb Code     0  entry11a.o(.ARM.Collect$$$$0000000F)
    SVC_Handler                              0x08000101   Thumb Code    32  port_1.o(.emb_text)
    __asm___6_port_c_39a90d8d__prvStartFirstTask 0x08000125   Thumb Code    28  port_1.o(.emb_text)
    PendSV_Handler                           0x08000145   Thumb Code    72  port_1.o(.emb_text)
    vPortGetIPSR                             0x08000191   Thumb Code     6  port_1.o(.emb_text)
    Reset_Handler                            0x08000199   Thumb Code     8  startup_stm32f103xb.o(.text)
    ADC1_2_IRQHandler                        0x080001b3   Thumb Code     0  startup_stm32f103xb.o(.text)
    CAN1_RX1_IRQHandler                      0x080001b3   Thumb Code     0  startup_stm32f103xb.o(.text)
    CAN1_SCE_IRQHandler                      0x080001b3   Thumb Code     0  startup_stm32f103xb.o(.text)
    DMA1_Channel1_IRQHandler                 0x080001b3   Thumb Code     0  startup_stm32f103xb.o(.text)
    DMA1_Channel2_IRQHandler                 0x080001b3   Thumb Code     0  startup_stm32f103xb.o(.text)
    DMA1_Channel3_IRQHandler                 0x080001b3   Thumb Code     0  startup_stm32f103xb.o(.text)
    DMA1_Channel4_IRQHandler                 0x080001b3   Thumb Code     0  startup_stm32f103xb.o(.text)
    DMA1_Channel5_IRQHandler                 0x080001b3   Thumb Code     0  startup_stm32f103xb.o(.text)
    DMA1_Channel6_IRQHandler                 0x080001b3   Thumb Code     0  startup_stm32f103xb.o(.text)
    DMA1_Channel7_IRQHandler                 0x080001b3   Thumb Code     0  startup_stm32f103xb.o(.text)
    EXTI0_IRQHandler                         0x080001b3   Thumb Code     0  startup_stm32f103xb.o(.text)
    EXTI15_10_IRQHandler                     0x080001b3   Thumb Code     0  startup_stm32f103xb.o(.text)
    EXTI1_IRQHandler                         0x080001b3   Thumb Code     0  startup_stm32f103xb.o(.text)
    EXTI2_IRQHandler                         0x080001b3   Thumb Code     0  startup_stm32f103xb.o(.text)
    EXTI3_IRQHandler                         0x080001b3   Thumb Code     0  startup_stm32f103xb.o(.text)
    EXTI4_IRQHandler                         0x080001b3   Thumb Code     0  startup_stm32f103xb.o(.text)
    EXTI9_5_IRQHandler                       0x080001b3   Thumb Code     0  startup_stm32f103xb.o(.text)
    FLASH_IRQHandler                         0x080001b3   Thumb Code     0  startup_stm32f103xb.o(.text)
    I2C1_ER_IRQHandler                       0x080001b3   Thumb Code     0  startup_stm32f103xb.o(.text)
    I2C1_EV_IRQHandler                       0x080001b3   Thumb Code     0  startup_stm32f103xb.o(.text)
    I2C2_ER_IRQHandler                       0x080001b3   Thumb Code     0  startup_stm32f103xb.o(.text)
    I2C2_EV_IRQHandler                       0x080001b3   Thumb Code     0  startup_stm32f103xb.o(.text)
    PVD_IRQHandler                           0x080001b3   Thumb Code     0  startup_stm32f103xb.o(.text)
    RCC_IRQHandler                           0x080001b3   Thumb Code     0  startup_stm32f103xb.o(.text)
    RTC_Alarm_IRQHandler                     0x080001b3   Thumb Code     0  startup_stm32f103xb.o(.text)
    RTC_IRQHandler                           0x080001b3   Thumb Code     0  startup_stm32f103xb.o(.text)
    SPI1_IRQHandler                          0x080001b3   Thumb Code     0  startup_stm32f103xb.o(.text)
    SPI2_IRQHandler                          0x080001b3   Thumb Code     0  startup_stm32f103xb.o(.text)
    TAMPER_IRQHandler                        0x080001b3   Thumb Code     0  startup_stm32f103xb.o(.text)
    TIM1_BRK_IRQHandler                      0x080001b3   Thumb Code     0  startup_stm32f103xb.o(.text)
    TIM1_CC_IRQHandler                       0x080001b3   Thumb Code     0  startup_stm32f103xb.o(.text)
    TIM1_TRG_COM_IRQHandler                  0x080001b3   Thumb Code     0  startup_stm32f103xb.o(.text)
    TIM2_IRQHandler                          0x080001b3   Thumb Code     0  startup_stm32f103xb.o(.text)
    TIM4_IRQHandler                          0x080001b3   Thumb Code     0  startup_stm32f103xb.o(.text)
    USART1_IRQHandler                        0x080001b3   Thumb Code     0  startup_stm32f103xb.o(.text)
    USART3_IRQHandler                        0x080001b3   Thumb Code     0  startup_stm32f103xb.o(.text)
    USBWakeUp_IRQHandler                     0x080001b3   Thumb Code     0  startup_stm32f103xb.o(.text)
    USB_HP_CAN1_TX_IRQHandler                0x080001b3   Thumb Code     0  startup_stm32f103xb.o(.text)
    USB_LP_CAN1_RX0_IRQHandler               0x080001b3   Thumb Code     0  startup_stm32f103xb.o(.text)
    WWDG_IRQHandler                          0x080001b3   Thumb Code     0  startup_stm32f103xb.o(.text)
    __aeabi_llsr                             0x080001bd   Thumb Code    32  llushr.o(.text)
    _ll_ushift_r                             0x080001bd   Thumb Code     0  llushr.o(.text)
    __aeabi_memcpy                           0x080001dd   Thumb Code    36  memcpya.o(.text)
    __aeabi_memcpy4                          0x080001dd   Thumb Code     0  memcpya.o(.text)
    __aeabi_memcpy8                          0x080001dd   Thumb Code     0  memcpya.o(.text)
    __aeabi_memset                           0x08000201   Thumb Code    14  memseta.o(.text)
    __aeabi_memset4                          0x08000201   Thumb Code     0  memseta.o(.text)
    __aeabi_memset8                          0x08000201   Thumb Code     0  memseta.o(.text)
    __aeabi_memclr                           0x0800020f   Thumb Code     4  memseta.o(.text)
    __aeabi_memclr4                          0x0800020f   Thumb Code     0  memseta.o(.text)
    __aeabi_memclr8                          0x0800020f   Thumb Code     0  memseta.o(.text)
    memset                                   0x08000213   Thumb Code    18  memseta.o(.text)
    __aeabi_fmul                             0x08000225   Thumb Code   100  fmul.o(.text)
    __aeabi_fdiv                             0x08000289   Thumb Code   124  fdiv.o(.text)
    __aeabi_dadd                             0x08000305   Thumb Code   322  dadd.o(.text)
    __aeabi_dsub                             0x08000447   Thumb Code     6  dadd.o(.text)
    __aeabi_drsub                            0x0800044d   Thumb Code     6  dadd.o(.text)
    __aeabi_dmul                             0x08000453   Thumb Code   228  dmul.o(.text)
    __aeabi_ddiv                             0x08000537   Thumb Code   222  ddiv.o(.text)
    __ARM_scalbn                             0x08000615   Thumb Code    46  dscalb.o(.text)
    scalbn                                   0x08000615   Thumb Code     0  dscalb.o(.text)
    __aeabi_ui2f                             0x08000643   Thumb Code    10  ffltui.o(.text)
    __aeabi_ui2d                             0x0800064d   Thumb Code    26  dfltui.o(.text)
    __aeabi_f2uiz                            0x08000667   Thumb Code    40  ffixui.o(.text)
    __aeabi_d2f                              0x0800068f   Thumb Code    56  d2f.o(.text)
    __aeabi_uidiv                            0x080006c7   Thumb Code     0  uidiv.o(.text)
    __aeabi_uidivmod                         0x080006c7   Thumb Code    44  uidiv.o(.text)
    __aeabi_llsl                             0x080006f3   Thumb Code    30  llshl.o(.text)
    _ll_shift_l                              0x080006f3   Thumb Code     0  llshl.o(.text)
    __aeabi_lasr                             0x08000711   Thumb Code    36  llsshr.o(.text)
    _ll_sshift_r                             0x08000711   Thumb Code     0  llsshr.o(.text)
    __I$use$fp                               0x08000735   Thumb Code     0  iusefp.o(.text)
    _float_round                             0x08000735   Thumb Code    18  fepilogue.o(.text)
    _float_epilogue                          0x08000747   Thumb Code    92  fepilogue.o(.text)
    _double_round                            0x080007a3   Thumb Code    30  depilogue.o(.text)
    _double_epilogue                         0x080007c1   Thumb Code   156  depilogue.o(.text)
    __scatterload                            0x0800085d   Thumb Code    28  init.o(.text)
    __scatterload_rt2                        0x0800085d   Thumb Code     0  init.o(.text)
    __decompress                             0x08000881   Thumb Code     0  __dczerorl2.o(.text)
    __decompress1                            0x08000881   Thumb Code    86  __dczerorl2.o(.text)
    ADC_ConversionStop_Disable               0x080008d9   Thumb Code    86  stm32f1xx_hal_adc.o(i.ADC_ConversionStop_Disable)
    ADC_Enable                               0x08000931   Thumb Code   114  stm32f1xx_hal_adc.o(i.ADC_Enable)
    ADC_VR_CPU_Read                          0x080009ad   Thumb Code   254  adc.o(i.ADC_VR_CPU_Read)
    AHT20_DeInit                             0x08000ad5   Thumb Code    40  aht20.o(i.AHT20_DeInit)
    AHT20_Init                               0x08000b01   Thumb Code    58  aht20.o(i.AHT20_Init)
    AHT20_Read                               0x08000b41   Thumb Code    42  aht20.o(i.AHT20_Read)
    AHT20_ReadData                           0x08000b79   Thumb Code   232  aht20.o(i.AHT20_ReadData)
    AHT20_Read_Status                        0x08000c75   Thumb Code    26  aht20.o(i.AHT20_Read_Status)
    BEEP_Control                             0x08000c95   Thumb Code    28  gpio.o(i.BEEP_Control)
    BusFault_Handler                         0x08000cb5   Thumb Code     2  stm32f1xx_it.o(i.BusFault_Handler)
    DebugMon_Handler                         0x08000cb7   Thumb Code     2  stm32f1xx_it.o(i.DebugMon_Handler)
    Error_Handler                            0x08000cb9   Thumb Code     4  main.o(i.Error_Handler)
    HAL_ADCEx_Calibration_Start              0x08000cbd   Thumb Code   210  stm32f1xx_hal_adc_ex.o(i.HAL_ADCEx_Calibration_Start)
    HAL_ADC_ConfigChannel                    0x08000d95   Thumb Code   240  stm32f1xx_hal_adc.o(i.HAL_ADC_ConfigChannel)
    HAL_ADC_GetValue                         0x08000e91   Thumb Code     6  stm32f1xx_hal_adc.o(i.HAL_ADC_GetValue)
    HAL_ADC_Init                             0x08000e99   Thumb Code   272  stm32f1xx_hal_adc.o(i.HAL_ADC_Init)
    HAL_ADC_MspInit                          0x08000fb5   Thumb Code    76  adc.o(i.HAL_ADC_MspInit)
    HAL_ADC_PollForConversion                0x0800100d   Thumb Code   304  stm32f1xx_hal_adc.o(i.HAL_ADC_PollForConversion)
    HAL_ADC_Start                            0x08001149   Thumb Code   184  stm32f1xx_hal_adc.o(i.HAL_ADC_Start)
    HAL_Delay                                0x08001209   Thumb Code    32  stm32f1xx_hal.o(i.HAL_Delay)
    HAL_GPIO_Init                            0x0800122d   Thumb Code   446  stm32f1xx_hal_gpio.o(i.HAL_GPIO_Init)
    HAL_GPIO_WritePin                        0x0800140d   Thumb Code    10  stm32f1xx_hal_gpio.o(i.HAL_GPIO_WritePin)
    HAL_GetTick                              0x08001419   Thumb Code     6  stm32f1xx_hal.o(i.HAL_GetTick)
    HAL_I2C_Init                             0x08001425   Thumb Code   376  stm32f1xx_hal_i2c.o(i.HAL_I2C_Init)
    HAL_I2C_Master_Receive                   0x080015ad   Thumb Code   576  stm32f1xx_hal_i2c.o(i.HAL_I2C_Master_Receive)
    HAL_I2C_Master_Transmit                  0x080017fd   Thumb Code   290  stm32f1xx_hal_i2c.o(i.HAL_I2C_Master_Transmit)
    HAL_I2C_Mem_Read                         0x08001929   Thumb Code   586  stm32f1xx_hal_i2c.o(i.HAL_I2C_Mem_Read)
    HAL_I2C_Mem_Write                        0x08001b85   Thumb Code   294  stm32f1xx_hal_i2c.o(i.HAL_I2C_Mem_Write)
    HAL_I2C_MspInit                          0x08001cb5   Thumb Code    80  i2c.o(i.HAL_I2C_MspInit)
    HAL_IncTick                              0x08001d11   Thumb Code    12  stm32f1xx_hal.o(i.HAL_IncTick)
    HAL_Init                                 0x08001d21   Thumb Code    32  stm32f1xx_hal.o(i.HAL_Init)
    HAL_InitTick                             0x08001d45   Thumb Code   118  stm32f1xx_hal_timebase_tim.o(i.HAL_InitTick)
    HAL_MspInit                              0x08001dd1   Thumb Code    62  stm32f1xx_hal_msp.o(i.HAL_MspInit)
    HAL_NVIC_EnableIRQ                       0x08001e19   Thumb Code    26  stm32f1xx_hal_cortex.o(i.HAL_NVIC_EnableIRQ)
    HAL_NVIC_SetPriority                     0x08001e35   Thumb Code    60  stm32f1xx_hal_cortex.o(i.HAL_NVIC_SetPriority)
    HAL_NVIC_SetPriorityGrouping             0x08001e75   Thumb Code    26  stm32f1xx_hal_cortex.o(i.HAL_NVIC_SetPriorityGrouping)
    HAL_RCCEx_GetPeriphCLKFreq               0x08001e99   Thumb Code   148  stm32f1xx_hal_rcc_ex.o(i.HAL_RCCEx_GetPeriphCLKFreq)
    HAL_RCCEx_PeriphCLKConfig                0x08001f3d   Thumb Code   224  stm32f1xx_hal_rcc_ex.o(i.HAL_RCCEx_PeriphCLKConfig)
    HAL_RCC_ClockConfig                      0x08002029   Thumb Code   280  stm32f1xx_hal_rcc.o(i.HAL_RCC_ClockConfig)
    HAL_RCC_GetClockConfig                   0x08002155   Thumb Code    54  stm32f1xx_hal_rcc.o(i.HAL_RCC_GetClockConfig)
    HAL_RCC_GetPCLK1Freq                     0x08002195   Thumb Code    20  stm32f1xx_hal_rcc.o(i.HAL_RCC_GetPCLK1Freq)
    HAL_RCC_GetPCLK2Freq                     0x080021b5   Thumb Code    20  stm32f1xx_hal_rcc.o(i.HAL_RCC_GetPCLK2Freq)
    HAL_RCC_GetSysClockFreq                  0x080021d5   Thumb Code    58  stm32f1xx_hal_rcc.o(i.HAL_RCC_GetSysClockFreq)
    HAL_RCC_OscConfig                        0x08002221   Thumb Code   778  stm32f1xx_hal_rcc.o(i.HAL_RCC_OscConfig)
    HAL_TIMEx_BreakCallback                  0x08002541   Thumb Code     2  stm32f1xx_hal_tim_ex.o(i.HAL_TIMEx_BreakCallback)
    HAL_TIMEx_CommutCallback                 0x08002543   Thumb Code     2  stm32f1xx_hal_tim_ex.o(i.HAL_TIMEx_CommutCallback)
    HAL_TIMEx_MasterConfigSynchronization    0x08002545   Thumb Code    92  stm32f1xx_hal_tim_ex.o(i.HAL_TIMEx_MasterConfigSynchronization)
    HAL_TIM_Base_Init                        0x080025ad   Thumb Code    90  stm32f1xx_hal_tim.o(i.HAL_TIM_Base_Init)
    HAL_TIM_Base_MspInit                     0x08002609   Thumb Code    50  tim.o(i.HAL_TIM_Base_MspInit)
    HAL_TIM_Base_Start_IT                    0x08002645   Thumb Code    76  stm32f1xx_hal_tim.o(i.HAL_TIM_Base_Start_IT)
    HAL_TIM_ConfigClockSource                0x0800269d   Thumb Code   220  stm32f1xx_hal_tim.o(i.HAL_TIM_ConfigClockSource)
    HAL_TIM_IC_CaptureCallback               0x08002779   Thumb Code     2  stm32f1xx_hal_tim.o(i.HAL_TIM_IC_CaptureCallback)
    HAL_TIM_IRQHandler                       0x0800277b   Thumb Code   304  stm32f1xx_hal_tim.o(i.HAL_TIM_IRQHandler)
    HAL_TIM_OC_DelayElapsedCallback          0x080028ab   Thumb Code     2  stm32f1xx_hal_tim.o(i.HAL_TIM_OC_DelayElapsedCallback)
    HAL_TIM_PWM_PulseFinishedCallback        0x080028ad   Thumb Code     2  stm32f1xx_hal_tim.o(i.HAL_TIM_PWM_PulseFinishedCallback)
    HAL_TIM_PeriodElapsedCallback            0x080028b1   Thumb Code    48  main.o(i.HAL_TIM_PeriodElapsedCallback)
    HAL_TIM_TriggerCallback                  0x080028ed   Thumb Code     2  stm32f1xx_hal_tim.o(i.HAL_TIM_TriggerCallback)
    HAL_UART_Init                            0x080028ef   Thumb Code   100  stm32f1xx_hal_uart.o(i.HAL_UART_Init)
    HAL_UART_MspInit                         0x08002955   Thumb Code   186  usart.o(i.HAL_UART_MspInit)
    HAL_UART_Transmit                        0x08002a21   Thumb Code   160  stm32f1xx_hal_uart.o(i.HAL_UART_Transmit)
    HardFault_Handler                        0x08002ac1   Thumb Code     2  stm32f1xx_it.o(i.HardFault_Handler)
    INA226_Init                              0x08003089   Thumb Code    72  ina226.o(i.INA226_Init)
    INA226_Read                              0x080030d5   Thumb Code   102  ina226.o(i.INA226_Read)
    INA226_Read_Bus_Voltage                  0x08003155   Thumb Code    46  ina226.o(i.INA226_Read_Bus_Voltage)
    INA226_Read_Current                      0x0800318d   Thumb Code    46  ina226.o(i.INA226_Read_Current)
    INA226_Read_Pow                          0x080031c5   Thumb Code    46  ina226.o(i.INA226_Read_Pow)
    LED_Control                              0x080031fd   Thumb Code    42  gpio.o(i.LED_Control)
    MX_ADC1_Init                             0x0800322d   Thumb Code    74  adc.o(i.MX_ADC1_Init)
    MX_FREERTOS_Init                         0x08003281   Thumb Code    30  freertos.o(i.MX_FREERTOS_Init)
    MX_GPIO_Init                             0x080032a9   Thumb Code   190  gpio.o(i.MX_GPIO_Init)
    MX_I2C1_Init                             0x08003375   Thumb Code    50  i2c.o(i.MX_I2C1_Init)
    MX_TIM3_Init                             0x080033b5   Thumb Code    94  tim.o(i.MX_TIM3_Init)
    MX_USART1_UART_Init                      0x0800341d   Thumb Code    48  usart.o(i.MX_USART1_UART_Init)
    MX_USART2_UART_Init                      0x08003455   Thumb Code    48  usart.o(i.MX_USART2_UART_Init)
    MemManage_Handler                        0x0800348d   Thumb Code     2  stm32f1xx_it.o(i.MemManage_Handler)
    ModbusTask                               0x0800348f   Thumb Code    20  freertos.o(i.ModbusTask)
    Modbus_Init                              0x080034a5   Thumb Code    46  modbus.o(i.Modbus_Init)
    Modbus_Parse                             0x080034ed   Thumb Code   132  modbus.o(i.Modbus_Parse)
    NMI_Handler                              0x08003579   Thumb Code     2  stm32f1xx_it.o(i.NMI_Handler)
    OLED_CLS                                 0x0800357b   Thumb Code     6  oled.o(i.OLED_CLS)
    OLED_Fill                                0x08003581   Thumb Code    56  oled.o(i.OLED_Fill)
    OLED_Init                                0x080035b9   Thumb Code   180  oled.o(i.OLED_Init)
    OLED_SetPos                              0x0800366d   Thumb Code    38  oled.o(i.OLED_SetPos)
    OLED_ShowStr                             0x08003695   Thumb Code   208  oled.o(i.OLED_ShowStr)
    RELAY_Control                            0x0800376d   Thumb Code    26  gpio.o(i.RELAY_Control)
    Read_SlaveAddress                        0x0800378d   Thumb Code    42  modbus.o(i.Read_SlaveAddress)
    SysTick_Handler                          0x080037bd   Thumb Code    38  port_1.o(i.SysTick_Handler)
    SystemClock_Config                       0x080037e9   Thumb Code   120  main.o(i.SystemClock_Config)
    SystemInit                               0x08003861   Thumb Code     2  system_stm32f1xx.o(i.SystemInit)
    TIM1_UP_IRQHandler                       0x08003865   Thumb Code     6  stm32f1xx_it.o(i.TIM1_UP_IRQHandler)
    TIM3_IRQHandler                          0x08003871   Thumb Code    24  porttimer.o(i.TIM3_IRQHandler)
    TIM_Base_SetConfig                       0x08003891   Thumb Code   108  stm32f1xx_hal_tim.o(i.TIM_Base_SetConfig)
    TIM_ETR_SetConfig                        0x08003909   Thumb Code    20  stm32f1xx_hal_tim.o(i.TIM_ETR_SetConfig)
    USART2_IRQHandler                        0x08003aed   Thumb Code    56  portserial.o(i.USART2_IRQHandler)
    UsageFault_Handler                       0x08003b31   Thumb Code     2  stm32f1xx_it.o(i.UsageFault_Handler)
    WriteCmd                                 0x08003b35   Thumb Code    32  oled.o(i.WriteCmd)
    WriteDat                                 0x08003b59   Thumb Code    32  oled.o(i.WriteDat)
    Write_SlaveAddress                       0x08003b7d   Thumb Code    34  modbus.o(i.Write_SlaveAddress)
    __0printf$1                              0x08003ba5   Thumb Code    22  printf1.o(i.__0printf$1)
    __1printf$1                              0x08003ba5   Thumb Code     0  printf1.o(i.__0printf$1)
    __2printf                                0x08003ba5   Thumb Code     0  printf1.o(i.__0printf$1)
    __scatterload_copy                       0x08003be5   Thumb Code    14  handlers.o(i.__scatterload_copy)
    __scatterload_null                       0x08003bf3   Thumb Code     2  handlers.o(i.__scatterload_null)
    __scatterload_zeroinit                   0x08003bf5   Thumb Code    14  handlers.o(i.__scatterload_zeroinit)
    eMBClose                                 0x08003d59   Thumb Code    28  mb.o(i.eMBClose)
    eMBDisable                               0x08003d79   Thumb Code    28  mb.o(i.eMBDisable)
    eMBEnable                                0x08003d99   Thumb Code    28  mb.o(i.eMBEnable)
    eMBFuncReadHoldingRegister               0x08003db9   Thumb Code    94  mbfuncholding.o(i.eMBFuncReadHoldingRegister)
    eMBFuncReadWriteMultipleHoldingRegister  0x08003e17   Thumb Code   156  mbfuncholding.o(i.eMBFuncReadWriteMultipleHoldingRegister)
    eMBFuncReportSlaveID                     0x08003eb5   Thumb Code    26  mbfuncother.o(i.eMBFuncReportSlaveID)
    eMBFuncWriteHoldingRegister              0x08003ed9   Thumb Code    50  mbfuncholding.o(i.eMBFuncWriteHoldingRegister)
    eMBFuncWriteMultipleHoldingRegister      0x08003f0b   Thumb Code    78  mbfuncholding.o(i.eMBFuncWriteMultipleHoldingRegister)
    eMBInit                                  0x08003f59   Thumb Code   100  mb.o(i.eMBInit)
    eMBPoll                                  0x08003fdd   Thumb Code   178  mb.o(i.eMBPoll)
    eMBRTUInit                               0x08004095   Thumb Code    54  mbrtu.o(i.eMBRTUInit)
    eMBRTUReceive                            0x080040d1   Thumb Code    70  mbrtu.o(i.eMBRTUReceive)
    eMBRTUSend                               0x08004121   Thumb Code    80  mbrtu.o(i.eMBRTUSend)
    eMBRTUStart                              0x08004179   Thumb Code    24  mbrtu.o(i.eMBRTUStart)
    eMBRTUStop                               0x08004195   Thumb Code    18  mbrtu.o(i.eMBRTUStop)
    eMBRegHoldingCB                          0x080041a9   Thumb Code    94  port.o(i.eMBRegHoldingCB)
    fputc                                    0x08004211   Thumb Code    20  usart.o(i.fputc)
    main                                     0x08004229   Thumb Code    82  main.o(i.main)
    osDelay                                  0x080042bd   Thumb Code    14  cmsis_os.o(i.osDelay)
    osKernelStart                            0x080042cb   Thumb Code    10  cmsis_os.o(i.osKernelStart)
    osThreadCreate                           0x080042d5   Thumb Code    84  cmsis_os.o(i.osThreadCreate)
    prveMBError2Exception                    0x08004675   Thumb Code    24  mbutils.o(i.prveMBError2Exception)
    pvPortMalloc                             0x0800468d   Thumb Code   216  heap_4.o(i.pvPortMalloc)
    pxPortInitialiseStack                    0x08004769   Thumb Code    32  port_1.o(i.pxPortInitialiseStack)
    usMBCRC16                                0x0800478d   Thumb Code    40  mbcrc.o(i.usMBCRC16)
    uxListRemove                             0x080047b9   Thumb Code    38  list.o(i.uxListRemove)
    vApplicationGetIdleTaskMemory            0x080047e1   Thumb Code    16  freertos.o(i.vApplicationGetIdleTaskMemory)
    vListInitialise                          0x080047f5   Thumb Code    22  list.o(i.vListInitialise)
    vListInitialiseItem                      0x0800480b   Thumb Code     6  list.o(i.vListInitialiseItem)
    vListInsert                              0x08004811   Thumb Code    48  list.o(i.vListInsert)
    vListInsertEnd                           0x08004841   Thumb Code    24  list.o(i.vListInsertEnd)
    vMBPortSerialEnable                      0x08004859   Thumb Code    76  portserial.o(i.vMBPortSerialEnable)
    vMBPortTimersDisable                     0x080048ad   Thumb Code    32  porttimer.o(i.vMBPortTimersDisable)
    vMBPortTimersEnable                      0x080048d1   Thumb Code    20  porttimer.o(i.vMBPortTimersEnable)
    vPortEnterCritical                       0x080048e9   Thumb Code    54  port_1.o(i.vPortEnterCritical)
    vPortExitCritical                        0x08004929   Thumb Code    34  port_1.o(i.vPortExitCritical)
    vPortFree                                0x08004951   Thumb Code    94  heap_4.o(i.vPortFree)
    vPortSetupTimerInterrupt                 0x080049b5   Thumb Code    32  port_1.o(i.vPortSetupTimerInterrupt)
    vTaskDelay                               0x080049d9   Thumb Code    66  tasks.o(i.vTaskDelay)
    vTaskStartScheduler                      0x08004a25   Thumb Code    90  tasks.o(i.vTaskStartScheduler)
    vTaskSuspendAll                          0x08004a91   Thumb Code    10  tasks.o(i.vTaskSuspendAll)
    vTaskSwitchContext                       0x08004aa1   Thumb Code    82  tasks.o(i.vTaskSwitchContext)
    xMBPortEventGet                          0x08004afd   Thumb Code    24  portevent.o(i.xMBPortEventGet)
    xMBPortEventInit                         0x08004b19   Thumb Code    10  portevent.o(i.xMBPortEventInit)
    xMBPortEventPost                         0x08004b29   Thumb Code    12  portevent.o(i.xMBPortEventPost)
    xMBPortSerialGetByte                     0x08004b39   Thumb Code    10  portserial.o(i.xMBPortSerialGetByte)
    xMBPortSerialInit                        0x08004b49   Thumb Code    70  portserial.o(i.xMBPortSerialInit)
    xMBPortSerialPutByte                     0x08004b99   Thumb Code     8  portserial.o(i.xMBPortSerialPutByte)
    xMBPortTimersInit                        0x08004ba5   Thumb Code   106  porttimer.o(i.xMBPortTimersInit)
    xMBRTUReceiveFSM                         0x08004c19   Thumb Code    96  mbrtu.o(i.xMBRTUReceiveFSM)
    xMBRTUTimerT35Expired                    0x08004c81   Thumb Code    58  mbrtu.o(i.xMBRTUTimerT35Expired)
    xMBRTUTransmitFSM                        0x08004cc1   Thumb Code    86  mbrtu.o(i.xMBRTUTransmitFSM)
    xPortStartScheduler                      0x08004d1d   Thumb Code   154  port_1.o(i.xPortStartScheduler)
    xTaskCreate                              0x08004dc5   Thumb Code    90  tasks.o(i.xTaskCreate)
    xTaskCreateStatic                        0x08004e1f   Thumb Code    86  tasks.o(i.xTaskCreateStatic)
    xTaskIncrementTick                       0x08004e75   Thumb Code   194  tasks.o(i.xTaskIncrementTick)
    xTaskResumeAll                           0x08004f41   Thumb Code   182  tasks.o(i.xTaskResumeAll)
    F6x8                                     0x08005004   Data         552  oled.o(.constdata)
    F8X16                                    0x0800522c   Data        1520  oled.o(.constdata)
    AHBPrescTable                            0x08005a5c   Data          16  system_stm32f1xx.o(.constdata)
    APBPrescTable                            0x08005a6c   Data           8  system_stm32f1xx.o(.constdata)
    Region$$Table$$Base                      0x08005a7c   Number         0  anon$$obj.o(Region$$Table)
    Region$$Table$$Limit                     0x08005a9c   Number         0  anon$$obj.o(Region$$Table)
    RH                                       0x20000000   Data           4  aht20.o(.data)
    Temp                                     0x20000004   Data           4  aht20.o(.data)
    TIM1_Timeout_Flag                        0x20000008   Data           1  modbus.o(.data)
    SlaveAddress                             0x20000009   Data           1  modbus.o(.data)
    Modify_SlaveAdress_Flag                  0x2000000a   Data           1  modbus.o(.data)
    ModbusHandle                             0x20000010   Data           4  freertos.o(.data)
    pxMBFrameCBByteReceived                  0x20000034   Data           4  mb.o(.data)
    pxMBFrameCBTransmitterEmpty              0x20000038   Data           4  mb.o(.data)
    pxMBPortCBTimerExpired                   0x2000003c   Data           4  mb.o(.data)
    uwTickFreq                               0x200000d4   Data           1  stm32f1xx_hal.o(.data)
    uwTickPrio                               0x200000d8   Data           4  stm32f1xx_hal.o(.data)
    uwTick                                   0x200000dc   Data           4  stm32f1xx_hal.o(.data)
    SystemCoreClock                          0x200000e0   Data           4  system_stm32f1xx.o(.data)
    pxCurrentTCB                             0x200000e4   Data           4  tasks.o(.data)
    __stdout                                 0x2000014c   Data           4  stdout.o(.data)
    hadc1                                    0x200003a4   Data          48  adc.o(.bss)
    hi2c1                                    0x200003d4   Data          84  i2c.o(.bss)
    htim3                                    0x20000428   Data          72  tim.o(.bss)
    huart1                                   0x20000470   Data          72  usart.o(.bss)
    huart2                                   0x200004b8   Data          72  usart.o(.bss)
    htim1                                    0x20000500   Data          72  stm32f1xx_hal_timebase_tim.o(.bss)
    ucRTUBuf                                 0x20000568   Data         256  mbrtu.o(.bss)
    REG_HOLD_BUF                             0x20000668   Data          20  port.o(.bss)
    REG_INPUT_BUF                            0x2000067c   Data          20  port.o(.bss)
    __initial_sp                             0x20001780   Data           0  startup_stm32f103xb.o(STACK)



==============================================================================

Memory Map of the image

  Image Entry point : 0x080000ed

  Load Region LR_IROM1 (Base: 0x08000000, Size: 0x00005bec, Max: 0x00010000, ABSOLUTE, COMPRESSED[0x00005ad0])

    Execution Region ER_IROM1 (Exec base: 0x08000000, Load base: 0x08000000, Size: 0x00005a9c, Max: 0x00010000, ABSOLUTE)

    Exec Addr    Load Addr    Size         Type   Attr      Idx    E Section Name        Object

    0x08000000   0x08000000   0x000000ec   Data   RO            3    RESET               startup_stm32f103xb.o
    0x080000ec   0x080000ec   0x00000000   Code   RO         5727  * .ARM.Collect$$$$00000000  mc_w.l(entry.o)
    0x080000ec   0x080000ec   0x00000004   Code   RO         6023    .ARM.Collect$$$$00000001  mc_w.l(entry2.o)
    0x080000f0   0x080000f0   0x00000004   Code   RO         6026    .ARM.Collect$$$$00000004  mc_w.l(entry5.o)
    0x080000f4   0x080000f4   0x00000000   Code   RO         6028    .ARM.Collect$$$$00000008  mc_w.l(entry7b.o)
    0x080000f4   0x080000f4   0x00000000   Code   RO         6030    .ARM.Collect$$$$0000000A  mc_w.l(entry8b.o)
    0x080000f4   0x080000f4   0x00000008   Code   RO         6031    .ARM.Collect$$$$0000000B  mc_w.l(entry9a.o)
    0x080000fc   0x080000fc   0x00000000   Code   RO         6033    .ARM.Collect$$$$0000000D  mc_w.l(entry10a.o)
    0x080000fc   0x080000fc   0x00000000   Code   RO         6035    .ARM.Collect$$$$0000000F  mc_w.l(entry11a.o)
    0x080000fc   0x080000fc   0x00000004   Code   RO         6024    .ARM.Collect$$$$00002712  mc_w.l(entry2.o)
    0x08000100   0x08000100   0x00000096   Code   RO         5650    .emb_text           port_1.o
    0x08000196   0x08000196   0x00000002   PAD
    0x08000198   0x08000198   0x00000024   Code   RO            4    .text               startup_stm32f103xb.o
    0x080001bc   0x080001bc   0x00000020   Code   RO         5730    .text               mc_w.l(llushr.o)
    0x080001dc   0x080001dc   0x00000024   Code   RO         5734    .text               mc_w.l(memcpya.o)
    0x08000200   0x08000200   0x00000024   Code   RO         5738    .text               mc_w.l(memseta.o)
    0x08000224   0x08000224   0x00000064   Code   RO         6003    .text               mf_w.l(fmul.o)
    0x08000288   0x08000288   0x0000007c   Code   RO         6005    .text               mf_w.l(fdiv.o)
    0x08000304   0x08000304   0x0000014e   Code   RO         6007    .text               mf_w.l(dadd.o)
    0x08000452   0x08000452   0x000000e4   Code   RO         6009    .text               mf_w.l(dmul.o)
    0x08000536   0x08000536   0x000000de   Code   RO         6011    .text               mf_w.l(ddiv.o)
    0x08000614   0x08000614   0x0000002e   Code   RO         6013    .text               mf_w.l(dscalb.o)
    0x08000642   0x08000642   0x0000000a   Code   RO         6015    .text               mf_w.l(ffltui.o)
    0x0800064c   0x0800064c   0x0000001a   Code   RO         6017    .text               mf_w.l(dfltui.o)
    0x08000666   0x08000666   0x00000028   Code   RO         6019    .text               mf_w.l(ffixui.o)
    0x0800068e   0x0800068e   0x00000038   Code   RO         6021    .text               mf_w.l(d2f.o)
    0x080006c6   0x080006c6   0x0000002c   Code   RO         6038    .text               mc_w.l(uidiv.o)
    0x080006f2   0x080006f2   0x0000001e   Code   RO         6042    .text               mc_w.l(llshl.o)
    0x08000710   0x08000710   0x00000024   Code   RO         6044    .text               mc_w.l(llsshr.o)
    0x08000734   0x08000734   0x00000000   Code   RO         6046    .text               mc_w.l(iusefp.o)
    0x08000734   0x08000734   0x0000006e   Code   RO         6047    .text               mf_w.l(fepilogue.o)
    0x080007a2   0x080007a2   0x000000ba   Code   RO         6049    .text               mf_w.l(depilogue.o)
    0x0800085c   0x0800085c   0x00000024   Code   RO         6055    .text               mc_w.l(init.o)
    0x08000880   0x08000880   0x00000056   Code   RO         6065    .text               mc_w.l(__dczerorl2.o)
    0x080008d6   0x080008d6   0x00000002   PAD
    0x080008d8   0x080008d8   0x00000056   Code   RO         2348    i.ADC_ConversionStop_Disable  stm32f1xx_hal_adc.o
    0x0800092e   0x0800092e   0x00000002   PAD
    0x08000930   0x08000930   0x0000007c   Code   RO         2352    i.ADC_Enable        stm32f1xx_hal_adc.o
    0x080009ac   0x080009ac   0x00000128   Code   RO          588    i.ADC_VR_CPU_Read   adc.o
    0x08000ad4   0x08000ad4   0x0000002c   Code   RO           13    i.AHT20_DeInit      aht20.o
    0x08000b00   0x08000b00   0x00000040   Code   RO           14    i.AHT20_Init        aht20.o
    0x08000b40   0x08000b40   0x00000038   Code   RO           15    i.AHT20_Read        aht20.o
    0x08000b78   0x08000b78   0x000000fc   Code   RO           16    i.AHT20_ReadData    aht20.o
    0x08000c74   0x08000c74   0x00000020   Code   RO           17    i.AHT20_Read_Status  aht20.o
    0x08000c94   0x08000c94   0x00000020   Code   RO          490    i.BEEP_Control      gpio.o
    0x08000cb4   0x08000cb4   0x00000002   Code   RO          782    i.BusFault_Handler  stm32f1xx_it.o
    0x08000cb6   0x08000cb6   0x00000002   Code   RO          783    i.DebugMon_Handler  stm32f1xx_it.o
    0x08000cb8   0x08000cb8   0x00000004   Code   RO          397    i.Error_Handler     main.o
    0x08000cbc   0x08000cbc   0x000000d8   Code   RO         2528    i.HAL_ADCEx_Calibration_Start  stm32f1xx_hal_adc_ex.o
    0x08000d94   0x08000d94   0x000000fc   Code   RO         2354    i.HAL_ADC_ConfigChannel  stm32f1xx_hal_adc.o
    0x08000e90   0x08000e90   0x00000006   Code   RO         2361    i.HAL_ADC_GetValue  stm32f1xx_hal_adc.o
    0x08000e96   0x08000e96   0x00000002   PAD
    0x08000e98   0x08000e98   0x0000011c   Code   RO         2363    i.HAL_ADC_Init      stm32f1xx_hal_adc.o
    0x08000fb4   0x08000fb4   0x00000058   Code   RO          590    i.HAL_ADC_MspInit   adc.o
    0x0800100c   0x0800100c   0x0000013c   Code   RO         2367    i.HAL_ADC_PollForConversion  stm32f1xx_hal_adc.o
    0x08001148   0x08001148   0x000000c0   Code   RO         2369    i.HAL_ADC_Start     stm32f1xx_hal_adc.o
    0x08001208   0x08001208   0x00000024   Code   RO         2631    i.HAL_Delay         stm32f1xx_hal.o
    0x0800122c   0x0800122c   0x000001e0   Code   RO         2941    i.HAL_GPIO_Init     stm32f1xx_hal_gpio.o
    0x0800140c   0x0800140c   0x0000000a   Code   RO         2945    i.HAL_GPIO_WritePin  stm32f1xx_hal_gpio.o
    0x08001416   0x08001416   0x00000002   PAD
    0x08001418   0x08001418   0x0000000c   Code   RO         2635    i.HAL_GetTick       stm32f1xx_hal.o
    0x08001424   0x08001424   0x00000188   Code   RO         3612    i.HAL_I2C_Init      stm32f1xx_hal_i2c.o
    0x080015ac   0x080015ac   0x00000250   Code   RO         3618    i.HAL_I2C_Master_Receive  stm32f1xx_hal_i2c.o
    0x080017fc   0x080017fc   0x0000012c   Code   RO         3625    i.HAL_I2C_Master_Transmit  stm32f1xx_hal_i2c.o
    0x08001928   0x08001928   0x0000025c   Code   RO         3630    i.HAL_I2C_Mem_Read  stm32f1xx_hal_i2c.o
    0x08001b84   0x08001b84   0x00000130   Code   RO         3633    i.HAL_I2C_Mem_Write  stm32f1xx_hal_i2c.o
    0x08001cb4   0x08001cb4   0x0000005c   Code   RO          637    i.HAL_I2C_MspInit   i2c.o
    0x08001d10   0x08001d10   0x00000010   Code   RO         2641    i.HAL_IncTick       stm32f1xx_hal.o
    0x08001d20   0x08001d20   0x00000024   Code   RO         2642    i.HAL_Init          stm32f1xx_hal.o
    0x08001d44   0x08001d44   0x0000008c   Code   RO          870    i.HAL_InitTick      stm32f1xx_hal_timebase_tim.o
    0x08001dd0   0x08001dd0   0x00000048   Code   RO          846    i.HAL_MspInit       stm32f1xx_hal_msp.o
    0x08001e18   0x08001e18   0x0000001a   Code   RO         3101    i.HAL_NVIC_EnableIRQ  stm32f1xx_hal_cortex.o
    0x08001e32   0x08001e32   0x00000002   PAD
    0x08001e34   0x08001e34   0x00000040   Code   RO         3107    i.HAL_NVIC_SetPriority  stm32f1xx_hal_cortex.o
    0x08001e74   0x08001e74   0x00000024   Code   RO         3108    i.HAL_NVIC_SetPriorityGrouping  stm32f1xx_hal_cortex.o
    0x08001e98   0x08001e98   0x000000a4   Code   RO         2902    i.HAL_RCCEx_GetPeriphCLKFreq  stm32f1xx_hal_rcc_ex.o
    0x08001f3c   0x08001f3c   0x000000ec   Code   RO         2903    i.HAL_RCCEx_PeriphCLKConfig  stm32f1xx_hal_rcc_ex.o
    0x08002028   0x08002028   0x0000012c   Code   RO         2799    i.HAL_RCC_ClockConfig  stm32f1xx_hal_rcc.o
    0x08002154   0x08002154   0x00000040   Code   RO         2803    i.HAL_RCC_GetClockConfig  stm32f1xx_hal_rcc.o
    0x08002194   0x08002194   0x00000020   Code   RO         2806    i.HAL_RCC_GetPCLK1Freq  stm32f1xx_hal_rcc.o
    0x080021b4   0x080021b4   0x00000020   Code   RO         2807    i.HAL_RCC_GetPCLK2Freq  stm32f1xx_hal_rcc.o
    0x080021d4   0x080021d4   0x0000004c   Code   RO         2808    i.HAL_RCC_GetSysClockFreq  stm32f1xx_hal_rcc.o
    0x08002220   0x08002220   0x00000320   Code   RO         2811    i.HAL_RCC_OscConfig  stm32f1xx_hal_rcc.o
    0x08002540   0x08002540   0x00000002   Code   RO         2081    i.HAL_TIMEx_BreakCallback  stm32f1xx_hal_tim_ex.o
    0x08002542   0x08002542   0x00000002   Code   RO         2082    i.HAL_TIMEx_CommutCallback  stm32f1xx_hal_tim_ex.o
    0x08002544   0x08002544   0x00000068   Code   RO         2100    i.HAL_TIMEx_MasterConfigSynchronization  stm32f1xx_hal_tim_ex.o
    0x080025ac   0x080025ac   0x0000005a   Code   RO         1377    i.HAL_TIM_Base_Init  stm32f1xx_hal_tim.o
    0x08002606   0x08002606   0x00000002   PAD
    0x08002608   0x08002608   0x0000003c   Code   RO          682    i.HAL_TIM_Base_MspInit  tim.o
    0x08002644   0x08002644   0x00000058   Code   RO         1382    i.HAL_TIM_Base_Start_IT  stm32f1xx_hal_tim.o
    0x0800269c   0x0800269c   0x000000dc   Code   RO         1386    i.HAL_TIM_ConfigClockSource  stm32f1xx_hal_tim.o
    0x08002778   0x08002778   0x00000002   Code   RO         1411    i.HAL_TIM_IC_CaptureCallback  stm32f1xx_hal_tim.o
    0x0800277a   0x0800277a   0x00000130   Code   RO         1425    i.HAL_TIM_IRQHandler  stm32f1xx_hal_tim.o
    0x080028aa   0x080028aa   0x00000002   Code   RO         1428    i.HAL_TIM_OC_DelayElapsedCallback  stm32f1xx_hal_tim.o
    0x080028ac   0x080028ac   0x00000002   Code   RO         1455    i.HAL_TIM_PWM_PulseFinishedCallback  stm32f1xx_hal_tim.o
    0x080028ae   0x080028ae   0x00000002   PAD
    0x080028b0   0x080028b0   0x0000003c   Code   RO          398    i.HAL_TIM_PeriodElapsedCallback  main.o
    0x080028ec   0x080028ec   0x00000002   Code   RO         1468    i.HAL_TIM_TriggerCallback  stm32f1xx_hal_tim.o
    0x080028ee   0x080028ee   0x00000064   Code   RO         4068    i.HAL_UART_Init     stm32f1xx_hal_uart.o
    0x08002952   0x08002952   0x00000002   PAD
    0x08002954   0x08002954   0x000000cc   Code   RO          724    i.HAL_UART_MspInit  usart.o
    0x08002a20   0x08002a20   0x000000a0   Code   RO         4076    i.HAL_UART_Transmit  stm32f1xx_hal_uart.o
    0x08002ac0   0x08002ac0   0x00000002   Code   RO          784    i.HardFault_Handler  stm32f1xx_it.o
    0x08002ac2   0x08002ac2   0x0000002e   Code   RO         3655    i.I2C_IsAcknowledgeFailed  stm32f1xx_hal_i2c.o
    0x08002af0   0x08002af0   0x000000ec   Code   RO         3658    i.I2C_MasterRequestRead  stm32f1xx_hal_i2c.o
    0x08002bdc   0x08002bdc   0x0000009c   Code   RO         3659    i.I2C_MasterRequestWrite  stm32f1xx_hal_i2c.o
    0x08002c78   0x08002c78   0x000000fc   Code   RO         3665    i.I2C_RequestMemoryRead  stm32f1xx_hal_i2c.o
    0x08002d74   0x08002d74   0x000000a8   Code   RO         3666    i.I2C_RequestMemoryWrite  stm32f1xx_hal_i2c.o
    0x08002e1c   0x08002e1c   0x00000056   Code   RO         3670    i.I2C_WaitOnBTFFlagUntilTimeout  stm32f1xx_hal_i2c.o
    0x08002e72   0x08002e72   0x00000002   PAD
    0x08002e74   0x08002e74   0x00000090   Code   RO         3671    i.I2C_WaitOnFlagUntilTimeout  stm32f1xx_hal_i2c.o
    0x08002f04   0x08002f04   0x000000bc   Code   RO         3672    i.I2C_WaitOnMasterAddressFlagUntilTimeout  stm32f1xx_hal_i2c.o
    0x08002fc0   0x08002fc0   0x00000070   Code   RO         3673    i.I2C_WaitOnRXNEFlagUntilTimeout  stm32f1xx_hal_i2c.o
    0x08003030   0x08003030   0x00000056   Code   RO         3674    i.I2C_WaitOnTXEFlagUntilTimeout  stm32f1xx_hal_i2c.o
    0x08003086   0x08003086   0x00000002   PAD
    0x08003088   0x08003088   0x0000004c   Code   RO          179    i.INA226_Init       ina226.o
    0x080030d4   0x080030d4   0x00000080   Code   RO          180    i.INA226_Read       ina226.o
    0x08003154   0x08003154   0x00000038   Code   RO          181    i.INA226_Read_Bus_Voltage  ina226.o
    0x0800318c   0x0800318c   0x00000038   Code   RO          182    i.INA226_Read_Current  ina226.o
    0x080031c4   0x080031c4   0x00000038   Code   RO          183    i.INA226_Read_Pow   ina226.o
    0x080031fc   0x080031fc   0x00000030   Code   RO          491    i.LED_Control       gpio.o
    0x0800322c   0x0800322c   0x00000054   Code   RO          591    i.MX_ADC1_Init      adc.o
    0x08003280   0x08003280   0x00000028   Code   RO          538    i.MX_FREERTOS_Init  freertos.o
    0x080032a8   0x080032a8   0x000000cc   Code   RO          492    i.MX_GPIO_Init      gpio.o
    0x08003374   0x08003374   0x00000040   Code   RO          638    i.MX_I2C1_Init      i2c.o
    0x080033b4   0x080033b4   0x00000068   Code   RO          683    i.MX_TIM3_Init      tim.o
    0x0800341c   0x0800341c   0x00000038   Code   RO          725    i.MX_USART1_UART_Init  usart.o
    0x08003454   0x08003454   0x00000038   Code   RO          726    i.MX_USART2_UART_Init  usart.o
    0x0800348c   0x0800348c   0x00000002   Code   RO          785    i.MemManage_Handler  stm32f1xx_it.o
    0x0800348e   0x0800348e   0x00000014   Code   RO          539    i.ModbusTask        freertos.o
    0x080034a2   0x080034a2   0x00000002   PAD
    0x080034a4   0x080034a4   0x00000048   Code   RO          237    i.Modbus_Init       modbus.o
    0x080034ec   0x080034ec   0x0000008c   Code   RO          238    i.Modbus_Parse      modbus.o
    0x08003578   0x08003578   0x00000002   Code   RO          786    i.NMI_Handler       stm32f1xx_it.o
    0x0800357a   0x0800357a   0x00000006   Code   RO          313    i.OLED_CLS          oled.o
    0x08003580   0x08003580   0x00000038   Code   RO          314    i.OLED_Fill         oled.o
    0x080035b8   0x080035b8   0x000000b4   Code   RO          315    i.OLED_Init         oled.o
    0x0800366c   0x0800366c   0x00000026   Code   RO          318    i.OLED_SetPos       oled.o
    0x08003692   0x08003692   0x00000002   PAD
    0x08003694   0x08003694   0x000000d8   Code   RO          320    i.OLED_ShowStr      oled.o
    0x0800376c   0x0800376c   0x00000020   Code   RO          493    i.RELAY_Control     gpio.o
    0x0800378c   0x0800378c   0x00000030   Code   RO          239    i.Read_SlaveAddress  modbus.o
    0x080037bc   0x080037bc   0x0000002c   Code   RO         5651    i.SysTick_Handler   port_1.o
    0x080037e8   0x080037e8   0x00000078   Code   RO          399    i.SystemClock_Config  main.o
    0x08003860   0x08003860   0x00000002   Code   RO         4402    i.SystemInit        system_stm32f1xx.o
    0x08003862   0x08003862   0x00000002   PAD
    0x08003864   0x08003864   0x0000000c   Code   RO          787    i.TIM1_UP_IRQHandler  stm32f1xx_it.o
    0x08003870   0x08003870   0x00000020   Code   RO         1297    i.TIM3_IRQHandler   porttimer.o
    0x08003890   0x08003890   0x00000078   Code   RO         1470    i.TIM_Base_SetConfig  stm32f1xx_hal_tim.o
    0x08003908   0x08003908   0x00000014   Code   RO         1481    i.TIM_ETR_SetConfig  stm32f1xx_hal_tim.o
    0x0800391c   0x0800391c   0x00000010   Code   RO         1482    i.TIM_ITRx_SetConfig  stm32f1xx_hal_tim.o
    0x0800392c   0x0800392c   0x00000022   Code   RO         1488    i.TIM_TI1_ConfigInputStage  stm32f1xx_hal_tim.o
    0x0800394e   0x0800394e   0x00000024   Code   RO         1490    i.TIM_TI2_ConfigInputStage  stm32f1xx_hal_tim.o
    0x08003972   0x08003972   0x0000004e   Code   RO         4091    i.UART_EndRxTransfer  stm32f1xx_hal_uart.o
    0x080039c0   0x080039c0   0x000000b8   Code   RO         4094    i.UART_SetConfig    stm32f1xx_hal_uart.o
    0x08003a78   0x08003a78   0x00000072   Code   RO         4097    i.UART_WaitOnFlagUntilTimeout  stm32f1xx_hal_uart.o
    0x08003aea   0x08003aea   0x00000002   PAD
    0x08003aec   0x08003aec   0x00000044   Code   RO         1246    i.USART2_IRQHandler  portserial.o
    0x08003b30   0x08003b30   0x00000002   Code   RO          788    i.UsageFault_Handler  stm32f1xx_it.o
    0x08003b32   0x08003b32   0x00000002   PAD
    0x08003b34   0x08003b34   0x00000024   Code   RO          321    i.WriteCmd          oled.o
    0x08003b58   0x08003b58   0x00000024   Code   RO          322    i.WriteDat          oled.o
    0x08003b7c   0x08003b7c   0x00000028   Code   RO          240    i.Write_SlaveAddress  modbus.o
    0x08003ba4   0x08003ba4   0x00000020   Code   RO         5787    i.__0printf$1       mc_w.l(printf1.o)
    0x08003bc4   0x08003bc4   0x00000020   Code   RO         3114    i.__NVIC_SetPriority  stm32f1xx_hal_cortex.o
    0x08003be4   0x08003be4   0x0000000e   Code   RO         6059    i.__scatterload_copy  mc_w.l(handlers.o)
    0x08003bf2   0x08003bf2   0x00000002   Code   RO         6060    i.__scatterload_null  mc_w.l(handlers.o)
    0x08003bf4   0x08003bf4   0x0000000e   Code   RO         6061    i.__scatterload_zeroinit  mc_w.l(handlers.o)
    0x08003c02   0x08003c02   0x00000002   PAD
    0x08003c04   0x08003c04   0x00000154   Code   RO         5794    i._printf_core      mc_w.l(printf1.o)
    0x08003d58   0x08003d58   0x00000020   Code   RO          906    i.eMBClose          mb.o
    0x08003d78   0x08003d78   0x00000020   Code   RO          907    i.eMBDisable        mb.o
    0x08003d98   0x08003d98   0x00000020   Code   RO          908    i.eMBEnable         mb.o
    0x08003db8   0x08003db8   0x0000005e   Code   RO         1022    i.eMBFuncReadHoldingRegister  mbfuncholding.o
    0x08003e16   0x08003e16   0x0000009c   Code   RO         1023    i.eMBFuncReadWriteMultipleHoldingRegister  mbfuncholding.o
    0x08003eb2   0x08003eb2   0x00000002   PAD
    0x08003eb4   0x08003eb4   0x00000024   Code   RO         1058    i.eMBFuncReportSlaveID  mbfuncother.o
    0x08003ed8   0x08003ed8   0x00000032   Code   RO         1024    i.eMBFuncWriteHoldingRegister  mbfuncholding.o
    0x08003f0a   0x08003f0a   0x0000004e   Code   RO         1025    i.eMBFuncWriteMultipleHoldingRegister  mbfuncholding.o
    0x08003f58   0x08003f58   0x00000084   Code   RO          909    i.eMBInit           mb.o
    0x08003fdc   0x08003fdc   0x000000b8   Code   RO          910    i.eMBPoll           mb.o
    0x08004094   0x08004094   0x0000003c   Code   RO         1079    i.eMBRTUInit        mbrtu.o
    0x080040d0   0x080040d0   0x00000050   Code   RO         1080    i.eMBRTUReceive     mbrtu.o
    0x08004120   0x08004120   0x00000058   Code   RO         1081    i.eMBRTUSend        mbrtu.o
    0x08004178   0x08004178   0x0000001c   Code   RO         1082    i.eMBRTUStart       mbrtu.o
    0x08004194   0x08004194   0x00000012   Code   RO         1083    i.eMBRTUStop        mbrtu.o
    0x080041a6   0x080041a6   0x00000002   PAD
    0x080041a8   0x080041a8   0x00000068   Code   RO         1169    i.eMBRegHoldingCB   port.o
    0x08004210   0x08004210   0x00000018   Code   RO          727    i.fputc             usart.o
    0x08004228   0x08004228   0x00000088   Code   RO          400    i.main              main.o
    0x080042b0   0x080042b0   0x0000000c   Code   RO         5216    i.makeFreeRtosPriority  cmsis_os.o
    0x080042bc   0x080042bc   0x0000000e   Code   RO         5218    i.osDelay           cmsis_os.o
    0x080042ca   0x080042ca   0x0000000a   Code   RO         5221    i.osKernelStart     cmsis_os.o
    0x080042d4   0x080042d4   0x00000054   Code   RO         5255    i.osThreadCreate    cmsis_os.o
    0x08004328   0x08004328   0x00000070   Code   RO         4898    i.prvAddCurrentTaskToDelayedList  tasks.o
    0x08004398   0x08004398   0x000000d0   Code   RO         4899    i.prvAddNewTaskToReadyList  tasks.o
    0x08004468   0x08004468   0x00000034   Code   RO         4900    i.prvDeleteTCB      tasks.o
    0x0800449c   0x0800449c   0x0000004c   Code   RO         5583    i.prvHeapInit       heap_4.o
    0x080044e8   0x080044e8   0x00000060   Code   RO         4901    i.prvIdleTask       tasks.o
    0x08004548   0x08004548   0x00000098   Code   RO         4902    i.prvInitialiseNewTask  tasks.o
    0x080045e0   0x080045e0   0x0000004c   Code   RO         5584    i.prvInsertBlockIntoFreeList  heap_4.o
    0x0800462c   0x0800462c   0x00000020   Code   RO         4903    i.prvResetNextTaskUnblockTime  tasks.o
    0x0800464c   0x0800464c   0x00000028   Code   RO         5652    i.prvTaskExitError  port_1.o
    0x08004674   0x08004674   0x00000018   Code   RO         1140    i.prveMBError2Exception  mbutils.o
    0x0800468c   0x0800468c   0x000000dc   Code   RO         5585    i.pvPortMalloc      heap_4.o
    0x08004768   0x08004768   0x00000024   Code   RO         5653    i.pxPortInitialiseStack  port_1.o
    0x0800478c   0x0800478c   0x0000002c   Code   RO          986    i.usMBCRC16         mbcrc.o
    0x080047b8   0x080047b8   0x00000026   Code   RO         4537    i.uxListRemove      list.o
    0x080047de   0x080047de   0x00000002   PAD
    0x080047e0   0x080047e0   0x00000014   Code   RO          540    i.vApplicationGetIdleTaskMemory  freertos.o
    0x080047f4   0x080047f4   0x00000016   Code   RO         4538    i.vListInitialise   list.o
    0x0800480a   0x0800480a   0x00000006   Code   RO         4539    i.vListInitialiseItem  list.o
    0x08004810   0x08004810   0x00000030   Code   RO         4540    i.vListInsert       list.o
    0x08004840   0x08004840   0x00000018   Code   RO         4541    i.vListInsertEnd    list.o
    0x08004858   0x08004858   0x00000054   Code   RO         1247    i.vMBPortSerialEnable  portserial.o
    0x080048ac   0x080048ac   0x00000024   Code   RO         1327    i.vMBPortTimersDisable  porttimer.o
    0x080048d0   0x080048d0   0x00000018   Code   RO         1321    i.vMBPortTimersEnable  porttimer.o
    0x080048e8   0x080048e8   0x00000040   Code   RO         5655    i.vPortEnterCritical  port_1.o
    0x08004928   0x08004928   0x00000028   Code   RO         5656    i.vPortExitCritical  port_1.o
    0x08004950   0x08004950   0x00000064   Code   RO         5586    i.vPortFree         heap_4.o
    0x080049b4   0x080049b4   0x00000024   Code   RO         5657    i.vPortSetupTimerInterrupt  port_1.o
    0x080049d8   0x080049d8   0x0000004c   Code   RO         4912    i.vTaskDelay        tasks.o
    0x08004a24   0x08004a24   0x0000006c   Code   RO         4925    i.vTaskStartScheduler  tasks.o
    0x08004a90   0x08004a90   0x00000010   Code   RO         4927    i.vTaskSuspendAll   tasks.o
    0x08004aa0   0x08004aa0   0x0000005c   Code   RO         4928    i.vTaskSwitchContext  tasks.o
    0x08004afc   0x08004afc   0x0000001c   Code   RO         1217    i.xMBPortEventGet   portevent.o
    0x08004b18   0x08004b18   0x00000010   Code   RO         1218    i.xMBPortEventInit  portevent.o
    0x08004b28   0x08004b28   0x00000010   Code   RO         1219    i.xMBPortEventPost  portevent.o
    0x08004b38   0x08004b38   0x00000010   Code   RO         1248    i.xMBPortSerialGetByte  portserial.o
    0x08004b48   0x08004b48   0x00000050   Code   RO         1249    i.xMBPortSerialInit  portserial.o
    0x08004b98   0x08004b98   0x0000000c   Code   RO         1250    i.xMBPortSerialPutByte  portserial.o
    0x08004ba4   0x08004ba4   0x00000074   Code   RO         1298    i.xMBPortTimersInit  porttimer.o
    0x08004c18   0x08004c18   0x00000068   Code   RO         1084    i.xMBRTUReceiveFSM  mbrtu.o
    0x08004c80   0x08004c80   0x00000040   Code   RO         1085    i.xMBRTUTimerT35Expired  mbrtu.o
    0x08004cc0   0x08004cc0   0x0000005c   Code   RO         1086    i.xMBRTUTransmitFSM  mbrtu.o
    0x08004d1c   0x08004d1c   0x000000a8   Code   RO         5659    i.xPortStartScheduler  port_1.o
    0x08004dc4   0x08004dc4   0x0000005a   Code   RO         4931    i.xTaskCreate       tasks.o
    0x08004e1e   0x08004e1e   0x00000056   Code   RO         4932    i.xTaskCreateStatic  tasks.o
    0x08004e74   0x08004e74   0x000000cc   Code   RO         4939    i.xTaskIncrementTick  tasks.o
    0x08004f40   0x08004f40   0x000000c4   Code   RO         4945    i.xTaskResumeAll    tasks.o
    0x08005004   0x08005004   0x00000818   Data   RO          323    .constdata          oled.o
    0x0800581c   0x0800581c   0x0000001c   Data   RO          542    .constdata          freertos.o
    0x08005838   0x08005838   0x00000200   Data   RO          987    .constdata          mbcrc.o
    0x08005a38   0x08005a38   0x00000012   Data   RO         2812    .constdata          stm32f1xx_hal_rcc.o
    0x08005a4a   0x08005a4a   0x00000012   Data   RO         2904    .constdata          stm32f1xx_hal_rcc_ex.o
    0x08005a5c   0x08005a5c   0x00000010   Data   RO         4403    .constdata          system_stm32f1xx.o
    0x08005a6c   0x08005a6c   0x00000008   Data   RO         4404    .constdata          system_stm32f1xx.o
    0x08005a74   0x08005a74   0x00000007   Data   RO          543    .conststring        freertos.o
    0x08005a7b   0x08005a7b   0x00000001   PAD
    0x08005a7c   0x08005a7c   0x00000020   Data   RO         6057    Region$$Table       anon$$obj.o


    Execution Region RW_IRAM1 (Exec base: 0x20000000, Load base: 0x08005a9c, Size: 0x00001780, Max: 0x00005000, ABSOLUTE, COMPRESSED[0x00000034])

    Exec Addr    Load Addr    Size         Type   Attr      Idx    E Section Name        Object

    0x20000000   COMPRESSED   0x00000008   Data   RW           18    .data               aht20.o
    0x20000008   COMPRESSED   0x00000003   Data   RW          241    .data               modbus.o
    0x2000000b   COMPRESSED   0x00000001   PAD
    0x2000000c   COMPRESSED   0x00000004   Data   RW          401    .data               main.o
    0x20000010   COMPRESSED   0x00000004   Data   RW          544    .data               freertos.o
    0x20000014   COMPRESSED   0x000000ac   Data   RW          912    .data               mb.o
    0x200000c0   COMPRESSED   0x00000002   Data   RW         1061    .data               mbfuncother.o
    0x200000c2   COMPRESSED   0x00000002   PAD
    0x200000c4   COMPRESSED   0x0000000c   Data   RW         1088    .data               mbrtu.o
    0x200000d0   COMPRESSED   0x00000002   Data   RW         1220    .data               portevent.o
    0x200000d2   COMPRESSED   0x00000002   PAD
    0x200000d4   COMPRESSED   0x0000000c   Data   RW         2649    .data               stm32f1xx_hal.o
    0x200000e0   COMPRESSED   0x00000004   Data   RW         4405    .data               system_stm32f1xx.o
    0x200000e4   COMPRESSED   0x0000003c   Data   RW         4948    .data               tasks.o
    0x20000120   COMPRESSED   0x00000020   Data   RW         5592    .data               heap_4.o
    0x20000140   COMPRESSED   0x0000000c   Data   RW         5660    .data               port_1.o
    0x2000014c   COMPRESSED   0x00000004   Data   RW         6037    .data               mc_w.l(stdout.o)
    0x20000150        -       0x00000254   Zero   RW          541    .bss                freertos.o
    0x200003a4        -       0x00000030   Zero   RW          592    .bss                adc.o
    0x200003d4        -       0x00000054   Zero   RW          639    .bss                i2c.o
    0x20000428        -       0x00000048   Zero   RW          684    .bss                tim.o
    0x20000470        -       0x00000090   Zero   RW          729    .bss                usart.o
    0x20000500        -       0x00000048   Zero   RW          873    .bss                stm32f1xx_hal_timebase_tim.o
    0x20000548        -       0x00000020   Zero   RW         1060    .bss                mbfuncother.o
    0x20000568        -       0x00000100   Zero   RW         1087    .bss                mbrtu.o
    0x20000668        -       0x00000028   Zero   RW         1171    .bss                port.o
    0x20000690        -       0x000000f0   Zero   RW         4947    .bss                tasks.o
    0x20000780        -       0x00000c00   Zero   RW         5591    .bss                heap_4.o
    0x20001380        -       0x00000400   Zero   RW            1    STACK               startup_stm32f103xb.o


==============================================================================

Image component sizes


      Code (inc. data)   RO Data    RW Data    ZI Data      Debug   Object Name

       468         64          0          0         48       2699   adc.o
       448         50          0          8          0     459090   aht20.o
       120          0          0          0          0      23633   cmsis_os.o
         0          0          0          0          0      15656   event_groups.o
        80         14         35          4        596       2639   freertos.o
       316         30          0          0          0       2736   gpio.o
       472         24          0         32       3072       7639   heap_4.o
       156         26          0          0         84       1873   i2c.o
       372         60          0          0          0       4842   ina226.o
       138          0          0          0          0       3662   list.o
       320         66          0          4          0      35188   main.o
       412         50          0        172          0      10136   mb.o
        44          4        512          0          0       1324   mbcrc.o
         0          0          0          0          0        697   mbfunccoils.o
       378          0          0          0          0       5171   mbfuncholding.o
        36         10          0          2         32       1415   mbfuncother.o
       534         48          0         12        256       6487   mbrtu.o
        24          0          0          0          0        640   mbutils.o
       300         46          0          3          0       3279   modbus.o
       568         16       2072          0          0       5371   oled.o
       104         10          0          0         40       1786   port.o
       578         60          0         12          0      10740   port_1.o
        60         14          0          2          0       2288   portevent.o
       260         40          0          0          0       3608   portserial.o
       208         26          0          0          0       2771   porttimer.o
        36          8        236          0       1024        848   startup_stm32f103xb.o
       100         18          0         12          0       5558   stm32f1xx_hal.o
      1260         54          0          0          0       6884   stm32f1xx_hal_adc.o
       216          6          0          0          0       1526   stm32f1xx_hal_adc_ex.o
       158         14          0          0          0      28410   stm32f1xx_hal_cortex.o
       490         34          0          0          0       3024   stm32f1xx_hal_gpio.o
      3666         94          0          0          0      18393   stm32f1xx_hal_i2c.o
        72         10          0          0          0        962   stm32f1xx_hal_msp.o
      1304         94         18          0          0       6049   stm32f1xx_hal_rcc.o
       400         28         18          0          0       2605   stm32f1xx_hal_rcc_ex.o
       936         24          0          0          0      10477   stm32f1xx_hal_tim.o
       108         12          0          0          0       2581   stm32f1xx_hal_tim_ex.o
       140         22          0          0         72       1559   stm32f1xx_hal_timebase_tim.o
       636          6          0          0          0       4912   stm32f1xx_hal_uart.o
        24          6          0          0          0       3342   stm32f1xx_it.o
         0          0          0          0          0        384   stream_buffer.o
         2          0         24          4          0       1251   system_stm32f1xx.o
      1520        112          0         60        240      19822   tasks.o
       164         20          0          0         72       1842   tim.o
       340         38          0          0        144       3250   usart.o

    ----------------------------------------------------------------------
     18004       1258       2948        332       5680     739049   Object Totals
         0          0         32          0          0          0   (incl. Generated)
        36          0          1          5          0          0   (incl. Padding)

    ----------------------------------------------------------------------

      Code (inc. data)   RO Data    RW Data    ZI Data      Debug   Library Member Name

        86          0          0          0          0          0   __dczerorl2.o
         0          0          0          0          0          0   entry.o
         0          0          0          0          0          0   entry10a.o
         0          0          0          0          0          0   entry11a.o
         8          4          0          0          0          0   entry2.o
         4          0          0          0          0          0   entry5.o
         0          0          0          0          0          0   entry7b.o
         0          0          0          0          0          0   entry8b.o
         8          4          0          0          0          0   entry9a.o
        30          0          0          0          0          0   handlers.o
        36          8          0          0          0         68   init.o
         0          0          0          0          0          0   iusefp.o
        30          0          0          0          0         68   llshl.o
        36          0          0          0          0         68   llsshr.o
        32          0          0          0          0         68   llushr.o
        36          0          0          0          0         68   memcpya.o
        36          0          0          0          0        108   memseta.o
       372         14          0          0          0        184   printf1.o
         0          0          0          4          0          0   stdout.o
        44          0          0          0          0         80   uidiv.o
        56          0          0          0          0         88   d2f.o
       334          0          0          0          0        148   dadd.o
       222          0          0          0          0        100   ddiv.o
       186          0          0          0          0        176   depilogue.o
        26          0          0          0          0         76   dfltui.o
       228          0          0          0          0         96   dmul.o
        46          0          0          0          0         80   dscalb.o
       124          0          0          0          0         88   fdiv.o
       110          0          0          0          0        168   fepilogue.o
        40          0          0          0          0         68   ffixui.o
        10          0          0          0          0         68   ffltui.o
       100          0          0          0          0         76   fmul.o

    ----------------------------------------------------------------------
      2244         30          0          4          0       1944   Library Totals
         4          0          0          0          0          0   (incl. Padding)

    ----------------------------------------------------------------------

      Code (inc. data)   RO Data    RW Data    ZI Data      Debug   Library Name

       758         30          0          4          0        712   mc_w.l
      1482          0          0          0          0       1232   mf_w.l

    ----------------------------------------------------------------------
      2244         30          0          4          0       1944   Library Totals

    ----------------------------------------------------------------------

==============================================================================


      Code (inc. data)   RO Data    RW Data    ZI Data      Debug   

     20248       1288       2948        336       5680     730877   Grand Totals
     20248       1288       2948         52       5680     730877   ELF Image Totals (compressed)
     20248       1288       2948         52          0          0   ROM Totals

==============================================================================

    Total RO  Size (Code + RO Data)                23196 (  22.65kB)
    Total RW  Size (RW Data + ZI Data)              6016 (   5.88kB)
    Total ROM Size (Code + RO Data + RW Data)      23248 (  22.70kB)

==============================================================================

